W/ViewRootImpl(11040): Dropping event due to no window focus: KeyEvent { action=ACTION_DOWN, keyCode=KEYCODE_DPAD_RIGHT, scanCode=0, metaState=0, flags=0x400, repeatCount=0, eventTime=142217671, downTime=142217671, deviceId=-1, source=0x101 }
D/dalvikvm(27893): GC_CONCURRENT freed 191K, 13% free 2812K/3196K, paused 3ms+1ms, total 19ms
W/ViewRootImpl(11040): Dropping event due to no window focus: KeyEvent { action=ACTION_DOWN, keyCode=KEYCODE_DPAD_RIGHT, scanCode=0, metaState=0, flags=0x400, repeatCount=0, eventTime=142217671, downTime=142217671, deviceId=-1, source=0x101 }
W/ViewRootImpl(11040): Dropping event due to no window focus: KeyEvent { action=ACTION_DOWN, keyCode=KEYCODE_DPAD_RIGHT, scanCode=0, metaState=0, flags=0x400, repeatCount=0, eventTime=142217671, downTime=142217671, deviceId=-1, source=0x101 }
W/ViewRootImpl(11040): Dropping event due to no window focus: KeyEvent { action=ACTION_DOWN, keyCode=KEYCODE_DPAD_DOWN, scanCode=0, metaState=0, flags=0x8, repeatCount=0, eventTime=142217592, downTime=142217592, deviceId=-1, source=0x101 }
D/WindowManager( 2530):  new Focuscom.netease.qa.orangedemo/com.netease.qa.orangedemo.MainActivity
D/WindowManager( 2530): same orientatin win=Window{428b9fc8 u0 com.netease.qa.orangedemo/com.netease.qa.orangedemo.MainActivity}
D/libEGL  (27893): loaded /vendor/lib/egl/libEGL_POWERVR_SGX544_115.so
D/libEGL  (27893): loaded /vendor/lib/egl/libGLESv1_CM_POWERVR_SGX544_115.so
D/libEGL  (27893): loaded /vendor/lib/egl/libGLESv2_POWERVR_SGX544_115.so
I/        (27893): !@IMGSRV: DATE: 2013.05.22(18:30:23) | BUILDER: harpoon | [33mREVISION: 0db5d3529e1242f
V/PhoneStatusBar( 9330): setLightsOn(true)
D/OpenGLRenderer(27893): Enabling debug mode 0
I/ActivityManager( 2530): Start proc com.tencent.qqmusic:QQPlayerService for service com.tencent.qqmusic/com.tencent.qqmusicplayerprocess.servicenew.QQPlayerServiceNew: pid=27907 uid=10072 gids={50072, 3003, 1028, 1015, 1023, 3002}
W/Environment(27907): rawEmulatedStorageTarget is not empty
I/ActivityManager( 2530): Displayed com.netease.qa.orangedemo/.MainActivity: +378ms
E/Trace   (27907): error opening trace file: No such file or directory (2)
D/PhoneStatusBar( 9330): addNotification package =com.tencent.qqmusic
D/WindowManager( 2530):  new FocusAtchDlg:com.netease.qa.orangedemo/com.netease.qa.orangedemo.MainActivity
D/WindowManager( 2530): same orientatin win=Window{426d4000 u0 AtchDlg:com.netease.qa.orangedemo/com.netease.qa.orangedemo.MainActivity}
D/dalvikvm(27907): GC_CONCURRENT freed 165K, 11% free 2913K/3272K, paused 1ms+3ms, total 28ms
I/ActivityManager( 2530): START u0 {cmp=com.netease.qa.orangedemo/.ButtonActivity} from pid 27893
V/PhoneStatusBarView( 9330): Same background ff0d0d0d...no need to set again...return...
D/Activity(27893): mIntent: Intent { cmp=com.netease.qa.orangedemo/.ButtonActivity } mActivityInfo.applicationInfo.uid: 10074 mActivityInfo.packageName: com.netease.qa.orangedemo permission: 0
D/dalvikvm(27907): GC_CONCURRENT freed 135K, 10% free 3245K/3584K, paused 0ms+2ms, total 13ms
D/s       (27907): app#start-0|app start|<142218227766143>
D/dalvikvm(27893): GC_CONCURRENT freed 169K, 11% free 3109K/3480K, paused 2ms+1ms, total 13ms
D/Profiler(27907): perf.1_APP_APPLICATION.begin 1425970419366
D/dalvikvm(27893): GC_CONCURRENT freed 203K, 12% free 3340K/3772K, paused 1ms+2ms, total 10ms
D/dalvikvm(27893): WAIT_FOR_CONCURRENT_GC blocked 6ms
D/Profiler(27907): perf.1_APP_APPLICATION.public init over duration: 46.0
D/dalvikvm(27907): GC_CONCURRENT freed 236K, 12% free 3445K/3884K, paused 2ms+5ms, total 20ms
D/dalvikvm(27893): GC_FOR_ALLOC freed 159K, 15% free 3462K/4028K, paused 9ms, total 9ms
D/eup_step_upload(27907): rqdp{  create uphandler up:}false
D/eup_step_api(27907): rqdp{  eup create instance}
D/eup_step_api(27907): rqdp{  init cominfo}
I/eup     (27907): rqdp{  version:} 5.0.0.25
D/eup     (27907): rqdp{  AppInfo.getUUID() Start}
D/eup     (27907): rqdp{  AppInfo.getUUID() end}
I/eup     (27907): rqdp{  IMEI:}862845029705006
D/eup_step_api(27907): rqdp{  cus eupstrategy} [MSNum:10 ,Wifi:10,GPRS:3,ODay:10,isMerged:true,AfQ:false,Silent:true,mLog:300,tag:null,assert:false, interval:50, limit:60]
D/eup_step_api(27907): rqdp{  mid:}3 rqdp{  change user switch} true
D/dalvikvm(27907): Trying to load lib /data/app-lib/com.tencent.qqmusic-1/libNativeRQD.so 0x41190348
D/dalvikvm(27907): Added shared lib /data/app-lib/com.tencent.qqmusic-1/libNativeRQD.so 0x41190348
D/dalvikvm(27907): No JNI_OnLoad found in /data/app-lib/com.tencent.qqmusic-1/libNativeRQD.so 0x41190348, skipping init
I/eup     (27907): load lib sucess default!
W/eup     (27907): rqdp{  TombFilesCleanTask mDir == null || !mDir.exists() || !mDir.isDirectory() ,pls check!}
D/dalvikvm(27893): GC_FOR_ALLOC freed 64K, 14% free 3581K/4124K, paused 11ms, total 12ms
I/native_eup(27907): Java_com_tencent_feedback_eup_jni_NativeExceptionUpload_registNativeExceptionHandler2 start
I/native_eup(27907): JARJNIVERSION:1
I/native_eup(27907): found native exception upload!
I/native_eup(27907): found native exception handler!
I/native_eup(27907): regist handler start procType 1 , level 17 , tombDir:/storage/emulated/0/qqmusic/eup/
I/native_eup(27907): registSignal start
I/native_eup(27907): registSignal end
D/eup     (27907): rqdp{  FileDAO.query() start query name:}any rqdp{   , type}:1 rqdp{  , num:}-1 
D/eup     (27907): rqdp{  parse bean}
I/native_eup(27907): regist handler end
I/native_eup(27907): Java_com_tencent_feedback_eup_jni_NativeExceptionUpload_registNativeExceptionHandler end
I/native_eup(27907): NativeRQDVersion:nativeRqd.1.7.6
I/eup     (27907): jarV:1 nativeV:null
I/native_eup(27907): Java_com_tencent_feedback_eup_jni_NativeExceptionUpload_enableHandler start
I/native_eup(27907): Java_com_tencent_feedback_eup_jni_NativeExceptionUpload_enableHandler end
I/native_eup(27907): setLogMode 3 current 4
D/eup_step_db(27907): rqdp{  read strategy key:}300
D/Profiler(27907): perf.1_APP_APPLICATION.Play process init over duration: 88.0
D/Profiler(27907): perf.1_APP_APPLICATION.end duration: 88.0
D/eup     (27907): rqdp{  useSStrategy changed to} false
D/eup     (27907): rqdp{  upStrategy changed to} 3
D/eup     (27907): rqdp{  za changed:}2
D/eup     (27907): rqdp{  mid:}3 rqdp{  , need detail changed:}true 
D/eup     (27907): rqdp{  mid:}3 rqdp{  , enable} true
D/eup     (27907): rqdp{  mid:}5555 rqdp{  , enable} false
D/eup_step_api(27907): rqdp{  com strategy changed notify!}
D/eup_step_upload(27907): rqdp{  com strateyg changed }class com.tencent.feedback.eup.e
D/dalvikvm(27907): Note: class Lcom/tencent/qqmusicplayerprocess/servicenew/e; has 158 unimplemented (abstract) methods
D/eup_step_buffer(27907): rqdp{  module} 3 rqdp{  able changed }true
D/eup_step_api(27907): rqdp{ eup regist}
D/eup_step_db(27907): rqdp{  queryFile: n:}/data/data/com.tencent.qqmusic/lib/libupnp-jni.so rqdp{  , sha:}47264e04806cc0ff4accb8fe7f12142a3be5538a rqdp{  , tp:}1 rqdp{  ,arh:}armv7l
D/eup_step_db(27907): rqdp{  queryFile: n:}/data/data/com.tencent.qqmusic/lib/libckeygenerator.so rqdp{  , sha:}d64765284621f52ebf959291f5158a9442a2d0f5 rqdp{  , tp:}1 rqdp{  ,arh:}armv7l
D/eup_step_db(27907): rqdp{  queryFile: n:}/data/data/com.tencent.qqmusic/lib/libcftutils.so rqdp{  , sha:}62451f24e4678d673da7b5923ce5c01db5af4ae6 rqdp{  , tp:}1 rqdp{  ,arh:}armv7l
D/eup_step_db(27907): rqdp{  queryFile: n:}/data/data/com.tencent.qqmusic/lib/libMMANDKSignature.so rqdp{  , sha:}548fc332f1d7d7b27a10679f58cd874753e651ae rqdp{  , tp:}1 rqdp{  ,arh:}armv7l
D/eup_step_db(27907): rqdp{  queryFile: n:}/data/data/com.tencent.qqmusic/lib/libSongUrlFactory.so rqdp{  , sha:}372fe054c2427076f2970f8a446aaa8801846806 rqdp{  , tp:}1 rqdp{  ,arh:}armv7l
D/eup_step_db(27907): rqdp{  queryFile: n:}/data/data/com.tencent.qqmusic/lib/libPlayerCore_neon.so rqdp{  , sha:}1b4c439b70b0f86206cc6f0403f0271ee0003370 rqdp{  , tp:}1 rqdp{  ,arh:}armv7l
D/eup_step_db(27907): rqdp{  queryFile: n:}/data/data/com.tencent.qqmusic/lib/libpbpinyin.so rqdp{  , sha:}8671c35252282defa7f80e555b636fe91dc7e5d8 rqdp{  , tp:}1 rqdp{  ,arh:}armv7l
D/eup_step_db(27907): rqdp{  queryFile: n:}/data/data/com.tencent.qqmusic/lib/libfingerprintjni.so rqdp{  , sha:}13c223e315a7edd34ff27a48dfd82da8a508a3bf rqdp{  , tp:}1 rqdp{  ,arh:}armv7l
D/eup_step_db(27907): rqdp{  queryFile: n:}/data/data/com.tencent.qqmusic/lib/libfilescanner.so rqdp{  , sha:}5149cf09bf39fcd2dec24fc6e1e1b7111048e8be rqdp{  , tp:}1 rqdp{  ,arh:}armv7l
D/eup_step_db(27907): rqdp{  queryFile: n:}/data/data/com.tencent.qqmusic/lib/libmresearch.so rqdp{  , sha:}7399f79660db8aafd028113d65060480373813bd rqdp{  , tp:}1 rqdp{  ,arh:}armv7l
D/eup_step_db(27907): rqdp{  queryFile: n:}/data/data/com.tencent.qqmusic/lib/libexpress_verify.so rqdp{  , sha:}eeec00c57c65e578dfe14916ed1fe3a8cec3f146 rqdp{  , tp:}1 rqdp{  ,arh:}armv7l
D/eup_step_db(27907): rqdp{  queryFile: n:}/data/data/com.tencent.qqmusic/lib/libdesdecrypt.so rqdp{  , sha:}945d63ce54c8fce706811314eedd1090db91656d rqdp{  , tp:}1 rqdp{  ,arh:}armv7l
D/eup_step_db(27907): rqdp{  queryFile: n:}/data/data/com.tencent.qqmusic/lib/libTxCodec_neon.so rqdp{  , sha:}d4172e9e2967c9d2662e2257e14fd1686662e2c3 rqdp{  , tp:}1 rqdp{  ,arh:}armv7l
D/eup_step_db(27907): rqdp{  queryFile: n:}/data/data/com.tencent.qqmusic/lib/libsta_jni.so rqdp{  , sha:}691a6f45903be69572566f93e6d818bc439f7448 rqdp{  , tp:}1 rqdp{  ,arh:}armv7l
D/eup_step_db(27907): rqdp{  queryFile: n:}/data/data/com.tencent.qqmusic/lib/libQAFP.so rqdp{  , sha:}29601b6e6ea25f6247ae9094917413c1e63babb8 rqdp{  , tp:}1 rqdp{  ,arh:}armv7l
D/eup_step_db(27907): rqdp{  queryFile: n:}/data/data/com.tencent.qqmusic/lib/libckey.so rqdp{  , sha:}d800c5f033823b739b41a67cca48824c6822d7a1 rqdp{  , tp:}1 rqdp{  ,arh:}armv7l
D/eup_step_db(27907): rqdp{  queryFile: n:}/data/data/com.tencent.qqmusic/lib/libFormatDetector.so rqdp{  , sha:}ce98b51d1a1f882572e3acaa0039d4d1c1ddf143 rqdp{  , tp:}1 rqdp{  ,arh:}armv7l
D/eup_step_db(27907): rqdp{  queryFile: n:}/data/data/com.tencent.qqmusic/lib/libvad.so rqdp{  , sha:}ea891f09f33b0340fead5b0c7a87265804a3307c rqdp{  , tp:}1 rqdp{  ,arh:}armv7l
D/eup_step_api(27907): rqdp{  common strategy setted by history}
D/eup_step_api(27907): rqdp{  stepCheckApp}
D/eup_step_db(27907): rqdp{  queryFile: n:}/data/data/com.tencent.qqmusic/lib/libTUpdateService.so rqdp{  , sha:}da8492ebfd84b7aaa5665cd3ab3a0c7255e2116d rqdp{  , tp:}1 rqdp{  ,arh:}armv7l
D/eup_step_db(27907): rqdp{  queryFile: n:}/data/data/com.tencent.qqmusic/lib/libNativeRQD.so rqdp{  , sha:}bc75c6741fcfa4ffcc72674ef0e4f9fdbcb20769 rqdp{  , tp:}1 rqdp{  ,arh:}armv7l
D/eup_step_db(27907): rqdp{  queryFile: n:}/data/data/com.tencent.qqmusic/lib/libsearch.so rqdp{  , sha:}e329601c0d4d45c6187639336eca3a07bfacb0f0 rqdp{  , tp:}1 rqdp{  ,arh:}armv7l
D/eup_step_db(27907): rqdp{  queryFile: n:}/data/data/com.tencent.qqmusic/lib/libwtecdh.so rqdp{  , sha:}46bbacea04161f31157c361d5536fd9cab4b1c56 rqdp{  , tp:}1 rqdp{  ,arh:}armv7l
D/eup_step_db(27907): rqdp{  queryFile: n:}/data/data/com.tencent.qqmusic/lib/libWXVoice.so rqdp{  , sha:}52dd89487aea3289b5c06837f9d32c8496a31660 rqdp{  , tp:}1 rqdp{  ,arh:}armv7l
D/eup_step_db(27907): rqdp{  queryFile: n:}/data/data/com.tencent.qqmusic/lib/libtmfe30.so rqdp{  , sha:}bdaf4a86046b9a43948106f013e931857c689cd3 rqdp{  , tp:}1 rqdp{  ,arh:}armv7l
D/eup_step_buffer(27907): rqdp{  step }1
D/eup     (27907): rqdp{  FileDAO.query() end success} 24
D/eup_step_db(27907): rqdp{  queryFile result num } 24
D/eup_step_buffer(27907): rqdp{  BufFB existed n:}/data/data/com.tencent.qqmusic/lib/libupnp-jni.so ,ar:armv7l, md:47264e04806cc0ff4accb8fe7f12142a3be5538a ,ut:1425469278000
I/eup     (27907): rqdp{  version:} 5.0.0.25
D/eup     (27907): rqdp{  FileDAO.query() start query name:}/data/app/com.tencent.qqmusic-1.apk rqdp{   , type}:0 rqdp{  , num:}10 
D/eup_step_buffer(27907): rqdp{  BufFB existed n:}/data/data/com.tencent.qqmusic/lib/libckeygenerator.so ,ar:armv7l, md:d64765284621f52ebf959291f5158a9442a2d0f5 ,ut:1425472878000
D/eup_step_buffer(27907): rqdp{  BufFB existed n:}/data/data/com.tencent.qqmusic/lib/libcftutils.so ,ar:armv7l, md:62451f24e4678d673da7b5923ce5c01db5af4ae6 ,ut:1425472878000
D/eup_step_buffer(27907): rqdp{  BufFB existed n:}/data/data/com.tencent.qqmusic/lib/libMMANDKSignature.so ,ar:armv7l, md:548fc332f1d7d7b27a10679f58cd874753e651ae ,ut:1425472878000
D/eup_step_buffer(27907): rqdp{  BufFB existed n:}/data/data/com.tencent.qqmusic/lib/libSongUrlFactory.so ,ar:armv7l, md:372fe054c2427076f2970f8a446aaa8801846806 ,ut:1425472878000
D/eup_step_buffer(27907): rqdp{  BufFB existed n:}/data/data/com.tencent.qqmusic/lib/libPlayerCore_neon.so ,ar:armv7l, md:1b4c439b70b0f86206cc6f0403f0271ee0003370 ,ut:1425472878000
D/eup_step_buffer(27907): rqdp{  BufFB existed n:}/data/data/com.tencent.qqmusic/lib/libpbpinyin.so ,ar:armv7l, md:8671c35252282defa7f80e555b636fe91dc7e5d8 ,ut:1425472878000
D/eup_step_buffer(27907): rqdp{  BufFB existed n:}/data/data/com.tencent.qqmusic/lib/libfingerprintjni.so ,ar:armv7l, md:13c223e315a7edd34ff27a48dfd82da8a508a3bf ,ut:1425472878000
D/eup_step_buffer(27907): rqdp{  BufFB existed n:}/data/data/com.tencent.qqmusic/lib/libfilescanner.so ,ar:armv7l, md:5149cf09bf39fcd2dec24fc6e1e1b7111048e8be ,ut:1425472878000
D/eup_step_buffer(27907): rqdp{  BufFB existed n:}/data/data/com.tencent.qqmusic/lib/libmresearch.so ,ar:armv7l, md:7399f79660db8aafd028113d65060480373813bd ,ut:1425472878000
D/eup_step_buffer(27907): rqdp{  BufFB existed n:}/data/data/com.tencent.qqmusic/lib/libexpress_verify.so ,ar:armv7l, md:eeec00c57c65e578dfe14916ed1fe3a8cec3f146 ,ut:1425472878000
D/eup_step_buffer(27907): rqdp{  BufFB existed n:}/data/data/com.tencent.qqmusic/lib/libdesdecrypt.so ,ar:armv7l, md:945d63ce54c8fce706811314eedd1090db91656d ,ut:1425472878000
D/eup_step_buffer(27907): rqdp{  BufFB existed n:}/data/data/com.tencent.qqmusic/lib/libTxCodec_neon.so ,ar:armv7l, md:d4172e9e2967c9d2662e2257e14fd1686662e2c3 ,ut:1425472878000
D/eup_step_buffer(27907): rqdp{  BufFB existed n:}/data/data/com.tencent.qqmusic/lib/libsta_jni.so ,ar:armv7l, md:691a6f45903be69572566f93e6d818bc439f7448 ,ut:1425472878000
D/eup_step_buffer(27907): rqdp{  BufFB existed n:}/data/data/com.tencent.qqmusic/lib/libQAFP.so ,ar:armv7l, md:29601b6e6ea25f6247ae9094917413c1e63babb8 ,ut:1425472878000
D/eup_step_buffer(27907): rqdp{  BufFB existed n:}/data/data/com.tencent.qqmusic/lib/libckey.so ,ar:armv7l, md:d800c5f033823b739b41a67cca48824c6822d7a1 ,ut:1425472878000
D/eup_step_buffer(27907): rqdp{  BufFB existed n:}/data/data/com.tencent.qqmusic/lib/libFormatDetector.so ,ar:armv7l, md:ce98b51d1a1f882572e3acaa0039d4d1c1ddf143 ,ut:1425472878000
D/eup_step_buffer(27907): rqdp{  BufFB existed n:}/data/data/com.tencent.qqmusic/lib/libvad.so ,ar:armv7l, md:ea891f09f33b0340fead5b0c7a87265804a3307c ,ut:1425472878000
D/eup_step_buffer(27907): rqdp{  BufFB existed n:}/data/data/com.tencent.qqmusic/lib/libTUpdateService.so ,ar:armv7l, md:da8492ebfd84b7aaa5665cd3ab3a0c7255e2116d ,ut:1425472878000
D/eup_step_buffer(27907): rqdp{  BufFB existed n:}/data/data/com.tencent.qqmusic/lib/libNativeRQD.so ,ar:armv7l, md:bc75c6741fcfa4ffcc72674ef0e4f9fdbcb20769 ,ut:1425472878000
D/eup_step_buffer(27907): rqdp{  BufFB existed n:}/data/data/com.tencent.qqmusic/lib/libsearch.so ,ar:armv7l, md:e329601c0d4d45c6187639336eca3a07bfacb0f0 ,ut:1425472878000
D/eup_step_buffer(27907): rqdp{  BufFB existed n:}/data/data/com.tencent.qqmusic/lib/libwtecdh.so ,ar:armv7l, md:46bbacea04161f31157c361d5536fd9cab4b1c56 ,ut:1425472878000
D/eup_step_buffer(27907): rqdp{  BufFB existed n:}/data/data/com.tencent.qqmusic/lib/libWXVoice.so ,ar:armv7l, md:52dd89487aea3289b5c06837f9d32c8496a31660 ,ut:1425472878000
D/eup_step_db(27907): rqdp{  queryFile: n:}/data/app/com.tencent.qqmusic-1.apk rqdp{  , sha:}6a0161ebb21c03123e37d38562189be57d293cec rqdp{  , tp:}0 rqdp{  ,arh:}5.0.0.25
D/eup     (27907): rqdp{  FileDAO.query() end success} 1
D/eup_step_db(27907): rqdp{  queryFile result num } 1
D/eup_step_api(27907): rqdp{  isAppFirstRun } false
W/eup     (27907): rqdp{ use user uuid}
D/eup_step_api(27907): rqdp{  stepStartQuery}
D/eup_step_buffer(27907): rqdp{  step }2
D/eup_step_api(27907): rqdp{  notify listener query start}
D/eup_step_buffer(27907): rqdp{  BufFB existed n:}/data/data/com.tencent.qqmusic/lib/libtmfe30.so ,ar:armv7l, md:bdaf4a86046b9a43948106f013e931857c689cd3 ,ut:1425472878000
D/eup     (27907): rqdp{  FileDAO.deleteAll() start type:}1
D/eup_step_upload(27907): rqdp{  com query start }class com.tencent.feedback.eup.e
D/eup     (27907): rqdp{  add a new future! taskId} 19 ,rqdp{   periodTime} 60000
D/eup     (27907): rqdp{ next day 32780999}
D/dalvikvm(27893): GC_FOR_ALLOC freed 96K, 13% free 3727K/4268K, paused 11ms, total 12ms
D/eup     (27907): rqdp{  in AnalyticsDAO.query() start}
D/eup     (27907): rqdp{  current seen proc:}com.tencent.qqmusic:QQPlayerService
D/eup     (27907): rqdp{  query}  ( _type = 9 )  and _key = 'com.tencent.qqmusic:QQPlayerService'  and _time <= 9223372036854775807 
D/dalvikvm(27907): GC_CONCURRENT freed 405K, 15% free 3514K/4116K, paused 3ms+3ms, total 22ms
D/eup_step_db(27907): rqdp{  fileDeleteAll deletedNum:24 deleted List:
D/eup_step_db(27907): }_t = 1
D/eup     (27907): rqdp{  FileDAO.delete() end success }24
D/eup     (27907): rqdp{  LBFTask del n: }24
D/eup     (27907): rqdp{  FileDAO.insert() start num:}24
D/dalvikvm(27893): GC_FOR_ALLOC freed 97K, 13% free 3861K/4412K, paused 11ms, total 11ms
D/eup_step_db(27907): rqdp{  insertFile name:}/data/data/com.tencent.qqmusic/lib/libupnp-jni.so rqdp{  result:}true
W/ViewRootImpl(27893): Dropping event due to no window focus: KeyEvent { action=ACTION_MULTIPLE, keyCode=KEYCODE_DPAD_UP, scanCode=0, metaState=0, flags=0x400, repeatCount=2, eventTime=142218174, downTime=142218174, deviceId=-1, source=0x101 }
D/eup_step_db(27907): rqdp{  insertFile name:}/data/data/com.tencent.qqmusic/lib/libckeygenerator.so rqdp{  result:}true
W/ViewRootImpl(27893): Dropping event due to no window focus: KeyEvent { action=ACTION_DOWN, keyCode=KEYCODE_DPAD_UP, scanCode=0, metaState=0, flags=0x400, repeatCount=0, eventTime=142218174, downTime=142218174, deviceId=-1, source=0x101 }
W/ViewRootImpl(27893): Dropping event due to no window focus: KeyEvent { action=ACTION_DOWN, keyCode=KEYCODE_DPAD_UP, scanCode=0, metaState=0, flags=0x400, repeatCount=0, eventTime=142218174, downTime=142218174, deviceId=-1, source=0x101 }
W/ViewRootImpl(27893): Dropping event due to no window focus: KeyEvent { action=ACTION_DOWN, keyCode=KEYCODE_DPAD_UP, scanCode=0, metaState=0, flags=0x400, repeatCount=0, eventTime=142218174, downTime=142218174, deviceId=-1, source=0x101 }
D/eup_step_db(27907): rqdp{  insertFile name:}/data/data/com.tencent.qqmusic/lib/libcftutils.so rqdp{  result:}true
D/WindowManager( 2530):  new Focuscom.netease.qa.orangedemo/com.netease.qa.orangedemo.ButtonActivity
D/eup_step_db(27907): rqdp{  insertFile name:}/data/data/com.tencent.qqmusic/lib/libMMANDKSignature.so rqdp{  result:}true
D/WindowManager( 2530): same orientatin win=Window{429186e0 u0 com.netease.qa.orangedemo/com.netease.qa.orangedemo.ButtonActivity}
D/dalvikvm(27907): GC_CONCURRENT freed 302K, 12% free 3659K/4156K, paused 2ms+3ms, total 23ms
D/eup_step_db(27907): rqdp{  insertFile name:}/data/data/com.tencent.qqmusic/lib/libSongUrlFactory.so rqdp{  result:}true
V/PhoneStatusBar( 9330): setLightsOn(true)
D/eup_step_db(27907): rqdp{  insertFile name:}/data/data/com.tencent.qqmusic/lib/libPlayerCore_neon.so rqdp{  result:}true
D/eup_step_db(27907): rqdp{  insertFile name:}/data/data/com.tencent.qqmusic/lib/libpbpinyin.so rqdp{  result:}true
D/MzInputService( 2683): cancelVoiceListening:
D/MzInputService( 2683): hideVoicePopupWindow:
D/eup_step_db(27907): rqdp{  insertFile name:}/data/data/com.tencent.qqmusic/lib/libfingerprintjni.so rqdp{  result:}true
W/BroadcastQueue( 2530): Permission Denial: broadcasting Intent { act=android.intent.action.HEADSET_PLUG flg=0x40000010 (has extras) } from null (pid=-1, uid=-1) requires com.tencent.qqmusic.permission.sendBroadcastPromission due to registered receiver BroadcastFilter{4192d220 u0 ReceiverList{4192d168 27907 com.tencent.qqmusic:QQPlayerService/10072/u0 remote:428476c8}}
D/BluetoothManagerService( 2530): Message: 20
D/BluetoothManagerService( 2530): Added callback: android.bluetooth.IBluetoothManagerCallback$Stub$Proxy@42b4c6e8:true
D/BluetoothManagerService( 2530): Message: 30
D/eup_step_db(27907): rqdp{  insertFile name:}/data/data/com.tencent.qqmusic/lib/libfilescanner.so rqdp{  result:}true
D/dalvikvm(27907): GC_CONCURRENT freed 213K, 10% free 3947K/4364K, paused 1ms+2ms, total 21ms
D/dalvikvm(27907): WAIT_FOR_CONCURRENT_GC blocked 8ms
D/dalvikvm(27907): WAIT_FOR_CONCURRENT_GC blocked 9ms
D/eup_step_db(27907): rqdp{  insertFile name:}/data/data/com.tencent.qqmusic/lib/libmresearch.so rqdp{  result:}true
D/eup_step_db(27907): rqdp{  insertFile name:}/data/data/com.tencent.qqmusic/lib/libexpress_verify.so rqdp{  result:}true
D/eup_step_db(27907): rqdp{  insertFile name:}/data/data/com.tencent.qqmusic/lib/libdesdecrypt.so rqdp{  result:}true
I/ActivityManager( 2530): Displayed com.netease.qa.orangedemo/.ButtonActivity: +360ms
D/eup_step_db(27907): rqdp{  insertFile name:}/data/data/com.tencent.qqmusic/lib/libTxCodec_neon.so rqdp{  result:}true
D/eup_step_db(27907): rqdp{  insertFile name:}/data/data/com.tencent.qqmusic/lib/libsta_jni.so rqdp{  result:}true
I/eup     (27907): rqdp{  cids num :}1
D/eup     (27907): rqdp{  in AnalyticsDAO.paserCursor() start}
D/MzInputService( 2683): cancelVoiceListening:
D/MzInputService( 2683): hideVoicePopupWindow:
D/eup_step_db(27907): rqdp{  insertFile name:}/data/data/com.tencent.qqmusic/lib/libQAFP.so rqdp{  result:}true
D/eup     (27907): rqdp{  in AnalyticsDAO.paserCursor() end}
D/eup     (27907): rqdp{  current addNum: }0
I/eup     (27907): rqdp{  total num: }1
D/eup     (27907): rqdp{  in AnalyticsDAO.query() end}
D/eup     (27907): rqdp{  de byte 2 obj}
D/eup     (27907): rqdp{  AnalyticsDAO.deleteList() start!}
D/eup_step_db(27907): rqdp{  insertFile name:}/data/data/com.tencent.qqmusic/lib/libckey.so rqdp{  result:}true
D/dalvikvm(27907): GC_CONCURRENT freed 247K, 10% free 4142K/4596K, paused 3ms+5ms, total 33ms
D/eup_step_db(27907): rqdp{  insertFile name:}/data/data/com.tencent.qqmusic/lib/libFormatDetector.so rqdp{  result:}true
E/MLog    (27907): programStart è¢«åˆå§‹åŒ–:com.tencent.qqmusic:QQPlayerService,com.tencent.qqmusic.d.a@412d7b60
D/eup_step_db(27907): rqdp{  insertFile name:}/data/data/com.tencent.qqmusic/lib/libvad.so rqdp{  result:}true
I/eup     (27907): rqdp{  total deleteNum: }1
D/eup     (27907): rqdp{  AnalyticsDAO.deleteList() end!}
D/eup     (27907): rqdp{  en obj 2 bytes}
D/dalvikvm(27893): GC_FOR_ALLOC freed 121K, 13% free 3992K/4556K, paused 10ms, total 11ms
I/eup     (27907): rqdp{  IMEI:}862845029705006
D/eup_step_db(27907): rqdp{  insertFile name:}/data/data/com.tencent.qqmusic/lib/libTUpdateService.so rqdp{  result:}true
D/eup     (27907): rqdp{  loc st :com.tencent.qqmusic:QQPlayerService , uid:10000 ,  tm:1425956615953 , st:1 }
D/eup     (27907): rqdp{ common query add uin} 1
D/dalvikvm(27893): GC_FOR_ALLOC freed 3K, 13% free 4049K/4620K, paused 8ms, total 8ms
D/eup_step_upload(27907): rqdp{   NotUpProc com req start}
D/eup     (27907): rqdp{  in AnalyticsDAO.query() start}
D/eup     (27907): rqdp{  query}  ( _type = 7 )  and _time <= 9223372036854775807 
D/eup     (27907): rqdp{  AnalyticsDAO.insert() start}
D/eup_step_db(27907): rqdp{  insertFile name:}/data/data/com.tencent.qqmusic/lib/libNativeRQD.so rqdp{  result:}true
D/eup_step_db(27907): rqdp{  insertFile name:}/data/data/com.tencent.qqmusic/lib/libsearch.so rqdp{  result:}true
D/dalvikvm(27907): GC_CONCURRENT freed 229K, 9% free 4419K/4848K, paused 2ms+10ms, total 56ms
D/dalvikvm(27907): WAIT_FOR_CONCURRENT_GC blocked 3ms
D/dalvikvm(27907): WAIT_FOR_CONCURRENT_GC blocked 4ms
D/dalvikvm(27907): WAIT_FOR_CONCURRENT_GC blocked 5ms
D/dalvikvm(27907): WAIT_FOR_CONCURRENT_GC blocked 6ms
D/eup_step_db(27907): rqdp{  insertFile name:}/data/data/com.tencent.qqmusic/lib/libwtecdh.so rqdp{  result:}true
D/eup     (27907): rqdp{  AnalyticsDAO.insert() end}
D/eup_step_api(27907): rqdp{ launch state record true}
V/PhoneStatusBarView( 9330): Same background ff0d0d0d...no need to set again...return...
D/dalvikvm(27907): Trying to load lib /data/app-lib/com.tencent.qqmusic-1/libupnp-jni.so 0x41190348
D/WindowManager( 2530):  new Focuscom.netease.qa.orangedemo/com.netease.qa.orangedemo.MainActivity
D/dalvikvm(27907): Added shared lib /data/app-lib/com.tencent.qqmusic-1/libupnp-jni.so 0x41190348
I/LibUpnp_Jni(27907): JNI_OnLoad
D/dalvikvm(27907): GC_CONCURRENT freed 402K, 13% free 4532K/5200K, paused 4ms+4ms, total 37ms
D/dalvikvm(27907): WAIT_FOR_CONCURRENT_GC blocked 30ms
I/dalvikvm-heap(27907): Grow heap (frag case) to 4.858MB for 260112-byte allocation
D/WindowManager( 2530): same orientatin win=Window{423a16d8 u0 Volume control}
D/MzInputService( 2683): cancelVoiceListening:
D/MzInputService( 2683): hideVoicePopupWindow:
D/dalvikvm(27907): GC_FOR_ALLOC freed 128K, 15% free 4657K/5456K, paused 21ms, total 21ms
I/eup     (27907): rqdp{  cids num :}5
D/eup_step_db(27907): rqdp{  insertFile name:}/data/data/com.tencent.qqmusic/lib/libWXVoice.so rqdp{  result:}true
D/eup     (27907): rqdp{  in AnalyticsDAO.paserCursor() start}
D/WindowManager( 2530):  new FocusAtchDlg:com.netease.qa.orangedemo/com.netease.qa.orangedemo.MainActivity
D/eup     (27907): rqdp{  in AnalyticsDAO.paserCursor() end}
D/eup     (27907): rqdp{  current addNum: }0
I/eup     (27907): rqdp{  total num: }5
D/eup     (27907): rqdp{  in AnalyticsDAO.query() end}
D/eup     (27907): rqdp{  de byte 2 obj}
D/eup     (27907): rqdp{  de byte 2 obj}
D/eup     (27907): rqdp{  de byte 2 obj}
D/eup     (27907): rqdp{  de byte 2 obj}
D/eup     (27907): rqdp{  de byte 2 obj}
V/PhoneStatusBar( 9330): setLightsOn(true)
D/dalvikvm(27907): GC_FOR_ALLOC freed 352K, 15% free 4707K/5520K, paused 20ms, total 21ms
D/eup_step_db(27907): rqdp{  insertFile name:}/data/data/com.tencent.qqmusic/lib/libtmfe30.so rqdp{  result:}true
D/eup     (27907): rqdp{  FileDAO.insert() end success }24
D/eup     (27907): rqdp{  LBFTask ins n: }24
D/eup     (27907): rqdp{  en obj 2 bytes}
D/WindowManager( 2530): same orientatin win=Window{419b0718 u0 AtchDlg:com.netease.qa.orangedemo/com.netease.qa.orangedemo.MainActivity}
D/dalvikvm(27907): GC_FOR_ALLOC freed 89K, 14% free 4755K/5520K, paused 21ms, total 21ms
I/dalvikvm-heap(27907): Grow heap (frag case) to 5.077MB for 260112-byte allocation
D/dalvikvm(27907): GC_FOR_ALLOC freed 134K, 16% free 4874K/5776K, paused 30ms, total 30ms
D/dalvikvm(27907): GC_FOR_ALLOC freed <1K, 16% free 4874K/5776K, paused 19ms, total 19ms
I/dalvikvm-heap(27907): Grow heap (frag case) to 5.177MB for 243337-byte allocation
D/dalvikvm(27893): GC_FOR_ALLOC freed 115K, 13% free 4142K/4716K, paused 8ms, total 8ms
I/dalvikvm-heap(27893): Grow heap (frag case) to 4.496MB for 279056-byte allocation
D/dalvikvm(27907): GC_FOR_ALLOC freed 0K, 16% free 5112K/6016K, paused 19ms, total 19ms
D/eup     (27907): rqdp{  en obj 2 bytes}
D/eup     (27907): rqdp{  insertOrUpdate alyticsBeans start!}
D/dalvikvm(27893): GC_FOR_ALLOC freed 1K, 12% free 4413K/4992K, paused 10ms, total 10ms
D/dalvikvm(27893): GC_FOR_ALLOC freed <1K, 12% free 4413K/4992K, paused 10ms, total 10ms
I/dalvikvm-heap(27893): Grow heap (frag case) to 4.910MB for 435216-byte allocation
D/dalvikvm(27907): GC_FOR_ALLOC freed 397K, 18% free 4987K/6016K, paused 19ms, total 19ms
D/dalvikvm(27893): GC_FOR_ALLOC freed 0K, 11% free 4838K/5420K, paused 10ms, total 10ms
D/dalvikvm(27907): GC_FOR_ALLOC freed 133K, 15% free 5117K/6016K, paused 18ms, total 18ms
I/dalvikvm-heap(27907): Grow heap (frag case) to 5.414MB for 243337-byte allocation
D/WindowManager( 2530):  new Focuscom.netease.qa.orangedemo/com.netease.qa.orangedemo.MainActivity
D/dalvikvm(27907): GC_FOR_ALLOC freed 2K, 15% free 5352K/6256K, paused 19ms, total 19ms
D/eup     (27907): rqdp{  result id:}2
I/ActivityManager( 2530): START u0 {act=android.intent.action.MAIN cat=[android.intent.category.LAUNCHER] flg=0x10200000 cmp=com.netease.qa.orangedemo/.MainActivity} from pid 27826
D/eup     (27907): rqdp{  result id:}51
D/eup     (27907): rqdp{  insertOrUpdate alyticsBeans end}
D/eup_step_upload(27907): rqdp{  start upload cmd:}200 rqdp{  url:}http://monitor.uu.qq.com/analytics/upload rqdp{  datas:}class com.tencent.feedback.proguard.v
D/eup     (27907): rqdp{  zp:} 2 rqdp{  len:} 179
D/eup     (27907): rqdp{  enD:} 163 1
D/eup     (27907): rqdp{  en2Req }
I/eup     (27907): rqdp{  IMEI:}862845029705006
D/eup     (27907): qimei:862845029705006
D/eup     (27907): rqdp{  [pid:}com.tencent.qqmusic rqdp{  
D/eup     (27907): bid:}com.tencent.qqmusic_5.0.0.25 rqdp{  
D/eup     (27907): sid:}com.tencent.feedback_1.8.5 
D/eup     (27907): ]
D/eup_step_upload(27907): rqdp{  start req} http://monitor.uu.qq.com/analytics/upload rqdp{  sz:}411
D/eup_step_upload(27907): rqdp{  send:}http://monitor.uu.qq.com/analytics/upload rqdp{  sz:}411 rqdp{  apn:}wifi
D/WindowManager( 2530): same orientatin win=Window{4193fd08 u0 com.netease.qa.orangedemo/com.netease.qa.orangedemo.MainActivity}
D/dalvikvm(27907): GC_CONCURRENT freed 503K, 11% free 5766K/6460K, paused 1ms+2ms, total 25ms
D/dalvikvm(27907): WAIT_FOR_CONCURRENT_GC blocked 9ms
D/dalvikvm(27907): WAIT_FOR_CONCURRENT_GC blocked 15ms
D/eup_step_upload(27907): rqdp{  execute request:
D/eup_step_upload(27907): } POST /analytics/upload HTTP/1.1
D/eup_step_upload(27907): rqdp{  recevied:}256
D/dalvikvm(11909): GC_CONCURRENT freed 383K, 93% free 630K/7976K, paused 0ms+1ms, total 4ms
D/eup     (27907): rqdp{  covert to ResponsePackage}
D/eup_step_upload(27907): rqdp{  fix ip:}223.252.194.101 rqdp{  tmgap:}4158
D/eup     (27907): rqdp{  unzp:} 2 rqdp{  len:} 144
D/eup     (27907): rqdp{  key:}300 rqdp{  handler: }class com.tencent.feedback.proguard.r
W/eup     (27907): rqdp{  no handler key:}301
D/eup     (27907): rqdp{  key:}302 rqdp{  handler: }class com.tencent.feedback.eup.c
D/eup_step_buffer(27907): rqdp{  init eup sStrategy by uStrategy}
D/eup_step_upload(27907): rqdp{  is merged changed} false
D/eup_step_upload(27907): rqdp{ Assert enable changed: } true
D/eup_step_buffer(27907): rqdp{  save eup strategy}
D/WindowManager( 2530):  new Focuscom.netease.qa.orangedemo/com.netease.qa.orangedemo.MainActivity
D/eup_step_api(27907): rqdp{  update strategy} 302 rqdp{  true}
D/eup_step_upload(27907): rqdp{  crashStrategy}[]
D/eup_step_upload(27907): rqdp{  req:}200 rqdp{  res:}305 rqdp{  send:}411 rqdp{  recv:}256 rqdp{  result:}true rqdp{  msg:}null
D/eup     (27907): rqdp{  in AnalyticsDAO.query() start}
D/eup     (27907): rqdp{  query}  ( _type = 7 )  and _time <= 9223372036854775807 
W/InputMethodManagerService( 2530): Window already focused, ignoring focus gain of: com.android.internal.view.IInputMethodClient$Stub$Proxy@418a76e0 attribute=null, token = android.os.BinderProxy@425350d0
I/eup     (27907): rqdp{  cids num :}5
D/eup     (27907): rqdp{  in AnalyticsDAO.paserCursor() start}
D/eup     (27907): rqdp{  in AnalyticsDAO.paserCursor() end}
D/eup     (27907): rqdp{  current addNum: }0
I/eup     (27907): rqdp{  total num: }5
D/eup     (27907): rqdp{  in AnalyticsDAO.query() end}
D/eup     (27907): rqdp{  de byte 2 obj}
D/eup     (27907): rqdp{  de byte 2 obj}
D/eup     (27907): rqdp{  de byte 2 obj}
D/eup     (27907): rqdp{  de byte 2 obj}
D/eup     (27907): rqdp{  de byte 2 obj}
D/eup     (27907): rqdp{  en obj 2 bytes}
D/eup     (27907): rqdp{  en obj 2 bytes}
D/eup     (27907): rqdp{  insertOrUpdate alyticsBeans start!}
I/ActivityManager( 2530): START u0 {cmp=com.netease.qa.orangedemo/.ListActivity} from pid 27893
V/PhoneStatusBarView( 9330): Same background ff0d0d0d...no need to set again...return...
D/Activity(27893): mIntent: Intent { cmp=com.netease.qa.orangedemo/.ListActivity } mActivityInfo.applicationInfo.uid: 10074 mActivityInfo.packageName: com.netease.qa.orangedemo permission: 0
D/eup     (27907): rqdp{  result id:}2
D/dalvikvm(27907): GC_CONCURRENT freed 300K, 8% free 6520K/7012K, paused 1ms+2ms, total 34ms
D/dalvikvm(27907): WAIT_FOR_CONCURRENT_GC blocked 20ms
D/WindowManager( 2530):  new Focuscom.netease.qa.orangedemo/com.netease.qa.orangedemo.ListActivity
D/eup     (27907): rqdp{  result id:}52
D/eup     (27907): rqdp{  insertOrUpdate alyticsBeans end}
D/eup_step_buffer(27907): rqdp{  [total:}[tp:0 , st:1425276983389 ,counts:47, wifi:28260 , notWifi:0 , up:17008 , dn:11252]]rqdp{  
D/eup_step_buffer(27907): [today:}[tp:1 , st:1425970420368 ,counts:1, wifi:667 , notWifi:0 , up:411 , dn:256]]
D/eup_step_upload(27907): rqdp{  common query end!}
D/eup_step_buffer(27907): rqdp{  step }3
D/eup_step_api(27907): rqdp{  notify listener query end}
D/eup_step_upload(27907): rqdp{  com query end }class com.tencent.feedback.eup.e
D/eup     (27907): rqdp{  step after query}
D/WindowManager( 2530): same orientatin win=Window{42910d08 u0 com.netease.qa.orangedemo/com.netease.qa.orangedemo.ListActivity}
D/eup     (27907): rqdp{  isable}
D/eup     (27907): rqdp{  needDetail} true rqdp{  allQ:}false rqdp{  result:}false
D/eup_step_api(27907): rqdp{  in merge}
D/eup_step_api(27907): rqdp{  getEupInMe}
D/eup     (27907): rqdp{  EUPDAO.queryEupRecent() start}
D/eup     (27907): rqdp{  in AnalyticsDAO.query() start}
D/eup     (27907): rqdp{  query}  ( _type = 1 or _type = 2 )  and _upCounts <= 3  and _time >= 1425916800000  and _state = 0 
D/eup     (27907): rqdp{  in AnalyticsDAO.query() end}
D/eup     (27907): rqdp{  EUPDAO.queryEupRecent() start}
D/eup     (27907): rqdp{  in AnalyticsDAO.query() start}
D/eup     (27907): rqdp{  query}  ( _type = 1 or _type = 2 )  and _count >= 2  and _upCounts <= 3  and _time <= 1425916800000 
D/eup     (27907): rqdp{  in AnalyticsDAO.query() end}
D/eup     (27907): rqdp{  EUPDAO.queryEupRecent() start}
D/eup     (27907): rqdp{  in AnalyticsDAO.query() start}
D/eup     (27907): rqdp{  query}  ( _type = 1 or _type = 2 )  and _count >= 0  and _count <= 1  and _time >= 3  and _time <= 1425916800000  and _state = 0 
V/PhoneStatusBar( 9330): setLightsOn(true)
D/eup     (27907): rqdp{  in AnalyticsDAO.query() end}
D/eup     (27907): rqdp{  EUPDAO.insertOrUpdateEupList() start}
W/eup     (27907): rqdp{  context == null ||| list == null || list.size() <= 0,pls check}
D/eup     (27907): rqdp{  EUPDAO.deleteEup() start}
D/eup     (27907): rqdp{  AnalyticsDAO.delete() start}
D/eup     (27907): rqdp{  delete where: }_time >= -1 and _time <= 9223372036854775807 and _upCounts >= 3 and ( _type = 1 or _type = 2 )
D/eup     (27907): rqdp{  deleted num: }0
D/eup     (27907): rqdp{  AnalyticsDAO.delete() end}
D/eup     (27907): remove fail updata num :0
D/eup_step_upload(27907): rqdp{  next time} 21600000
D/eup_step_buffer(27907): rqdp{  step }4
D/dalvikvm(27893): GC_CONCURRENT freed 682K, 16% free 4827K/5700K, paused 1ms+3ms, total 15ms
D/MzInputService( 2683): cancelVoiceListening:
D/MzInputService( 2683): hideVoicePopupWindow:
D/dalvikvm(27907): GC_CONCURRENT freed 806K, 13% free 7023K/8020K, paused 5ms+1ms, total 39ms
D/dalvikvm(27907): WAIT_FOR_CONCURRENT_GC blocked 20ms
I/ActivityManager( 2530): Displayed com.netease.qa.orangedemo/.ListActivity: +246ms
D/dalvikvm( 2530): JIT code cache reset in 3 ms (1048520 bytes 33/0)
D/dalvikvm( 2530): GC_EXPLICIT freed 1903K, 36% free 19683K/30560K, paused 5ms+16ms, total 96ms
V/PhoneStatusBarView( 9330): Same background ff0d0d0d...no need to set again...return...
D/WindowManager( 2530):  new Focuscom.netease.qa.orangedemo/com.netease.qa.orangedemo.MainActivity
V/PhoneStatusBar( 9330): setLightsOn(true)
D/MzInputService( 2683): cancelVoiceListening:
D/MzInputService( 2683): hideVoicePopupWindow:
I/ActivityManager( 2530): START u0 {cmp=com.netease.qa.orangedemo/.EditTextActivity} from pid 27893
V/PhoneStatusBarView( 9330): Same background ff0d0d0d...no need to set again...return...
I/ActivityManager( 2530): START u0 {cmp=com.netease.qa.orangedemo/.ButtonActivity} from pid 27893
D/Activity(27893): mIntent: Intent { cmp=com.netease.qa.orangedemo/.ButtonActivity } mActivityInfo.applicationInfo.uid: 10074 mActivityInfo.packageName: com.netease.qa.orangedemo permission: 0
D/WindowManager( 2530):  new Focuscom.netease.qa.orangedemo/com.netease.qa.orangedemo.ButtonActivity
V/PhoneStatusBar( 9330): setLightsOn(true)
D/WindowManager( 2530): same orientatin win=Window{415a6ff8 u0 com.netease.qa.orangedemo/com.netease.qa.orangedemo.ButtonActivity}
D/MzInputService( 2683): cancelVoiceListening:
D/MzInputService( 2683): hideVoicePopupWindow:
W/NotificationService( 2530): Object died trying to hide notification android.app.ITransientNotification$Stub$Proxy@422e2fd0 in package com.netease.qa.orangedemo
W/ActivityManager( 2530): setProcessForeground called on unknown pid: 27867
W/NotificationService( 2530): Object died trying to show notification android.app.ITransientNotification$Stub$Proxy@4195aab8 in package com.netease.qa.orangedemo
I/ActivityManager( 2530): Displayed com.netease.qa.orangedemo/.ButtonActivity: +159ms
D/WindowManager( 2530): same orientatin win=Window{417c0ab0 u0 Toast}
D/MzInputService( 2683): cancelVoiceListening:
D/MzInputService( 2683): hideVoicePopupWindow:
D/MzInputService( 2683): cancelVoiceListening:
D/MzInputService( 2683): hideVoicePopupWindow:
D/MzInputService( 2683): cancelVoiceListening:
D/MzInputService( 2683): hideVoicePopupWindow:
D/MzInputService( 2683): cancelVoiceListening:
D/MzInputService( 2683): hideVoicePopupWindow:
D/MzInputService( 2683): cancelVoiceListening:
D/MzInputService( 2683): hideVoicePopupWindow:
D/MzInputService( 2683): cancelVoiceListening:
D/MzInputService( 2683): hideVoicePopupWindow:
D/MzInputService( 2683): cancelVoiceListening:
D/MzInputService( 2683): hideVoicePopupWindow:
D/NetworkUpgradeReceiver( 2530): currentPower: 100 level: 100 scale: 100
D/MediaButtonIntentReceiver(26899): intentAction:android.intent.action.MEDIA_BUTTON
D/MediaButtonIntentReceiver(26899): keycode 87
D/MediaButtonIntentReceiver(26899): action 0
D/MediaButtonIntentReceiver(26899): start service, instantly=true
I/PlaybackService(26899): onStartCommand
D/PlaybackService(26899): action: com.android.music.musicservicecommand
D/PlaybackService(26899): command: next
D/PlaybackService(26899): initQueue. External database has 0 pieces of music.
D/PreferencesHelper(26899): saveQueue play list size is 0
D/PlaybackService(26899): list empty, update play info
D/PlaybackService(26899): updatePlayState mPlayState: -1
D/PlaybackService(26899): notifyChange isPlaying: false
D/PreferencesHelper(26899): saveQueue play list size is 0
D/PlaybackService(26899): notifyChange mTitle:null
D/MediaButtonIntentReceiver(26899): intentAction:android.intent.action.MEDIA_BUTTON
D/MediaButtonIntentReceiver(26899): keycode 87
D/MediaButtonIntentReceiver(26899): action 1
V/MusicFXControlPanelReceiver(26921): onReceive
V/MusicFXControlPanelReceiver(26921): Action: com.android.music.playstatechanged
V/MusicFXControlPanelReceiver(26921): Package name: com.meizu.media.music
V/MusicFXControlPanelReceiver(26921): Audio session: 0
V/AudioManager(26921): set Equalizer band value
V/AudioService( 2530): set Equalizer band value
E/AudioFlinger( 2121): set Equalizer failed ! 0 band value 10
D/WindowManager( 2530): same orientatin win=Window{4180af68 u0 Volume control}
D/MediaButtonIntentReceiver(26899): intentAction:android.intent.action.MEDIA_BUTTON
D/MediaButtonIntentReceiver(26899): keycode 130
D/MediaButtonIntentReceiver(26899): action 0
D/MediaButtonIntentReceiver(26899): intentAction:android.intent.action.MEDIA_BUTTON
D/MediaButtonIntentReceiver(26899): keycode 130
D/MediaButtonIntentReceiver(26899): action 1
V/PhoneStatusBarView( 9330): Same background ff0d0d0d...no need to set again...return...
D/Activity(27893): mIntent: Intent { cmp=com.netease.qa.orangedemo/.EditTextActivity } mActivityInfo.applicationInfo.uid: 10074 mActivityInfo.packageName: com.netease.qa.orangedemo permission: 0
D/dalvikvm(27893): GC_CONCURRENT freed 457K, 12% free 5020K/5700K, paused 1ms+3ms, total 17ms
D/WindowManager( 2530):  new Focuscom.netease.qa.orangedemo/com.netease.qa.orangedemo.EditTextActivity
V/PhoneStatusBar( 9330): setLightsOn(true)
D/WindowManager( 2530): same orientatin win=Window{41865e90 u0 com.netease.qa.orangedemo/com.netease.qa.orangedemo.EditTextActivity}
D/MzInputService( 2683): cancelVoiceListening:
D/MzInputService( 2683): hideVoicePopupWindow:
I/ActivityManager( 2530): Displayed com.netease.qa.orangedemo/.EditTextActivity: +182ms
D/MediaButtonIntentReceiver(26899): intentAction:android.intent.action.MEDIA_BUTTON
D/MediaButtonIntentReceiver(26899): keycode 88
D/MediaButtonIntentReceiver(26899): action 0
D/MediaButtonIntentReceiver(26899): start service, instantly=true
I/PlaybackService(26899): onStartCommand
D/PlaybackService(26899): action: com.android.music.musicservicecommand
D/PlaybackService(26899): command: previous
D/PlaybackService(26899): initQueue. External database has 0 pieces of music.
D/PreferencesHelper(26899): saveQueue play list size is 0
D/PlaybackService(26899): list empty, update play info
D/PlaybackService(26899): updatePlayState mPlayState: -1
D/PlaybackService(26899): notifyChange isPlaying: false
D/PreferencesHelper(26899): saveQueue play list size is 0
D/WindowManager( 2530): same orientatin win=Window{41865e90 u0 com.netease.qa.orangedemo/com.netease.qa.orangedemo.EditTextActivity}
D/dalvikvm(26899): GC_CONCURRENT freed 378K, 15% free 3544K/4168K, paused 11ms+7ms, total 44ms
D/PlaybackService(26899): notifyChange mTitle:null
D/MediaButtonIntentReceiver(26899): intentAction:android.intent.action.MEDIA_BUTTON
D/MediaButtonIntentReceiver(26899): keycode 88
D/MediaButtonIntentReceiver(26899): action 1
D/MediaButtonIntentReceiver(26899): intentAction:android.intent.action.MEDIA_BUTTON
D/MediaButtonIntentReceiver(26899): keycode 127
D/MediaButtonIntentReceiver(26899): action 0
D/MediaButtonIntentReceiver(26899): start service, instantly=true
I/PlaybackService(26899): onStartCommand
D/PlaybackService(26899): action: com.android.music.musicservicecommand
D/PlaybackService(26899): command: pause
D/MediaButtonIntentReceiver(26899): intentAction:android.intent.action.MEDIA_BUTTON
D/MediaButtonIntentReceiver(26899): keycode 127
D/MediaButtonIntentReceiver(26899): action 1
V/MusicFXControlPanelReceiver(26921): onReceive
V/MusicFXControlPanelReceiver(26921): Action: com.android.music.playstatechanged
V/MusicFXControlPanelReceiver(26921): Package name: com.meizu.media.music
V/MusicFXControlPanelReceiver(26921): Audio session: 0
V/AudioManager(26921): set Equalizer band value
V/AudioService( 2530): set Equalizer band value
E/AudioFlinger( 2121): set Equalizer failed ! 0 band value 10
D/WindowManager( 2530): same orientatin win=Window{41865e90 u0 com.netease.qa.orangedemo/com.netease.qa.orangedemo.EditTextActivity}
D/WindowManager( 2530): same orientatin win=Window{418895d0 u0 PopupWindow:4145a6f0}
D/WindowManager( 2530): same orientatin win=Window{41894b00 u0 PopupWindow:4145a6f0}
D/dalvikvm( 2683): GC_CONCURRENT freed 1707K, 17% free 9283K/11184K, paused 1ms+6ms, total 31ms
W/InputEventReceiver( 2683): Attempted to finish an input event but the input event receiver has already been disposed.
D/WindowManager( 2530): same orientatin win=Window{418a73b0 u0 PopupWindow:4145a6f0}
W/InputEventReceiver( 2683): Attempted to finish an input event but the input event receiver has already been disposed.
D/WindowManager( 2530): same orientatin win=Window{418aa060 u0 Volume control}
D/MzInputService( 2683): cancelVoiceListening:
D/MzInputService( 2683): hideVoicePopupWindow:
D/WindowManager( 2530): same orientatin win=Window{41865e90 u0 com.netease.qa.orangedemo/com.netease.qa.orangedemo.EditTextActivity}
D/WindowManager( 2530): same orientatin win=Window{41865e90 u0 com.netease.qa.orangedemo/com.netease.qa.orangedemo.EditTextActivity}
D/WindowManager( 2530): same orientatin win=Window{418efdd0 u0 PopupWindow:4145a6f0}
I/ActivityManager( 2530): START u0 {act=android.intent.action.MAIN cat=[android.intent.category.LAUNCHER] flg=0x10200000 cmp=com.netease.qa.orangedemo/.MainActivity} from pid 27826
I/ActivityManager( 2530): START u0 {act=android.intent.action.MAIN cat=[android.intent.category.LAUNCHER] flg=0x10200000 cmp=com.netease.qa.orangedemo/.MainActivity} from pid 27826
D/WindowManager( 2530): same orientatin win=Window{41921d18 u0 PopupWindow:4145a6f0}
D/WindowManager( 2530): same orientatin win=Window{4193c748 u0 Toast}
D/WindowManager( 2530): same orientatin win=Window{41956d40 u0 PopupWindow:4145a6f0}
I/ActivityManager( 2530): START u0 {act=android.intent.action.MAIN cat=[android.intent.category.LAUNCHER] flg=0x10200000 cmp=com.netease.qa.orangedemo/.MainActivity} from pid 27826
W/InputEventReceiver( 2683): Attempted to finish an input event but the input event receiver has already been disposed.
D/MzInputService( 2683): cancelVoiceListening:
D/MzInputService( 2683): hideVoicePopupWindow:
D/WindowManager( 2530): same orientatin win=Window{41865e90 u0 com.netease.qa.orangedemo/com.netease.qa.orangedemo.EditTextActivity}
D/MediaButtonIntentReceiver(26899): intentAction:android.intent.action.MEDIA_BUTTON
D/MediaButtonIntentReceiver(26899): keycode 85
D/MediaButtonIntentReceiver(26899): action 0
D/MediaButtonIntentReceiver(26899): start service, instantly=true
I/PlaybackService(26899): onStartCommand
D/PlaybackService(26899): action: com.android.music.musicservicecommand
D/PlaybackService(26899): command: togglepause
D/PlaybackService(26899): play music of 0/0
D/PlaybackService(26899): initQueue. External database has 0 pieces of music.
D/PreferencesHelper(26899): saveQueue play list size is 0
W/PlaybackService(26899): Can't play music. Play list size is 0
D/MediaButtonIntentReceiver(26899): intentAction:android.intent.action.MEDIA_BUTTON
D/MediaButtonIntentReceiver(26899): keycode 85
D/MediaButtonIntentReceiver(26899): action 1
D/WindowManager( 2530): same orientatin win=Window{41865e90 u0 com.netease.qa.orangedemo/com.netease.qa.orangedemo.EditTextActivity}
D/WindowManager( 2530): same orientatin win=Window{419717b8 u0 PopupWindow:4145a6f0}
W/InputDispatcher( 2530): Asynchronous input event injection failed.
I/InputDispatcher( 2530): Dropped event because the current application is not responding and the user has started interacting with a different application.
W/InputEventReceiver( 2683): Attempted to finish an input event but the input event receiver has already been disposed.
D/WindowManager( 2530): same orientatin win=Window{419ae660 u0 PopupWindow:4145a6f0}
D/MzInputService( 2683): cancelVoiceListening:
D/MzInputService( 2683): hideVoicePopupWindow:
D/WindowManager( 2530): same orientatin win=Window{41865e90 u0 com.netease.qa.orangedemo/com.netease.qa.orangedemo.EditTextActivity}
W/InputEventReceiver( 2683): Attempted to finish an input event but the input event receiver has already been disposed.
D/WindowManager( 2530): same orientatin win=Window{41865e90 u0 com.netease.qa.orangedemo/com.netease.qa.orangedemo.EditTextActivity}
D/WindowManager( 2530): same orientatin win=Window{419c5e48 u0 PopupWindow:4145a6f0}
W/InputEventReceiver( 2683): Attempted to finish an input event but the input event receiver has already been disposed.
D/WindowManager( 2530): same orientatin win=Window{419cb128 u0 PopupWindow:4145a6f0}
W/InputEventReceiver( 2683): Attempted to finish an input event but the input event receiver has already been disposed.
D/WindowManager( 2530): same orientatin win=Window{41a21b38 u0 PopupWindow:4145a6f0}
W/InputEventReceiver( 2683): Attempted to finish an input event but the input event receiver has already been disposed.
I/ActivityManager( 2530): START u0 {act=android.intent.action.MAIN cat=[android.intent.category.LAUNCHER] flg=0x10200000 cmp=com.netease.qa.orangedemo/.MainActivity} from pid 27826
D/WindowManager( 2530): same orientatin win=Window{41a8b868 u0 PopupWindow:4145a6f0}
W/InputEventReceiver( 2683): Attempted to finish an input event but the input event receiver has already been disposed.
D/MzInputService( 2683): cancelVoiceListening:
D/MzInputService( 2683): hideVoicePopupWindow:
D/WindowManager( 2530): same orientatin win=Window{41865e90 u0 com.netease.qa.orangedemo/com.netease.qa.orangedemo.EditTextActivity}
D/WindowManager( 2530): same orientatin win=Window{41865e90 u0 com.netease.qa.orangedemo/com.netease.qa.orangedemo.EditTextActivity}
I/ActivityManager( 2530): START u0 {act=android.intent.action.MAIN cat=[android.intent.category.LAUNCHER] flg=0x10200000 cmp=com.netease.qa.orangedemo/.MainActivity} from pid 27826
D/WindowManager( 2530): same orientatin win=Window{4227c850 u0 PopupWindow:4145a7e8}
D/WindowManager( 2530): same orientatin win=Window{422df068 u0 Toast}
I/ActivityManager( 2530): START u0 {act=android.intent.action.MAIN cat=[android.intent.category.HOME] flg=0x10200000 cmp=com.android.launcher/com.android.launcher2.Launcher (has extras)} from pid 2530
D/WindowManager( 2530): same orientatin win=Window{423910a8 u0 PopupWindow:4141f0d0}
D/dalvikvm(27893): GC_FOR_ALLOC freed 276K, 12% free 5248K/5956K, paused 23ms, total 23ms
I/dalvikvm-heap(27893): Grow heap (frag case) to 5.986MB for 708496-byte allocation
D/dalvikvm(27893): GC_FOR_ALLOC freed 10K, 11% free 5930K/6648K, paused 20ms, total 20ms
D/dalvikvm(27893): GC_FOR_ALLOC freed 7K, 11% free 5923K/6648K, paused 16ms, total 16ms
I/dalvikvm-heap(27893): Grow heap (frag case) to 6.644MB for 708496-byte allocation
D/dalvikvm(27893): GC_FOR_ALLOC freed 61K, 11% free 6553K/7340K, paused 15ms, total 15ms
W/InputEventReceiver(27893): Attempted to finish an input event but the input event receiver has already been disposed.
D/WindowManager( 2530): same orientatin win=Window{42399a50 u0 PopupWindow:4145a6f0}
W/InputEventReceiver( 2683): Attempted to finish an input event but the input event receiver has already been disposed.
