D/WindowManager( 2530): same orientatin win=Window{418aa060 u0 Volume control}
I/InputDispatcher( 2530): Dropped event because of pending overdue app switch.
W/InputManager( 2530): Input event injection from pid 27826 failed.
D/dalvikvm(27826): GC_CONCURRENT freed 386K, 92% free 671K/8192K, paused 2ms+1ms, total 8ms
D/WindowManager( 2530): same orientatin win=Window{418e2ae8 u0 PopupWindow:4145a6f0}
D/WindowManager( 2530): same orientatin win=Window{418efdd0 u0 Volume control}
W/InputEventReceiver( 2683): Attempted to finish an input event but the input event receiver has already been disposed.
D/MediaButtonIntentReceiver(26899): intentAction:android.intent.action.MEDIA_BUTTON
D/MediaButtonIntentReceiver(26899): keycode 88
D/MediaButtonIntentReceiver(26899): action 0
D/MediaButtonIntentReceiver(26899): start service, instantly=true
I/PlaybackService(26899): onStartCommand
D/PlaybackService(26899): action: com.android.music.musicservicecommand
D/PlaybackService(26899): command: previous
D/PlaybackService(26899): initQueue. External database has 0 pieces of music.
D/PreferencesHelper(26899): saveQueue play list size is 0
D/WindowManager( 2530): same orientatin win=Window{418fd2f8 u0 Volume control}
D/PlaybackService(26899): list empty, update play info
D/PlaybackService(26899): updatePlayState mPlayState: -1
D/PlaybackService(26899): notifyChange isPlaying: false
D/PreferencesHelper(26899): saveQueue play list size is 0
I/ActivityManager( 2530): START u0 {act=android.intent.action.MAIN cat=[android.intent.category.LAUNCHER] flg=0x10200000 cmp=com.netease.qa.orangedemo/.MainActivity} from pid 27826
D/PlaybackService(26899): notifyChange mTitle:null
D/MediaButtonIntentReceiver(26899): intentAction:android.intent.action.MEDIA_BUTTON
D/MediaButtonIntentReceiver(26899): keycode 88
D/MediaButtonIntentReceiver(26899): action 1
V/MusicFXControlPanelReceiver(26921): onReceive
V/MusicFXControlPanelReceiver(26921): Action: com.android.music.playstatechanged
V/MusicFXControlPanelReceiver(26921): Package name: com.meizu.media.music
V/MusicFXControlPanelReceiver(26921): Audio session: 0
V/AudioManager(26921): set Equalizer band value
V/AudioService( 2530): set Equalizer band value
E/AudioFlinger( 2121): set Equalizer failed ! 0 band value 10
I/ActivityManager( 2530): START u0 {act=android.intent.action.MAIN cat=[android.intent.category.LAUNCHER] flg=0x10200000 cmp=com.netease.qa.orangedemo/.MainActivity} from pid 27826
I/ActivityManager( 2530): START u0 {act=android.intent.action.MAIN cat=[android.intent.category.LAUNCHER] flg=0x10200000 cmp=com.netease.qa.orangedemo/.MainActivity} from pid 27826
D/WindowManager( 2530): same orientatin win=Window{4193c748 u0 PopupWindow:4145a7e8}
W/InputEventReceiver( 2683): Attempted to finish an input event but the input event receiver has already been disposed.
D/WindowManager( 2530): same orientatin win=Window{41956d40 u0 Toast}
D/WindowManager( 2530): same orientatin win=Window{4195f468 u0 PopupWindow:4145a7e8}
W/InputEventReceiver( 2683): Attempted to finish an input event but the input event receiver has already been disposed.
D/WindowManager( 2530): same orientatin win=Window{419717b8 u0 PopupWindow:4145a6f0}
W/InputEventReceiver( 2683): Attempted to finish an input event but the input event receiver has already been disposed.
D/WindowManager( 2530): same orientatin win=Window{419731d8 u0 PopupWindow:4145a6f0}
W/InputEventReceiver( 2683): Attempted to finish an input event but the input event receiver has already been disposed.
W/InputEventReceiver( 2683): Attempted to finish an input event but the input event receiver has already been disposed.
D/WindowManager( 2530): same orientatin win=Window{419ae660 u0 PopupWindow:4145a7e8}
W/InputEventReceiver( 2683): Attempted to finish an input event but the input event receiver has already been disposed.
D/WindowManager( 2530): same orientatin win=Window{419c5e48 u0 PopupWindow:4145a7e8}
W/InputEventReceiver( 2683): Attempted to finish an input event but the input event receiver has already been disposed.
D/WindowManager( 2530): same orientatin win=Window{419cb128 u0 PopupWindow:4145a6f0}
D/dalvikvm(27826): GC_CONCURRENT freed 383K, 92% free 673K/8192K, paused 1ms+1ms, total 9ms
W/InputEventReceiver( 2683): Attempted to finish an input event but the input event receiver has already been disposed.
D/WindowManager( 2530): same orientatin win=Window{419deb00 u0 PopupWindow:4145a7e8}
W/InputEventReceiver( 2683): Attempted to finish an input event but the input event receiver has already been disposed.
D/dalvikvm(11909): GC_CONCURRENT freed 384K, 93% free 631K/7976K, paused 2ms+3ms, total 12ms
I/ActivityManager( 2530): START u0 {act=android.intent.action.MAIN cat=[android.intent.category.LAUNCHER] flg=0x10200000 cmp=com.netease.qa.orangedemo/.MainActivity} from pid 27826
D/MzInputService( 2683): cancelVoiceListening:
D/MzInputService( 2683): hideVoicePopupWindow:
D/WindowManager( 2530): same orientatin win=Window{418895d0 u0 com.netease.qa.orangedemo/com.netease.qa.orangedemo.EditTextActivity}
I/ActivityManager( 2530): START u0 {act=android.intent.action.MAIN cat=[android.intent.category.LAUNCHER] flg=0x10200000 cmp=com.netease.qa.orangedemo/.MainActivity} from pid 27826
D/WindowManager( 2530): same orientatin win=Window{418895d0 u0 com.netease.qa.orangedemo/com.netease.qa.orangedemo.EditTextActivity}
D/MediaButtonIntentReceiver(26899): intentAction:android.intent.action.MEDIA_BUTTON
D/MediaButtonIntentReceiver(26899): keycode 85
D/MediaButtonIntentReceiver(26899): action 0
D/MediaButtonIntentReceiver(26899): start service, instantly=true
I/PlaybackService(26899): onStartCommand
D/PlaybackService(26899): action: com.android.music.musicservicecommand
D/PlaybackService(26899): command: togglepause
D/PlaybackService(26899): play music of 0/0
D/PlaybackService(26899): initQueue. External database has 0 pieces of music.
D/PreferencesHelper(26899): saveQueue play list size is 0
D/dalvikvm(26899): GC_CONCURRENT freed 358K, 14% free 3523K/4088K, paused 2ms+2ms, total 25ms
W/PlaybackService(26899): Can't play music. Play list size is 0
D/MediaButtonIntentReceiver(26899): intentAction:android.intent.action.MEDIA_BUTTON
D/MediaButtonIntentReceiver(26899): keycode 85
D/MediaButtonIntentReceiver(26899): action 1
D/MediaButtonIntentReceiver(26899): intentAction:android.intent.action.MEDIA_BUTTON
D/MediaButtonIntentReceiver(26899): keycode 127
D/MediaButtonIntentReceiver(26899): action 0
D/MediaButtonIntentReceiver(26899): start service, instantly=true
I/PlaybackService(26899): onStartCommand
D/PlaybackService(26899): action: com.android.music.musicservicecommand
D/PlaybackService(26899): command: pause
D/MediaButtonIntentReceiver(26899): intentAction:android.intent.action.MEDIA_BUTTON
D/MediaButtonIntentReceiver(26899): keycode 127
D/MediaButtonIntentReceiver(26899): action 1
D/WindowManager( 2530): same orientatin win=Window{419e0dd0 u0 PopupWindow:4145a7e8}
W/InputEventReceiver( 2683): Attempted to finish an input event but the input event receiver has already been disposed.
W/ApplicationContext( 2530): Calling a method in the system process without a qualified user: android.app.ContextImpl.startActivity:1000 com.android.internal.policy.impl.PhoneWindowManager.interceptKeyBeforeDispatching:2481 com.android.server.wm.InputMonitor.interceptKeyBeforeDispatching:382 
W/ApplicationContext( 2530): Calling a method in the system process without a qualified user: android.app.ContextImpl.startActivity:1012 android.app.ContextImpl.startActivity:1001 com.android.internal.policy.impl.PhoneWindowManager.interceptKeyBeforeDispatching:2481 
I/ActivityManager( 2530): START u0 {act=android.intent.action.MAIN cat=[android.intent.category.LAUNCHER] flg=0x10000000 sel={act=android.intent.action.MAIN cat=[android.intent.category.APP_MUSIC]}} from pid 2530
W/WindowManager( 2530): Dropping application launch key because the activity to which it is registered was not found: keyCode=209, category=android.intent.category.APP_MUSIC
W/WindowManager( 2530): android.content.ActivityNotFoundException: No Activity found to handle Intent { act=android.intent.action.MAIN cat=[android.intent.category.LAUNCHER] flg=0x10000000 sel={act=android.intent.action.MAIN cat=[android.intent.category.APP_MUSIC]} }
W/WindowManager( 2530): 	at android.app.Instrumentation.checkStartActivityResult(Instrumentation.java:1690)
W/WindowManager( 2530): 	at android.app.Instrumentation.execStartActivity(Instrumentation.java:1436)
W/WindowManager( 2530): 	at android.app.ContextImpl.startActivity(ContextImpl.java:1019)
W/WindowManager( 2530): 	at android.app.ContextImpl.startActivity(ContextImpl.java:1001)
W/WindowManager( 2530): 	at com.android.internal.policy.impl.PhoneWindowManager.interceptKeyBeforeDispatching(PhoneWindowManager.java:2481)
W/WindowManager( 2530): 	at com.android.server.wm.InputMonitor.interceptKeyBeforeDispatching(InputMonitor.java:382)
W/WindowManager( 2530): 	at com.android.server.input.InputManagerService.interceptKeyBeforeDispatching(InputManagerService.java:1334)
W/WindowManager( 2530): 	at dalvik.system.NativeStart.run(Native Method)
D/WindowManager( 2530): same orientatin win=Window{41a8b868 u0 PopupWindow:416ad378}
D/WindowManager( 2530): same orientatin win=Window{41ab7440 u0 PopupWindow:4135ef40}
D/WindowManager( 2530): same orientatin win=Window{4227c850 u0 PopupWindow:4135f2d0}
D/dalvikvm(27826): GC_CONCURRENT freed 386K, 92% free 672K/8192K, paused 2ms+1ms, total 9ms
D/WindowManager( 2530): same orientatin win=Window{422d61c8 u0 PopupWindow:4145a6f0}
D/WindowManager( 2530): same orientatin win=Window{422df068 u0 PopupWindow:416ad378}
D/WindowManager( 2530): same orientatin win=Window{423910a8 u0 PopupWindow:4135ef40}
D/WindowManager( 2530): same orientatin win=Window{42399a50 u0 PopupWindow:4135f2d0}
D/WindowManager( 2530): same orientatin win=Window{42426700 u0 PopupWindow:4145a6f0}
W/InputEventReceiver( 2683): Attempted to finish an input event but the input event receiver has already been disposed.
D/WindowManager( 2530): same orientatin win=Window{42431150 u0 PopupWindow:4145a6f0}
D/WindowManager( 2530): same orientatin win=Window{42439638 u0 Toast}
D/MzInputService( 2683): cancelVoiceListening:
D/MzInputService( 2683): hideVoicePopupWindow:
D/WindowManager( 2530): same orientatin win=Window{418895d0 u0 com.netease.qa.orangedemo/com.netease.qa.orangedemo.EditTextActivity}
D/WindowManager( 2530): same orientatin win=Window{418895d0 u0 com.netease.qa.orangedemo/com.netease.qa.orangedemo.EditTextActivity}
W/InputEventReceiver( 2683): Attempted to finish an input event but the input event receiver has already been disposed.
D/WindowManager( 2530): same orientatin win=Window{4250d0c8 u0 PopupWindow:4145a6f0}
W/InputEventReceiver( 2683): Attempted to finish an input event but the input event receiver has already been disposed.
D/WindowManager( 2530): same orientatin win=Window{419c5a70 u0 PopupWindow:416ad378}
W/InputEventReceiver(27893): Attempted to finish an input event but the input event receiver has already been disposed.
D/WindowManager( 2530): same orientatin win=Window{41a60860 u0 PopupWindow:4145a6f0}
W/InputEventReceiver( 2683): Attempted to finish an input event but the input event receiver has already been disposed.
D/WindowManager( 2530): same orientatin win=Window{41ab8d50 u0 PopupWindow:4145a6f0}
W/InputEventReceiver( 2683): Attempted to finish an input event but the input event receiver has already been disposed.
D/WindowManager( 2530): same orientatin win=Window{42885df0 u0 Volume control}
D/WindowManager( 2530): same orientatin win=Window{417cccf8 u0 PopupWindow:4145a6f0}
I/LedTest ( 2530): mLedNotification = null, mIcCall = false, mScreenOn = true
I/LedTest ( 2530): mLedNotification == null..cancel breath light...
I/LedTest ( 2530): screen is on..cancel breath light...
V/LightsService( 2530): setLightButtonSlope time cost 3
V/PhoneStatusBarView( 9330): alphaBeforeDropDown = 0.6
V/PhoneStatusBarView( 9330): DropDown! set mStatusBarContents & mMarqueeTickerView alpha to 0.6
D/WindowManager( 2530): same orientatin win=Window{424363c8 u0 PopupWindow:4145a6f0}
D/WindowManager( 2530): same orientatin win=Window{418bbb50 u0 StatusBar}
D/dalvikvm(27826): GC_CONCURRENT freed 386K, 92% free 671K/8192K, paused 1ms+2ms, total 8ms
I/ActivityManager( 2530): START u0 {act=android.intent.action.MAIN cat=[android.intent.category.LAUNCHER] flg=0x10200000 cmp=com.netease.qa.orangedemo/.MainActivity} from pid 27826
D/MzInputService( 2683): cancelVoiceListening:
D/MzInputService( 2683): hideVoicePopupWindow:
D/WindowManager( 2530): same orientatin win=Window{418895d0 u0 com.netease.qa.orangedemo/com.netease.qa.orangedemo.EditTextActivity}
I/ActivityManager( 2530): START u0 {act=android.intent.action.MAIN cat=[android.intent.category.LAUNCHER] flg=0x10200000 cmp=com.netease.qa.orangedemo/.MainActivity} from pid 27826
V/PhoneStatusBarView( 9330): not DropDown...set mStatusBarContents & mMarqueeTickerView alpha back to 0.6
I/LedTest ( 2530): mLedNotification = null, mIcCall = false, mScreenOn = true
I/LedTest ( 2530): mLedNotification == null..cancel breath light...
I/LedTest ( 2530): screen is on..cancel breath light...
D/dalvikvm(27893): GC_CONCURRENT freed 998K, 28% free 6036K/8300K, paused 2ms+3ms, total 26ms
V/LightsService( 2530): setLightButtonSlope time cost 8
D/WindowManager( 2530): same orientatin win=Window{418bbb50 u0 StatusBar}
D/WindowManager( 2530): same orientatin win=Window{418895d0 u0 com.netease.qa.orangedemo/com.netease.qa.orangedemo.EditTextActivity}
D/WindowManager( 2530): same orientatin win=Window{41848390 u0 PopupWindow:4145a7e8}
W/InputEventReceiver( 2683): Attempted to finish an input event but the input event receiver has already been disposed.
D/WindowManager( 2530): same orientatin win=Window{415f0ba0 u0 PopupWindow:4145a6f0}
W/InputEventReceiver( 2683): Attempted to finish an input event but the input event receiver has already been disposed.
D/WindowManager( 2530): same orientatin win=Window{418cb358 u0 PopupWindow:4145a7e8}
W/InputEventReceiver( 2683): Attempted to finish an input event but the input event receiver has already been disposed.
I/ActivityManager( 2530): START u0 {act=android.intent.action.MAIN cat=[android.intent.category.LAUNCHER] flg=0x10200000 cmp=com.netease.qa.orangedemo/.MainActivity} from pid 27826
D/WindowManager( 2530): same orientatin win=Window{41aafb88 u0 PopupWindow:4145a6f0}
D/WindowManager( 2530): same orientatin win=Window{419ba5f8 u0 Volume control}
W/InputEventReceiver( 2683): Attempted to finish an input event but the input event receiver has already been disposed.
D/StatusBar.NetworkController( 9330): RSSI_CHANGED_ACTION -78 level:2
D/WindowManager( 2530): same orientatin win=Window{4190a228 u0 PopupWindow:4145a7e8}
D/WindowManager( 2530): same orientatin win=Window{42305338 u0 PopupWindow:416ad378}
D/WindowManager( 2530): same orientatin win=Window{41871f38 u0 PopupWindow:4135ef40}
D/WindowManager( 2530): same orientatin win=Window{42870f88 u0 PopupWindow:4135f2d0}
D/WindowManager( 2530): same orientatin win=Window{4190a640 u0 PopupWindow:4145a6f0}
W/InputEventReceiver( 2683): Attempted to finish an input event but the input event receiver has already been disposed.
D/dalvikvm( 2530): GC_EXPLICIT freed 2032K, 36% free 19814K/30560K, paused 6ms+21ms, total 141ms
D/WindowManager( 2530): same orientatin win=Window{42672c70 u0 Toast}
D/MzInputService( 2683): cancelVoiceListening:
D/MzInputService( 2683): hideVoicePopupWindow:
D/WindowManager( 2530): same orientatin win=Window{418895d0 u0 com.netease.qa.orangedemo/com.netease.qa.orangedemo.EditTextActivity}
D/WindowManager( 2530): same orientatin win=Window{411cc6b8 u0 Volume control}
D/WindowManager( 2530): same orientatin win=Window{418895d0 u0 com.netease.qa.orangedemo/com.netease.qa.orangedemo.EditTextActivity}
D/dalvikvm(27826): GC_CONCURRENT freed 386K, 92% free 673K/8192K, paused 2ms+1ms, total 8ms
D/dalvikvm(11909): GC_CONCURRENT freed 385K, 93% free 629K/7976K, paused 1ms+1ms, total 6ms
D/WindowManager( 2530): same orientatin win=Window{4140f508 u0 PopupWindow:4145a6f0}
W/InputEventReceiver( 2683): Attempted to finish an input event but the input event receiver has already been disposed.
D/WindowManager( 2530): same orientatin win=Window{415a6ff8 u0 PopupWindow:4145a7e8}
W/InputEventReceiver( 2683): Attempted to finish an input event but the input event receiver has already been disposed.
D/WindowManager( 2530): same orientatin win=Window{415a77f8 u0 PopupWindow:4145a6f0}
W/InputEventReceiver( 2683): Attempted to finish an input event but the input event receiver has already been disposed.
W/ApplicationContext( 2530): Calling a method in the system process without a qualified user: android.app.ContextImpl.startActivity:1000 com.android.internal.policy.impl.PhoneWindowManager.interceptKeyBeforeDispatching:2481 com.android.server.wm.InputMonitor.interceptKeyBeforeDispatching:382 
W/ApplicationContext( 2530): Calling a method in the system process without a qualified user: android.app.ContextImpl.startActivity:1012 android.app.ContextImpl.startActivity:1001 com.android.internal.policy.impl.PhoneWindowManager.interceptKeyBeforeDispatching:2481 
I/ActivityManager( 2530): START u0 {act=android.intent.action.MAIN cat=[android.intent.category.LAUNCHER] flg=0x10000000 cmp=com.android.calendar/.AllInOneActivity sel={act=android.intent.action.MAIN cat=[android.intent.category.APP_CALENDAR]}} from pid 2530
D/WindowManager( 2530): same orientatin win=Window{415b9748 u0 Volume control}
D/WindowManager( 2530): same orientatin win=Window{4166b720 u0 PopupWindow:4145a6f0}
W/InputEventReceiver( 2683): Attempted to finish an input event but the input event receiver has already been disposed.
I/ActivityManager( 2530): START u0 {act=android.intent.action.MAIN cat=[android.intent.category.LAUNCHER] flg=0x10200000 cmp=com.netease.qa.orangedemo/.MainActivity} from pid 27826
D/StatusBar.NetworkController( 9330): RSSI_CHANGED_ACTION -75 level:2
I/ActivityManager( 2530): START u0 {act=android.intent.action.MAIN cat=[android.intent.category.LAUNCHER] flg=0x10200000 cmp=com.netease.qa.orangedemo/.MainActivity} from pid 27826
D/WindowManager( 2530): same orientatin win=Window{4166b938 u0 PopupWindow:4145a6f0}
D/dalvikvm(27826): GC_CONCURRENT freed 388K, 92% free 674K/8192K, paused 1ms+1ms, total 8ms
W/InputEventReceiver( 2683): Attempted to finish an input event but the input event receiver has already been disposed.
V/AlarmManager( 2530): ------->send broadcast count = 1, result = 2, lastNoneElapsedTime = 518066198, (1425970585775, 1425969992598), (1425970585775, 1425969992598)
D/AlarmManager( 2530): <-------send broadcast span time = 2
D/WindowManager( 2530): same orientatin win=Window{417a7400 u0 PopupWindow:4145a6f0}
D/MzInputService( 2683): cancelVoiceListening:
D/MzInputService( 2683): hideVoicePopupWindow:
W/InputEventReceiver( 2683): Attempted to finish an input event but the input event receiver has already been disposed.
D/WindowManager( 2530): same orientatin win=Window{418895d0 u0 com.netease.qa.orangedemo/com.netease.qa.orangedemo.EditTextActivity}
D/WindowManager( 2530): same orientatin win=Window{417c8900 u0 PopupWindow:4145a6f0}
D/WindowManager( 2530): same orientatin win=Window{418895d0 u0 com.netease.qa.orangedemo/com.netease.qa.orangedemo.EditTextActivity}
W/InputEventReceiver( 2683): Attempted to finish an input event but the input event receiver has already been disposed.
I/ActivityManager( 2530): START u0 {act=android.intent.action.MAIN cat=[android.intent.category.LAUNCHER] flg=0x10200000 cmp=com.netease.qa.orangedemo/.MainActivity} from pid 27826
D/WindowManager( 2530): same orientatin win=Window{417e2608 u0 PopupWindow:4145a6f0}
D/WindowManager( 2530): same orientatin win=Window{417e9958 u0 Toast}
W/InputEventReceiver( 2683): Attempted to finish an input event but the input event receiver has already been disposed.
I/ActivityManager( 2530): START u0 {act=android.intent.action.MAIN cat=[android.intent.category.HOME] flg=0x10200000 cmp=com.android.launcher/com.android.launcher2.Launcher (has extras)} from pid 2530
D/WindowManager( 2530): same orientatin win=Window{417ec228 u0 PopupWindow:4145a6f0}
I/InputDispatcher( 2530): Dropped event because of pending overdue app switch.
W/InputManager( 2530): Input event injection from pid 27826 failed.
D/WindowManager( 2530): same orientatin win=Window{41805360 u0 PopupWindow:4145a6f0}
W/InputEventReceiver( 2683): Attempted to finish an input event but the input event receiver has already been disposed.
I/ActivityManager( 2530): START u0 {act=android.intent.action.MAIN cat=[android.intent.category.LAUNCHER] flg=0x10200000 cmp=com.netease.qa.orangedemo/.MainActivity} from pid 27826
D/MediaButtonIntentReceiver(26899): intentAction:android.intent.action.MEDIA_BUTTON
D/MediaButtonIntentReceiver(26899): keycode 85
D/MediaButtonIntentReceiver(26899): action 0
D/MediaButtonIntentReceiver(26899): start service, instantly=true
I/PlaybackService(26899): onStartCommand
D/PlaybackService(26899): action: com.android.music.musicservicecommand
D/PlaybackService(26899): command: togglepause
D/PlaybackService(26899): play music of 0/0
D/PlaybackService(26899): initQueue. External database has 0 pieces of music.
D/PreferencesHelper(26899): saveQueue play list size is 0
W/PlaybackService(26899): Can't play music. Play list size is 0
D/MediaButtonIntentReceiver(26899): intentAction:android.intent.action.MEDIA_BUTTON
D/MediaButtonIntentReceiver(26899): keycode 85
D/MediaButtonIntentReceiver(26899): action 1
D/dalvikvm(27826): GC_CONCURRENT freed 388K, 92% free 671K/8192K, paused 1ms+1ms, total 10ms
D/dalvikvm(11909): GC_CONCURRENT freed 384K, 93% free 630K/7976K, paused 2ms+1ms, total 9ms
D/WindowManager( 2530): same orientatin win=Window{41815538 u0 PopupWindow:4145a6f0}
I/ActivityManager( 2530): START u0 {act=android.intent.action.MAIN cat=[android.intent.category.LAUNCHER] flg=0x10200000 cmp=com.netease.qa.orangedemo/.MainActivity} from pid 27826
W/InputEventReceiver( 2683): Attempted to finish an input event but the input event receiver has already been disposed.
D/WindowManager( 2530): same orientatin win=Window{4182c538 u0 PopupWindow:4145a6f0}
W/InputEventReceiver( 2683): Attempted to finish an input event but the input event receiver has already been disposed.
D/WindowManager( 2530): same orientatin win=Window{418428e0 u0 PopupWindow:4145a6f0}
W/InputEventReceiver( 2683): Attempted to finish an input event but the input event receiver has already been disposed.
I/ActivityManager( 2530): START u0 {act=android.intent.action.MAIN cat=[android.intent.category.LAUNCHER] flg=0x10200000 cmp=com.netease.qa.orangedemo/.MainActivity} from pid 27826
D/WindowManager( 2530): same orientatin win=Window{4185e818 u0 PopupWindow:4145a7e8}
W/InputEventReceiver( 2683): Attempted to finish an input event but the input event receiver has already been disposed.
D/WindowManager( 2530): same orientatin win=Window{41865e90 u0 PopupWindow:416ad378}
D/WindowManager( 2530): same orientatin win=Window{41882f30 u0 PopupWindow:4135ef40}
D/WindowManager( 2530): same orientatin win=Window{418891b8 u0 PopupWindow:4135f2d0}
I/ActivityManager( 2530): START u0 {act=android.intent.action.MAIN cat=[android.intent.category.LAUNCHER] flg=0x10200000 cmp=com.netease.qa.orangedemo/.MainActivity} from pid 27826
I/LedTest ( 2530): mLedNotification = null, mIcCall = false, mScreenOn = true
I/LedTest ( 2530): mLedNotification == null..cancel breath light...
I/LedTest ( 2530): screen is on..cancel breath light...
V/LightsService( 2530): setLightButtonSlope time cost 7
V/PhoneStatusBarView( 9330): alphaBeforeDropDown = 0.6
V/PhoneStatusBarView( 9330): DropDown! set mStatusBarContents & mMarqueeTickerView alpha to 0.6
D/WindowManager( 2530): same orientatin win=Window{418bbb50 u0 StatusBar}
I/ActivityManager( 2530): START u0 {act=android.intent.action.MAIN cat=[android.intent.category.LAUNCHER] flg=0x10200000 cmp=com.netease.qa.orangedemo/.MainActivity} from pid 27826
D/WindowManager( 2530): same orientatin win=Window{41891bb0 u0 Volume control}
V/PhoneStatusBarView( 9330): not DropDown...set mStatusBarContents & mMarqueeTickerView alpha back to 0.6
I/LedTest ( 2530): mLedNotification = null, mIcCall = false, mScreenOn = true
I/LedTest ( 2530): mLedNotification == null..cancel breath light...
I/LedTest ( 2530): screen is on..cancel breath light...
V/LightsService( 2530): setLightButtonSlope time cost 5
D/WindowManager( 2530): same orientatin win=Window{418bbb50 u0 StatusBar}
D/MzInputService( 2683): cancelVoiceListening:
D/MzInputService( 2683): hideVoicePopupWindow:
D/WindowManager( 2530): same orientatin win=Window{418895d0 u0 com.netease.qa.orangedemo/com.netease.qa.orangedemo.EditTextActivity}
D/dalvikvm(27826): GC_CONCURRENT freed 385K, 92% free 674K/8192K, paused 0ms+2ms, total 7ms
W/ApplicationContext( 2530): Calling a method in the system process without a qualified user: android.app.ContextImpl.startActivity:1000 com.android.internal.policy.impl.PhoneWindowManager.interceptKeyBeforeDispatching:2481 com.android.server.wm.InputMonitor.interceptKeyBeforeDispatching:382 
W/ApplicationContext( 2530): Calling a method in the system process without a qualified user: android.app.ContextImpl.startActivity:1012 android.app.ContextImpl.startActivity:1001 com.android.internal.policy.impl.PhoneWindowManager.interceptKeyBeforeDispatching:2481 
I/ActivityManager( 2530): START u0 {act=android.intent.action.MAIN cat=[android.intent.category.LAUNCHER] flg=0x10000000 cmp=com.android.calculator2/.Calculator sel={act=android.intent.action.MAIN cat=[android.intent.category.APP_CALCULATOR]}} from pid 2530
D/MediaButtonIntentReceiver(26899): intentAction:android.intent.action.MEDIA_BUTTON
D/MediaButtonIntentReceiver(26899): keycode 85
D/MediaButtonIntentReceiver(26899): action 0
D/MediaButtonIntentReceiver(26899): start service, instantly=true
I/PlaybackService(26899): onStartCommand
D/PlaybackService(26899): action: com.android.music.musicservicecommand
D/PlaybackService(26899): command: togglepause
D/PlaybackService(26899): play music of 0/0
D/PlaybackService(26899): initQueue. External database has 0 pieces of music.
D/PreferencesHelper(26899): saveQueue play list size is 0
W/PlaybackService(26899): Can't play music. Play list size is 0
D/MediaButtonIntentReceiver(26899): intentAction:android.intent.action.MEDIA_BUTTON
D/MediaButtonIntentReceiver(26899): keycode 85
D/MediaButtonIntentReceiver(26899): action 1
D/WindowManager( 2530): same orientatin win=Window{418895d0 u0 com.netease.qa.orangedemo/com.netease.qa.orangedemo.EditTextActivity}
D/MzInputService( 2683): cancelVoiceListening:
D/MzInputService( 2683): hideVoicePopupWindow:
D/WindowManager( 2530): same orientatin win=Window{418895d0 u0 com.netease.qa.orangedemo/com.netease.qa.orangedemo.EditTextActivity}
D/dalvikvm(27893): GC_CONCURRENT freed 1075K, 28% free 5980K/8300K, paused 1ms+4ms, total 22ms
V/PhoneStatusBarView( 9330): Same background ff0d0d0d...no need to set again...return...
D/Activity(27893): mIntent: Intent { cmp=com.netease.qa.orangedemo/.ViewActivity } mActivityInfo.applicationInfo.uid: 10074 mActivityInfo.packageName: com.netease.qa.orangedemo permission: 0
D/WindowManager( 2530): same orientatin win=Window{422e73b0 u0 Toast}
D/WindowManager( 2530):  new Focuscom.netease.qa.orangedemo/com.netease.qa.orangedemo.ViewActivity
D/WindowManager( 2530): same orientatin win=Window{428b6948 u0 com.netease.qa.orangedemo/com.netease.qa.orangedemo.ViewActivity}
V/PhoneStatusBar( 9330): setLightsOn(true)
I/ActivityManager( 2530): Displayed com.netease.qa.orangedemo/.ViewActivity: +185ms
D/MzInputService( 2683): cancelVoiceListening:
D/MzInputService( 2683): hideVoicePopupWindow:
D/MzInputService( 2683): cancelVoiceListening:
D/MzInputService( 2683): hideVoicePopupWindow:
D/WindowManager( 2530): same orientatin win=Window{4184d8d0 u0 Volume control}
D/MzInputService( 2683): cancelVoiceListening:
D/MzInputService( 2683): hideVoicePopupWindow:
D/MzInputService( 2683): cancelVoiceListening:
D/MzInputService( 2683): hideVoicePopupWindow:
D/MzInputService( 2683): cancelVoiceListening:
D/MzInputService( 2683): hideVoicePopupWindow:
D/MzInputService( 2683): cancelVoiceListening:
D/MzInputService( 2683): hideVoicePopupWindow:
D/MzInputService( 2683): cancelVoiceListening:
D/MzInputService( 2683): hideVoicePopupWindow:
D/MzInputService( 2683): cancelVoiceListening:
D/MzInputService( 2683): hideVoicePopupWindow:
D/MzInputService( 2683): cancelVoiceListening:
D/MzInputService( 2683): hideVoicePopupWindow:
D/MzInputService( 2683): cancelVoiceListening:
D/MzInputService( 2683): hideVoicePopupWindow:
D/dalvikvm(27826): GC_CONCURRENT freed 385K, 92% free 673K/8192K, paused 1ms+1ms, total 7ms
D/MzInputService( 2683): cancelVoiceListening:
D/MzInputService( 2683): hideVoicePopupWindow:
D/MzInputService( 2683): cancelVoiceListening:
D/MzInputService( 2683): hideVoicePopupWindow:
V/PhoneStatusBarView( 9330): Same background ff0d0d0d...no need to set again...return...
D/WindowManager( 2530):  new Focuscom.netease.qa.orangedemo/com.netease.qa.orangedemo.EditTextActivity
V/PhoneStatusBar( 9330): setLightsOn(true)
I/ActivityManager( 2530): START u0 {act=android.intent.action.MAIN cat=[android.intent.category.LAUNCHER] flg=0x10200000 cmp=com.netease.qa.orangedemo/.MainActivity} from pid 27826
D/MzInputService( 2683): cancelVoiceListening:
D/MzInputService( 2683): hideVoicePopupWindow:
D/WindowManager( 2530): same orientatin win=Window{418e6890 u0 com.netease.qa.orangedemo/com.netease.qa.orangedemo.EditTextActivity}
W/ViewRootImpl(27893): Dropping event due to no window focus: KeyEvent { action=ACTION_DOWN, keyCode=KEYCODE_DPAD_UP, scanCode=0, metaState=0, flags=0x400, repeatCount=0, eventTime=142316514, downTime=142316514, deviceId=-1, source=0x101 }
W/ViewRootImpl(27893): Dropping event due to no window focus: KeyEvent { action=ACTION_DOWN, keyCode=KEYCODE_DPAD_UP, scanCode=0, metaState=0, flags=0x400, repeatCount=0, eventTime=142316514, downTime=142316514, deviceId=-1, source=0x101 }
D/WindowManager( 2530): same orientatin win=Window{418e6890 u0 com.netease.qa.orangedemo/com.netease.qa.orangedemo.EditTextActivity}
D/WindowManager( 2530): same orientatin win=Window{41a77688 u0 Volume control}
D/WindowManager( 2530): same orientatin win=Window{429a98f8 u0 PopupWindow:4145a6f0}
D/dalvikvm(26899): GC_CONCURRENT freed 420K, 15% free 3498K/4112K, paused 6ms+4ms, total 34ms
D/WindowManager( 2530): same orientatin win=Window{411c58d8 u0 PopupWindow:4145a6f0}
W/InputEventReceiver( 2683): Attempted to finish an input event but the input event receiver has already been disposed.
D/WindowManager( 2530): same orientatin win=Window{429aec18 u0 PopupWindow:4145a6f0}
W/InputEventReceiver( 2683): Attempted to finish an input event but the input event receiver has already been disposed.
W/ApplicationContext( 2530): Calling a method in the system process without a qualified user: android.app.ContextImpl.startActivity:1000 com.android.internal.policy.impl.PhoneWindowManager.interceptKeyBeforeDispatching:2481 com.android.server.wm.InputMonitor.interceptKeyBeforeDispatching:382 
W/ApplicationContext( 2530): Calling a method in the system process without a qualified user: android.app.ContextImpl.startActivity:1012 android.app.ContextImpl.startActivity:1001 com.android.internal.policy.impl.PhoneWindowManager.interceptKeyBeforeDispatching:2481 
I/ActivityManager( 2530): START u0 {act=android.intent.action.MAIN cat=[android.intent.category.LAUNCHER] flg=0x10000000 cmp=com.android.calculator2/.Calculator sel={act=android.intent.action.MAIN cat=[android.intent.category.APP_CALCULATOR]}} from pid 2530
D/WindowManager( 2530): same orientatin win=Window{418a9ac0 u0 PopupWindow:4145a6f0}
W/InputEventReceiver( 2683): Attempted to finish an input event but the input event receiver has already been disposed.
D/WindowManager( 2530): same orientatin win=Window{4166bc40 u0 PopupWindow:4145a6f0}
W/InputEventReceiver( 2683): Attempted to finish an input event but the input event receiver has already been disposed.
W/InputEventReceiver( 2683): Attempted to finish an input event but the input event receiver has already been disposed.
D/WindowManager( 2530): same orientatin win=Window{42941978 u0 PopupWindow:4145a6f0}
W/InputEventReceiver( 2683): Attempted to finish an input event but the input event receiver has already been disposed.
D/WindowManager( 2530): same orientatin win=Window{418e6890 u0 com.netease.qa.orangedemo/com.netease.qa.orangedemo.EditTextActivity}
D/WindowManager( 2530): same orientatin win=Window{419d3630 u0 PopupWindow:4145a7e8}
D/dalvikvm(27826): GC_CONCURRENT freed 385K, 92% free 672K/8192K, paused 2ms+1ms, total 9ms
W/InputEventReceiver( 2683): Attempted to finish an input event but the input event receiver has already been disposed.
D/WindowManager( 2530): same orientatin win=Window{424343d8 u0 PopupWindow:4145a6f0}
D/WindowManager( 2530): same orientatin win=Window{4191a358 u0 PopupWindow:41248138}
D/WindowManager( 2530): same orientatin win=Window{42893cf0 u0 PopupWindow:4145a6f0}
W/InputEventReceiver( 2683): Attempted to finish an input event but the input event receiver has already been disposed.
D/WindowManager( 2530): same orientatin win=Window{427f6ed0 u0 PopupWindow:4145a6f0}
W/InputEventReceiver( 2683): Attempted to finish an input event but the input event receiver has already been disposed.
D/WindowManager( 2530): same orientatin win=Window{419b0718 u0 Toast}
D/MzInputService( 2683): cancelVoiceListening:
D/MzInputService( 2683): hideVoicePopupWindow:
D/WindowManager( 2530): same orientatin win=Window{418e6890 u0 com.netease.qa.orangedemo/com.netease.qa.orangedemo.EditTextActivity}
D/WindowManager( 2530): same orientatin win=Window{418e6890 u0 com.netease.qa.orangedemo/com.netease.qa.orangedemo.EditTextActivity}
D/WindowManager( 2530): same orientatin win=Window{4197ce78 u0 PopupWindow:4145a6f0}
W/InputEventReceiver( 2683): Attempted to finish an input event but the input event receiver has already been disposed.
D/WindowManager( 2530): same orientatin win=Window{4235cc90 u0 PopupWindow:4145a6f0}
I/ActivityManager( 2530): START u0 {act=android.intent.action.MAIN cat=[android.intent.category.HOME] flg=0x10200000 cmp=com.android.launcher/com.android.launcher2.Launcher (has extras)} from pid 2530
W/InputEventReceiver( 2683): Attempted to finish an input event but the input event receiver has already been disposed.
W/InputEventReceiver( 2683): Attempted to finish an input event but the input event receiver has already been disposed.
I/ActivityManager( 2530): START u0 {act=android.intent.action.MAIN cat=[android.intent.category.LAUNCHER] flg=0x10200000 cmp=com.netease.qa.orangedemo/.MainActivity} from pid 27826
D/WindowManager( 2530): same orientatin win=Window{41a240c8 u0 PopupWindow:41248138}
D/MzInputService( 2683): cancelVoiceListening:
D/MzInputService( 2683): hideVoicePopupWindow:
D/WindowManager( 2530): same orientatin win=Window{418e6890 u0 com.netease.qa.orangedemo/com.netease.qa.orangedemo.EditTextActivity}
D/WindowManager( 2530): same orientatin win=Window{418e6890 u0 com.netease.qa.orangedemo/com.netease.qa.orangedemo.EditTextActivity}
D/MzInputService( 2683): cancelVoiceListening:
D/MzInputService( 2683): hideVoicePopupWindow:
D/WindowManager( 2530): same orientatin win=Window{418e6890 u0 com.netease.qa.orangedemo/com.netease.qa.orangedemo.EditTextActivity}
D/WindowManager( 2530): same orientatin win=Window{418e6890 u0 com.netease.qa.orangedemo/com.netease.qa.orangedemo.EditTextActivity}
D/WindowManager( 2530): same orientatin win=Window{428f7c00 u0 PopupWindow:4145a7e8}
D/dalvikvm(27826): GC_CONCURRENT freed 385K, 92% free 673K/8192K, paused 1ms+1ms, total 9ms
D/MzInputService( 2683): cancelVoiceListening:
D/MzInputService( 2683): hideVoicePopupWindow:
D/WindowManager( 2530): same orientatin win=Window{418e6890 u0 com.netease.qa.orangedemo/com.netease.qa.orangedemo.EditTextActivity}
I/ActivityManager( 2530): START u0 {act=android.intent.action.MAIN cat=[android.intent.category.LAUNCHER] flg=0x10200000 cmp=com.netease.qa.orangedemo/.MainActivity} from pid 27826
D/WindowManager( 2530): same orientatin win=Window{418e6890 u0 com.netease.qa.orangedemo/com.netease.qa.orangedemo.EditTextActivity}
D/MzInputService( 2683): cancelVoiceListening:
D/MzInputService( 2683): hideVoicePopupWindow:
D/WindowManager( 2530): same orientatin win=Window{418e6890 u0 com.netease.qa.orangedemo/com.netease.qa.orangedemo.EditTextActivity}
D/WindowManager( 2530): same orientatin win=Window{418e6890 u0 com.netease.qa.orangedemo/com.netease.qa.orangedemo.EditTextActivity}
D/WindowManager( 2530): same orientatin win=Window{4191e718 u0 Volume control}
D/dalvikvm( 2683): GC_CONCURRENT freed 2134K, 20% free 9654K/11984K, paused 2ms+11ms, total 53ms
I/ActivityManager( 2530): START u0 {act=android.intent.action.MAIN cat=[android.intent.category.HOME] flg=0x10200000 cmp=com.android.launcher/com.android.launcher2.Launcher (has extras)} from pid 2530
D/dalvikvm(11909): GC_CONCURRENT freed 384K, 93% free 629K/7976K, paused 1ms+1ms, total 7ms
D/MzInputService( 2683): cancelVoiceListening:
D/MzInputService( 2683): hideVoicePopupWindow:
D/WindowManager( 2530): same orientatin win=Window{418e6890 u0 com.netease.qa.orangedemo/com.netease.qa.orangedemo.EditTextActivity}
I/ActivityManager( 2530): START u0 {act=android.intent.action.MAIN cat=[android.intent.category.HOME] flg=0x10200000 cmp=com.android.launcher/com.android.launcher2.Launcher (has extras)} from pid 2530
D/dalvikvm(27826): GC_CONCURRENT freed 386K, 92% free 672K/8192K, paused 1ms+1ms, total 9ms
D/WindowManager( 2530): same orientatin win=Window{418e6890 u0 com.netease.qa.orangedemo/com.netease.qa.orangedemo.EditTextActivity}
D/WindowManager( 2530): same orientatin win=Window{42311410 u0 PopupWindow:4145a6f0}
D/WindowManager( 2530): same orientatin win=Window{425b4470 u0 Volume control}
I/InputDispatcher( 2530): Dropped event because of pending overdue app switch.
W/InputManager( 2530): Input event injection from pid 27826 failed.
D/WindowManager( 2530): same orientatin win=Window{41943710 u0 Toast}
D/StatusBar.NetworkController( 9330): RSSI_CHANGED_ACTION -78 level:2
D/WindowManager( 2530): same orientatin win=Window{422af390 u0 PopupWindow:4145a6f0}
I/ActivityManager( 2530): START u0 {act=android.intent.action.MAIN cat=[android.intent.category.LAUNCHER] flg=0x10200000 cmp=com.netease.qa.orangedemo/.MainActivity} from pid 27826
D/dalvikvm( 2530): GC_EXPLICIT freed 2409K, 35% free 20031K/30560K, paused 7ms+18ms, total 141ms
D/WindowManager( 2530): same orientatin win=Window{428a15b8 u0 PopupWindow:4145a6f0}
D/WindowManager( 2530): same orientatin win=Window{41369e20 u0 Volume control}
W/InputEventReceiver( 2683): Attempted to finish an input event but the input event receiver has already been disposed.
D/WindowManager( 2530): same orientatin win=Window{417c0ab0 u0 PopupWindow:4145a7e8}
W/InputEventReceiver( 2683): Attempted to finish an input event but the input event receiver has already been disposed.
W/InputEventReceiver( 2683): Attempted to finish an input event but the input event receiver has already been disposed.
D/Sensors ( 2530): AccSensor:setDelay(handle = 0, delayns = 20000000
D/Sensors ( 2530): AccSensor:setDelay(handle = 0, delayns = 20000000
D/Sensors ( 2530): AccSensor:setDelay(handle = 0, delayns = 20000000
I/AndroidRuntime(27826): VM exiting with result code 0.
D/WindowManager( 2530): same orientatin win=Window{417e5b90 u0 PopupWindow:4145a6f0}
D/WindowManager( 2530): same orientatin win=Window{417f1ad0 u0 Toast}
D/WindowManager( 2530): same orientatin win=Window{4181c438 u0 Toast}
D/StatusBar.NetworkController( 9330): RSSI_CHANGED_ACTION -75 level:2
D/WindowManager( 2530): same orientatin win=Window{4186c898 u0 Toast}
D/WindowManager( 2530): same orientatin win=Window{41891ef8 u0 Toast}
