--------- beginning of /dev/log/system
V/AlarmManager( 2530): ------->send broadcast count = 1, result = 8, lastNoneElapsedTime = 517900793, (1425970585775, 1425969992598), (1425970585775, 1425969992598)
D/AlarmManager( 2530): <-------send broadcast span time = 6
W/ThrottleService( 2530): unable to find stats for iface rmnet0
--------- beginning of /dev/log/main
D/AndroidRuntime(27826): 
D/AndroidRuntime(27826): >>>>>> AndroidRuntime START com.android.internal.os.RuntimeInit <<<<<<
D/AndroidRuntime(27826): CheckJNI is OFF
D/dalvikvm(27826): Trying to load lib libjavacore.so 0x0
D/dalvikvm(27826): Added shared lib libjavacore.so 0x0
D/dalvikvm(27826): Trying to load lib libnativehelper.so 0x0
D/dalvikvm(27826): Added shared lib libnativehelper.so 0x0
W/Environment(27826): rawEmulatedStorageTarget is not empty
D/AndroidRuntime(27826): Calling main entry com.android.commands.monkey.Monkey
D/dalvikvm(27826): Note: class Landroid/app/ActivityManagerNative; has 158 unimplemented (abstract) methods
I/ActivityManager( 2530): START u0 {act=android.intent.action.MAIN cat=[android.intent.category.LAUNCHER] flg=0x10200000 cmp=com.netease.qa.orangedemo/.MainActivity} from pid 27826
I/ActivityManager( 2530): START u0 {act=android.intent.action.MAIN cat=[android.intent.category.HOME] flg=0x10200000 cmp=com.android.launcher/com.android.launcher2.Launcher (has extras)} from pid 2530
D/dalvikvm( 2530): GC_EXPLICIT freed 1498K, 37% free 19361K/30560K, paused 4ms+10ms, total 109ms
V/PhoneStatusBarView( 9330): Same background ff0d0d0d...no need to set again...return...
I/ActivityManager( 2530): START u0 {cmp=com.netease.qa.orangedemo/.ListActivity} from pid 27616
D/Activity(27616): mIntent: Intent { cmp=com.netease.qa.orangedemo/.ListActivity } mActivityInfo.applicationInfo.uid: 10074 mActivityInfo.packageName: com.netease.qa.orangedemo permission: 0
W/ViewRootImpl(27616): Dropping event due to no window focus: MotionEvent { action=ACTION_MOVE, id[0]=0, x[0]=-4.0, y[0]=-4.0, toolType[0]=TOOL_TYPE_UNKNOWN, buttonState=0, metaState=0, flags=0x0, edgeFlags=0x0, pointerCount=1, historySize=9, eventTime=142207168, downTime=-1, deviceId=0, source=0x10004 }
D/WindowManager( 2530):  new Focuscom.netease.qa.orangedemo/com.netease.qa.orangedemo.ListActivity
V/PhoneStatusBar( 9330): setLightsOn(true)
D/WindowManager( 2530): same orientatin win=Window{411c6d10 u0 com.netease.qa.orangedemo/com.netease.qa.orangedemo.ListActivity}
D/dalvikvm(27616): GC_CONCURRENT freed 299K, 15% free 2971K/3464K, paused 2ms+1ms, total 13ms
D/MediaButtonIntentReceiver(26899): intentAction:android.intent.action.MEDIA_BUTTON
D/MediaButtonIntentReceiver(26899): keycode 130
D/MediaButtonIntentReceiver(26899): action 0
D/MzInputService( 2683): cancelVoiceListening:
D/MzInputService( 2683): hideVoicePopupWindow:
D/MediaButtonIntentReceiver(26899): intentAction:android.intent.action.MEDIA_BUTTON
D/MediaButtonIntentReceiver(26899): keycode 130
D/MediaButtonIntentReceiver(26899): action 1
D/MzSyncService(26998): Receive data change action: com.meizu.mzsync.MzInput
I/System.out(26998): AsyncExecImpl : add task, s = 1
D/SettingSyncRecordManager(26998): setStateChange while state is need restore, skip.
I/System.out(26998): AsyncExecImpl : rem task, s = 0
I/ActivityManager( 2530): Displayed com.netease.qa.orangedemo/.ListActivity: +225ms
I/InputDispatcher( 2530): Dropped event because of pending overdue app switch.
W/InputManager( 2530): Input event injection from pid 27826 failed.
V/PhoneStatusBarView( 9330): Same background ff0d0d0d...no need to set again...return...
I/ActivityManager( 2530): START u0 {act=android.intent.action.MAIN cat=[android.intent.category.LAUNCHER] flg=0x10200000 cmp=com.netease.qa.orangedemo/.MainActivity} from pid 27826
D/WindowManager( 2530):  new Focuscom.netease.qa.orangedemo/com.netease.qa.orangedemo.MainActivity
V/PhoneStatusBar( 9330): setLightsOn(true)
D/MzInputService( 2683): cancelVoiceListening:
D/MzInputService( 2683): hideVoicePopupWindow:
D/dalvikvm(27616): GC_CONCURRENT freed 267K, 14% free 3140K/3624K, paused 3ms+3ms, total 18ms
D/WindowManager( 2530): same orientatin win=Window{411cc6b8 u0 Toast}
W/ViewRootImpl(27616): Dropping event due to no window focus: KeyEvent { action=ACTION_DOWN, keyCode=KEYCODE_DPAD_DOWN, scanCode=0, metaState=0, flags=0x400, repeatCount=0, eventTime=142207881, downTime=142207881, deviceId=-1, source=0x101 }
W/ViewRootImpl(27616): Dropping event due to no window focus: KeyEvent { action=ACTION_DOWN, keyCode=KEYCODE_DPAD_DOWN, scanCode=0, metaState=0, flags=0x400, repeatCount=0, eventTime=142207881, downTime=142207881, deviceId=-1, source=0x101 }
D/MediaButtonIntentReceiver(26899): intentAction:android.intent.action.MEDIA_BUTTON
D/MediaButtonIntentReceiver(26899): keycode 86
D/MediaButtonIntentReceiver(26899): action 0
D/MediaButtonIntentReceiver(26899): start service, instantly=true
I/PlaybackService(26899): onStartCommand
D/PlaybackService(26899): action: com.android.music.musicservicecommand
D/PlaybackService(26899): command: stop
D/PreferencesHelper(26899): reloadPlayingListQueue play list size is 0
D/PlaybackService(26899): initQueue. External database has 0 pieces of music.
D/PreferencesHelper(26899): saveQueue play list size is 0
D/MediaButtonIntentReceiver(26899): intentAction:android.intent.action.MEDIA_BUTTON
D/MediaButtonIntentReceiver(26899): keycode 86
D/MediaButtonIntentReceiver(26899): action 1
D/WindowManager( 2530):  new FocusAtchDlg:com.netease.qa.orangedemo/com.netease.qa.orangedemo.MainActivity
D/WindowManager( 2530): same orientatin win=Window{4140f508 u0 AtchDlg:com.netease.qa.orangedemo/com.netease.qa.orangedemo.MainActivity}
D/WindowManager( 2530): same orientatin win=Window{415a77f8 u0 Volume control}
D/dalvikvm(26899): GC_CONCURRENT freed 298K, 13% free 3489K/3992K, paused 4ms+2ms, total 26ms
D/WindowManager( 2530):  new Focuscom.netease.qa.orangedemo/com.netease.qa.orangedemo.MainActivity
W/InputMethodManagerService( 2530): Window already focused, ignoring focus gain of: com.android.internal.view.IInputMethodClient$Stub$Proxy@417a45d8 attribute=null, token = android.os.BinderProxy@415f97a0
I/ActivityManager( 2530): START u0 {cmp=com.netease.qa.orangedemo/.BarActivity} from pid 27616
I/ActivityManager( 2530): START u0 {cmp=com.netease.qa.orangedemo/.ButtonActivity} from pid 27616
V/PhoneStatusBarView( 9330): Same background ff0d0d0d...no need to set again...return...
D/Activity(27616): mIntent: Intent { cmp=com.netease.qa.orangedemo/.ButtonActivity } mActivityInfo.applicationInfo.uid: 10074 mActivityInfo.packageName: com.netease.qa.orangedemo permission: 0
D/dalvikvm(27616): GC_CONCURRENT freed 351K, 16% free 3250K/3844K, paused 2ms+2ms, total 13ms
D/dalvikvm(27616): WAIT_FOR_CONCURRENT_GC blocked 5ms
D/dalvikvm(27616): GC_FOR_ALLOC freed 177K, 16% free 3346K/3940K, paused 10ms, total 10ms
D/dalvikvm(27616): GC_FOR_ALLOC freed 104K, 15% free 3482K/4052K, paused 11ms, total 11ms
D/dalvikvm(27616): GC_FOR_ALLOC freed 65K, 15% free 3572K/4180K, paused 9ms, total 9ms
D/dalvikvm(27616): GC_FOR_ALLOC freed 64K, 15% free 3662K/4276K, paused 12ms, total 12ms
D/dalvikvm(27616): GC_FOR_ALLOC freed 32K, 15% free 3707K/4324K, paused 10ms, total 10ms
D/dalvikvm(27616): GC_FOR_ALLOC freed 32K, 15% free 3753K/4372K, paused 11ms, total 11ms
D/dalvikvm(27616): GC_FOR_ALLOC freed 52K, 14% free 3843K/4420K, paused 9ms, total 9ms
D/dalvikvm(27616): GC_FOR_ALLOC freed 76K, 13% free 3944K/4516K, paused 13ms, total 13ms
D/dalvikvm(27616): GC_FOR_ALLOC freed 65K, 13% free 4033K/4612K, paused 11ms, total 11ms
D/dalvikvm(27616): GC_FOR_ALLOC freed 64K, 13% free 4124K/4708K, paused 9ms, total 10ms
W/ViewRootImpl(27616): Dropping event due to no window focus: MotionEvent { action=ACTION_MOVE, id[0]=0, x[0]=0.0, y[0]=2.0, toolType[0]=TOOL_TYPE_UNKNOWN, buttonState=0, metaState=0, flags=0x0, edgeFlags=0x0, pointerCount=1, historySize=9, eventTime=142208321, downTime=-1, deviceId=0, source=0x10004 }
D/WindowManager( 2530):  new Focuscom.netease.qa.orangedemo/com.netease.qa.orangedemo.ButtonActivity
V/PhoneStatusBar( 9330): setLightsOn(true)
D/WindowManager( 2530): same orientatin win=Window{415b9748 u0 com.netease.qa.orangedemo/com.netease.qa.orangedemo.ButtonActivity}
D/MzInputService( 2683): cancelVoiceListening:
D/MzInputService( 2683): hideVoicePopupWindow:
I/ActivityManager( 2530): Displayed com.netease.qa.orangedemo/.ButtonActivity: +407ms
D/MzInputService( 2683): cancelVoiceListening:
D/MzInputService( 2683): hideVoicePopupWindow:
D/MzInputService( 2683): cancelVoiceListening:
D/MzInputService( 2683): hideVoicePopupWindow:
D/MzInputService( 2683): cancelVoiceListening:
D/MzInputService( 2683): hideVoicePopupWindow:
D/MzInputService( 2683): cancelVoiceListening:
D/MzInputService( 2683): hideVoicePopupWindow:
D/MzInputService( 2683): cancelVoiceListening:
D/MzInputService( 2683): hideVoicePopupWindow:
D/MzInputService( 2683): cancelVoiceListening:
D/MzInputService( 2683): hideVoicePopupWindow:
D/MzInputService( 2683): cancelVoiceListening:
D/MzInputService( 2683): hideVoicePopupWindow:
D/MzInputService( 2683): cancelVoiceListening:
D/MzInputService( 2683): hideVoicePopupWindow:
D/WindowManager( 2530): same orientatin win=Window{4166b938 u0 Volume control}
I/ActivityManager( 2530): START u0 {act=android.intent.action.MAIN cat=[android.intent.category.HOME] flg=0x10200000 cmp=com.android.launcher/com.android.launcher2.Launcher (has extras)} from pid 2530
I/ActivityManager( 2530): START u0 {act=android.intent.action.MAIN cat=[android.intent.category.LAUNCHER] flg=0x10200000 cmp=com.netease.qa.orangedemo/.MainActivity} from pid 27826
I/LedTest ( 2530): mLedNotification = null, mIcCall = false, mScreenOn = true
I/LedTest ( 2530): mLedNotification == null..cancel breath light...
I/LedTest ( 2530): screen is on..cancel breath light...
D/MzInputService( 2683): cancelVoiceListening:
D/MzInputService( 2683): hideVoicePopupWindow:
V/LightsService( 2530): setLightButtonSlope time cost 4
V/PhoneStatusBarView( 9330): alphaBeforeDropDown = 0.6
V/PhoneStatusBarView( 9330): DropDown! set mStatusBarContents & mMarqueeTickerView alpha to 0.6
I/InputDispatcher( 2530): Dropped event because of pending overdue app switch.
W/InputManager( 2530): Input event injection from pid 27826 failed.
D/WindowManager( 2530): same orientatin win=Window{418bbb50 u0 StatusBar}
D/MzInputService( 2683): cancelVoiceListening:
D/MzInputService( 2683): hideVoicePopupWindow:
D/MzInputService( 2683): cancelVoiceListening:
D/MzInputService( 2683): hideVoicePopupWindow:
D/MzInputService( 2683): cancelVoiceListening:
D/MzInputService( 2683): hideVoicePopupWindow:
D/MzInputService( 2683): cancelVoiceListening:
D/MzInputService( 2683): hideVoicePopupWindow:
I/ActivityManager( 2530): START u0 {act=android.intent.action.MAIN cat=[android.intent.category.LAUNCHER] flg=0x10200000 cmp=com.netease.qa.orangedemo/.MainActivity} from pid 27826
I/ActivityManager( 2530): START u0 {act=android.intent.action.MAIN cat=[android.intent.category.LAUNCHER] flg=0x10200000 cmp=com.netease.qa.orangedemo/.MainActivity} from pid 27826
D/MzInputService( 2683): cancelVoiceListening:
D/MzInputService( 2683): hideVoicePopupWindow:
D/MzInputService( 2683): cancelVoiceListening:
D/MzInputService( 2683): hideVoicePopupWindow:
W/InputDispatcher( 2530): Asynchronous input event injection failed.
I/InputDispatcher( 2530): Dropped event because the current application is not responding and the user has started interacting with a different application.
E/WindowManager( 2530): intecept KEYCODE_SLIDE down, keyguardActive is false
V/PhoneStatusBarView( 9330): not DropDown...set mStatusBarContents & mMarqueeTickerView alpha back to 0.6
E/WindowManager( 2530): intecept KEYCODE_SLIDE up, keyguardActive is false
D/MzInputService( 2683): cancelVoiceListening:
D/MzInputService( 2683): hideVoicePopupWindow:
I/LedTest ( 2530): mLedNotification = null, mIcCall = false, mScreenOn = true
I/LedTest ( 2530): mLedNotification == null..cancel breath light...
I/LedTest ( 2530): screen is on..cancel breath light...
V/LightsService( 2530): setLightButtonSlope time cost 4
D/WindowManager( 2530): same orientatin win=Window{418bbb50 u0 StatusBar}
D/MzInputService( 2683): cancelVoiceListening:
D/MzInputService( 2683): hideVoicePopupWindow:
D/MzInputService( 2683): cancelVoiceListening:
D/MzInputService( 2683): hideVoicePopupWindow:
D/MzInputService( 2683): cancelVoiceListening:
D/MzInputService( 2683): hideVoicePopupWindow:
D/MzInputService( 2683): cancelVoiceListening:
D/MzInputService( 2683): hideVoicePopupWindow:
V/PhoneStatusBarView( 9330): Same background ff0d0d0d...no need to set again...return...
D/MzInputService( 2683): cancelVoiceListening:
D/MzInputService( 2683): hideVoicePopupWindow:
D/Activity(27616): mIntent: Intent { cmp=com.netease.qa.orangedemo/.BarActivity } mActivityInfo.applicationInfo.uid: 10074 mActivityInfo.packageName: com.netease.qa.orangedemo permission: 0
D/dalvikvm(27616): GC_FOR_ALLOC freed 165K, 12% free 4270K/4808K, paused 12ms, total 13ms
D/dalvikvm(27616): GC_FOR_ALLOC freed 62K, 13% free 4345K/4944K, paused 10ms, total 10ms
D/dalvikvm(27616): GC_FOR_ALLOC freed 111K, 13% free 4459K/5112K, paused 10ms, total 11ms
D/dalvikvm(27616): GC_FOR_ALLOC freed 56K, 12% free 4592K/5196K, paused 9ms, total 9ms
D/dalvikvm(27616): GC_FOR_ALLOC freed 181K, 11% free 4864K/5428K, paused 10ms, total 10ms
D/dalvikvm(27616): GC_FOR_ALLOC freed 133K, 13% free 5052K/5748K, paused 8ms, total 8ms
D/WindowManager( 2530):  new Focuscom.netease.qa.orangedemo/com.netease.qa.orangedemo.BarActivity
V/PhoneStatusBar( 9330): setLightsOn(true)
D/WindowManager( 2530): same orientatin win=Window{417c8900 u0 com.netease.qa.orangedemo/com.netease.qa.orangedemo.BarActivity}
D/MzInputService( 2683): cancelVoiceListening:
D/MzInputService( 2683): hideVoicePopupWindow:
D/MzInputService( 2683): cancelVoiceListening:
D/MzInputService( 2683): hideVoicePopupWindow:
I/ActivityManager( 2530): Displayed com.netease.qa.orangedemo/.BarActivity: +258ms
D/MzInputService( 2683): cancelVoiceListening:
D/MzInputService( 2683): hideVoicePopupWindow:
D/WindowManager( 2530): same orientatin win=Window{417e2608 u0 Volume control}
D/MzInputService( 2683): cancelVoiceListening:
D/MzInputService( 2683): hideVoicePopupWindow:
V/PhoneStatusBarView( 9330): Same background ff0d0d0d...no need to set again...return...
D/WindowManager( 2530):  new Focuscom.netease.qa.orangedemo/com.netease.qa.orangedemo.MainActivity
V/PhoneStatusBar( 9330): setLightsOn(true)
D/MzInputService( 2683): cancelVoiceListening:
D/MzInputService( 2683): hideVoicePopupWindow:
V/PhoneStatusBarView( 9330): Same background ff0d0d0d...no need to set again...return...
I/ActivityManager( 2530): START u0 {cmp=com.netease.qa.orangedemo/.BarActivity} from pid 27616
D/Activity(27616): mIntent: Intent { cmp=com.netease.qa.orangedemo/.BarActivity } mActivityInfo.applicationInfo.uid: 10074 mActivityInfo.packageName: com.netease.qa.orangedemo permission: 0
D/dalvikvm(27616): GC_FOR_ALLOC freed 267K, 12% free 5369K/6036K, paused 14ms, total 14ms
D/WindowManager( 2530):  new Focuscom.netease.qa.orangedemo/com.netease.qa.orangedemo.BarActivity
V/PhoneStatusBar( 9330): setLightsOn(true)
D/WindowManager( 2530): same orientatin win=Window{417ec228 u0 com.netease.qa.orangedemo/com.netease.qa.orangedemo.BarActivity}
D/MzInputService( 2683): cancelVoiceListening:
D/MzInputService( 2683): hideVoicePopupWindow:
I/ActivityManager( 2530): Displayed com.netease.qa.orangedemo/.BarActivity: +227ms
D/dalvikvm(27616): GC_FOR_ALLOC freed 231K, 10% free 5839K/6480K, paused 13ms, total 13ms
D/WindowManager( 2530):  new Focuscom.netease.qa.orangedemo/com.netease.qa.orangedemo.BarActivity
D/WindowManager( 2530): same orientatin win=Window{41805360 u0 com.netease.qa.orangedemo/com.netease.qa.orangedemo.BarActivity}
D/MzInputService( 2683): cancelVoiceListening:
D/MzInputService( 2683): hideVoicePopupWindow:
D/WindowManager( 2530):  new Focuscom.netease.qa.orangedemo/com.netease.qa.orangedemo.BarActivity
W/InputManager( 2530): Input event injection from pid 27826 failed.
D/WindowManager( 2530): same orientatin win=Window{41815538 u0 Toast}
W/InputMethodManagerService( 2530): Window already focused, ignoring focus gain of: com.android.internal.view.IInputMethodClient$Stub$Proxy@42513bd0 attribute=null, token = android.os.BinderProxy@41997650
I/ActivityManager( 2530): START u0 {act=android.intent.action.MAIN cat=[android.intent.category.LAUNCHER] flg=0x10200000 cmp=com.netease.qa.orangedemo/.MainActivity} from pid 27826
V/PhoneStatusBarView( 9330): Same background ff0d0d0d...no need to set again...return...
D/MzInputService( 2683): cancelVoiceListening:
D/MzInputService( 2683): hideVoicePopupWindow:
D/WindowManager( 2530):  new Focuscom.netease.qa.orangedemo/com.netease.qa.orangedemo.MainActivity
V/PhoneStatusBar( 9330): setLightsOn(true)
D/MzInputService( 2683): cancelVoiceListening:
D/MzInputService( 2683): hideVoicePopupWindow:
D/MzInputService( 2683): cancelVoiceListening:
D/MzInputService( 2683): hideVoicePopupWindow:
D/WindowManager( 2530):  new FocusAtchDlg:com.netease.qa.orangedemo/com.netease.qa.orangedemo.MainActivity
D/WindowManager( 2530): same orientatin win=Window{4182c538 u0 AtchDlg:com.netease.qa.orangedemo/com.netease.qa.orangedemo.MainActivity}
D/WindowManager( 2530):  new Focuscom.netease.qa.orangedemo/com.netease.qa.orangedemo.MainActivity
D/WindowManager( 2530): same orientatin win=Window{418428e0 u0 com.netease.qa.orangedemo/com.netease.qa.orangedemo.MainActivity}
I/AndroidRuntime(27616): VM exiting with result code 0, cleanup skipped.
I/ActivityManager( 2530): Process com.netease.qa.orangedemo (pid 27616) has died.
I/WindowState( 2530): WIN DEATH: Window{418891b8 u0 com.netease.qa.orangedemo/com.netease.qa.orangedemo.MainActivity}
W/WindowManager( 2530): Force-removing child win Window{4182c538 u0 AtchDlg:com.netease.qa.orangedemo/com.netease.qa.orangedemo.MainActivity EXITING} from container Window{418891b8 u0 com.netease.qa.orangedemo/com.netease.qa.orangedemo.MainActivity}
I/WindowState( 2530): WIN DEATH: Window{411cc6b8 u0 Toast EXITING}
W/WindowManager( 2530): Failed looking up window
W/WindowManager( 2530): java.lang.IllegalArgumentException: Requested window android.os.BinderProxy@42367778 does not exist
W/WindowManager( 2530): 	at com.android.server.wm.WindowManagerService.windowForClientLocked(WindowManagerService.java:8489)
W/WindowManager( 2530): 	at com.android.server.wm.WindowManagerService.windowForClientLocked(WindowManagerService.java:8480)
W/WindowManager( 2530): 	at com.android.server.wm.WindowState$DeathRecipient.binderDied(WindowState.java:971)
W/WindowManager( 2530): 	at android.os.BinderProxy.sendDeathNotice(Binder.java:433)
W/WindowManager( 2530): 	at dalvik.system.NativeStart.run(Native Method)
I/WindowState( 2530): WIN DEATH: null
I/WindowState( 2530): WIN DEATH: Window{41815538 u0 Toast}
I/WindowState( 2530): WIN DEATH: Window{417ec228 u0 com.netease.qa.orangedemo/com.netease.qa.orangedemo.BarActivity}
I/WindowState( 2530): WIN DEATH: Window{418428e0 u0 com.netease.qa.orangedemo/com.netease.qa.orangedemo.MainActivity}
W/ActivityManager( 2530): Force removing ActivityRecord{415aa360 u0 com.netease.qa.orangedemo/.MainActivity}: app died, no saved state
I/InputDispatcher( 2530): Dropping event because there is no focused window or focused application.
W/InputManager( 2530): Input event injection from pid 27826 failed.
I/InputDispatcher( 2530): Dropping event because there is no focused window or focused application.
I/InputDispatcher( 2530): Dropping event because there is no focused window or focused application.
I/InputDispatcher( 2530): Dropping event because there is no focused window or focused application.
I/InputDispatcher( 2530): Dropping event because there is no focused window or focused application.
V/UsageStats( 2530): noteResumeComponent -- com.android.launcher
W/InputManager( 2530): Input event injection from pid 27826 failed.
W/InputManager( 2530): Input event injection from pid 27826 failed.
W/InputManager( 2530): Input event injection from pid 27826 failed.
W/InputManager( 2530): Input event injection from pid 27826 failed.
V/PhoneStatusBarView( 9330): Intent.ACTION_MEIZU_HOME_SHOWN --- shown = true, mLockScreen = false
D/PhoneStatusBar( 9330): MSG_DELAY_UPDATE_RECENT, rotation 0,   mManuRemoveTask = false
D/Launcher.Workspace(11040): updateShortcuts shortcuts = [ShortcutInfo(title=æ¸¸æˆintent=Intent { act=phoenix.intent.action.FROM_GAME_SHORTCUT dat=shortcut://game (has extras) }id=40 type=1 container=-100 screen=2 cellX=0 cellY=3 spanX=1 spanY=1 dropPos=null)],oldShortcut = null,newShortcut = null
D/WindowManager( 2530):  new Focuscom.android.launcher/com.android.launcher2.Launcher
W/InputMethodManagerService( 2530): Got RemoteException sending setActive(false) notification to pid 27616 uid 10074
D/MzInputService( 2683): cancelVoiceListening:
D/MzInputService( 2683): hideVoicePopupWindow:
D/dalvikvm(11040): GC_CONCURRENT freed 3693K, 28% free 15716K/21732K, paused 2ms+4ms, total 24ms
D/dalvikvm(11040): WAIT_FOR_CONCURRENT_GC blocked 21ms
W/CursorWrapperInner(11040): Cursor finalized without prior close()
D/MzInputService( 2683): cancelVoiceListening:
D/MzInputService( 2683): hideVoicePopupWindow:
D/MzInputService( 2683): cancelVoiceListening:
D/MzInputService( 2683): hideVoicePopupWindow:
D/MzInputService( 2683): cancelVoiceListening:
D/MzInputService( 2683): hideVoicePopupWindow:
D/MzInputService( 2683): cancelVoiceListening:
D/MzInputService( 2683): hideVoicePopupWindow:
D/dalvikvm(11040): GC_FOR_ALLOC freed 3844K, 28% free 15689K/21732K, paused 21ms, total 21ms
I/ActivityManager( 2530): START u0 {act=android.intent.action.MAIN cat=[android.intent.category.LAUNCHER] flg=0x10200000 cmp=com.android.email/.activity.EmailActivity bnds=[800,641][1032,901]} from pid 11040
I/ActivityManager( 2530): Start proc com.android.providers.usagestats for content provider com.android.providers.usagestats/.UsagestatsProvider: pid=27854 uid=10053 gids={50053, 1028}
W/Environment(27854): rawEmulatedStorageTarget is not empty
E/Trace   (27854): error opening trace file: No such file or directory (2)
I/ActivityThread(27854): Pub mzusagestats: com.android.providers.usagestats.UsagestatsProvider
D/MzInputService( 2683): cancelVoiceListening:
D/MzInputService( 2683): hideVoicePopupWindow:
I/ActivityManager( 2530): No longer want com.tencent.qqmusic:QQPlayerService (pid 21279): empty #17
I/LedTest ( 2530): mLedNotification = null, mIcCall = false, mScreenOn = true
W/ActivityManager( 2530): Scheduling restart of crashed service com.tencent.qqmusic/com.tencent.qqmusicplayerprocess.servicenew.QQPlayerServiceNew in 5000ms
W/ActivityManager( 2530): Scheduling restart of crashed service com.tencent.qqmusic/com.tencent.qqmusicplayerprocess.qqmusicdlna.QPlayService in 15000ms
I/LedTest ( 2530): mLedNotification == null..cancel breath light...
I/LedTest ( 2530): screen is on..cancel breath light...
W/PhoneStatusBar( 9330): updateNotification for unknown pkg: com.tencent.qqmusic
V/LightsService( 2530): setLightButtonSlope time cost 4
D/PhoneStatusBar( 9330): removeNotification package =com.tencent.qqmusic
D/dalvikvm(11040): GC_FOR_ALLOC freed 3526K, 27% free 15987K/21732K, paused 25ms, total 25ms
D/MzInputService( 2683): cancelVoiceListening:
D/MzInputService( 2683): hideVoicePopupWindow:
D/MzInputService( 2683): cancelVoiceListening:
D/MzInputService( 2683): hideVoicePopupWindow:
D/MzInputService( 2683): cancelVoiceListening:
D/MzInputService( 2683): hideVoicePopupWindow:
I/ActivityManager( 2530): START u0 {act=android.search.action.GLOBAL_SEARCH flg=0x10000000 cmp=com.meizu.weathersearch/.SearchActivity (has extras)} from pid 11040
D/MzInputService( 2683): cancelVoiceListening:
D/MzInputService( 2683): hideVoicePopupWindow:
I/ActivityManager( 2530): START u0 {dat=false flg=0x10000000 cmp=com.meizu.weathersearch/.SearchActivity bnds=[70,123][1030,266] (has extras)} from pid -1
D/dalvikvm(11040): GC_FOR_ALLOC freed 3820K, 28% free 15690K/21732K, paused 18ms, total 18ms
I/ActivityManager( 2530): START u0 {act=android.intent.action.MAIN cat=[android.intent.category.LAUNCHER] flg=0x10200000 cmp=com.meizu.media.music/.MusicMainActivity bnds=[57,905][289,1165]} from pid 11040
D/MzInputService( 2683): cancelVoiceListening:
D/MzInputService( 2683): hideVoicePopupWindow:
D/dalvikvm(11040): GC_FOR_ALLOC freed 3526K, 27% free 15988K/21732K, paused 18ms, total 18ms
D/MzInputService( 2683): cancelVoiceListening:
D/MzInputService( 2683): hideVoicePopupWindow:
D/MzInputService( 2683): cancelVoiceListening:
D/MzInputService( 2683): hideVoicePopupWindow:
D/WindowManager( 2530): same orientatin win=Window{41891bb0 u0 Volume control}
D/MzInputService( 2683): cancelVoiceListening:
D/MzInputService( 2683): hideVoicePopupWindow:
D/dalvikvm(11040): GC_FOR_ALLOC freed 3160K, 25% free 16469K/21732K, paused 21ms, total 21ms
D/MzInputService( 2683): cancelVoiceListening:
D/MzInputService( 2683): hideVoicePopupWindow:
D/MzInputService( 2683): cancelVoiceListening:
D/MzInputService( 2683): hideVoicePopupWindow:
D/MzInputService( 2683): cancelVoiceListening:
D/MzInputService( 2683): hideVoicePopupWindow:
D/dalvikvm(11040): GC_FOR_ALLOC freed 3815K, 28% free 15816K/21732K, paused 22ms, total 22ms
D/MzInputService( 2683): cancelVoiceListening:
D/MzInputService( 2683): hideVoicePopupWindow:
D/MzInputService( 2683): cancelVoiceListening:
D/MzInputService( 2683): hideVoicePopupWindow:
D/MzInputService( 2683): cancelVoiceListening:
D/MzInputService( 2683): hideVoicePopupWindow:
D/MzInputService( 2683): cancelVoiceListening:
D/MzInputService( 2683): hideVoicePopupWindow:
I/ActivityManager( 2530): START u0 {act=android.search.action.GLOBAL_SEARCH flg=0x10000000 cmp=com.meizu.weathersearch/.SearchActivity (has extras)} from pid 11040
I/ActivityManager( 2530): START u0 {act=android.intent.action.MAIN cat=[android.intent.category.LAUNCHER] flg=0x10200000 cmp=com.meizu.media.video/.VideoMainActivity bnds=[306,905][538,1165]} from pid 11040
D/MzInputService( 2683): cancelVoiceListening:
D/MzInputService( 2683): hideVoicePopupWindow:
D/dalvikvm(11040): GC_FOR_ALLOC freed 3834K, 27% free 15988K/21732K, paused 19ms, total 19ms
D/MzInputService( 2683): cancelVoiceListening:
D/MzInputService( 2683): hideVoicePopupWindow:
D/MzInputService( 2683): cancelVoiceListening:
D/MzInputService( 2683): hideVoicePopupWindow:
D/MzInputService( 2683): cancelVoiceListening:
D/MzInputService( 2683): hideVoicePopupWindow:
D/dalvikvm(11040): GC_FOR_ALLOC freed 3461K, 26% free 16172K/21732K, paused 17ms, total 17ms
I/ActivityManager( 2530): START u0 {act=android.intent.action.MAIN cat=[android.intent.category.LAUNCHER] flg=0x10200000 cmp=com.meizu.notepaper/.NotePaperActivity bnds=[800,377][1032,637]} from pid 11040
D/MzInputService( 2683): cancelVoiceListening:
D/MzInputService( 2683): hideVoicePopupWindow:
D/MzInputService( 2683): cancelVoiceListening:
D/MzInputService( 2683): hideVoicePopupWindow:
D/MzInputService( 2683): cancelVoiceListening:
D/MzInputService( 2683): hideVoicePopupWindow:
D/dalvikvm(11040): GC_FOR_ALLOC freed 3524K, 27% free 15988K/21732K, paused 20ms, total 20ms
D/MzInputService( 2683): cancelVoiceListening:
D/MzInputService( 2683): hideVoicePopupWindow:
D/MzInputService( 2683): cancelVoiceListening:
D/MzInputService( 2683): hideVoicePopupWindow:
D/MzInputService( 2683): cancelVoiceListening:
D/MzInputService( 2683): hideVoicePopupWindow:
W/NotificationService( 2530): Object died trying to hide notification android.app.ITransientNotification$Stub$Proxy@419d7720 in package com.netease.qa.orangedemo
W/ActivityManager( 2530): setProcessForeground called on unknown pid: 27616
W/NotificationService( 2530): Object died trying to show notification android.app.ITransientNotification$Stub$Proxy@426a0da8 in package com.netease.qa.orangedemo
D/MzInputService( 2683): cancelVoiceListening:
D/MzInputService( 2683): hideVoicePopupWindow:
D/dalvikvm(11040): GC_FOR_ALLOC freed 3815K, 28% free 15691K/21732K, paused 19ms, total 19ms
D/MzInputService( 2683): cancelVoiceListening:
D/MzInputService( 2683): hideVoicePopupWindow:
I/ActivityManager( 2530): START u0 {act=android.intent.action.MAIN cat=[android.intent.category.LAUNCHER] flg=0x10200000 cmp=com.infinit.wostore.ui/.ZBeginActivity bnds=[672,377][904,637]} from pid 11040
D/MzInputService( 2683): cancelVoiceListening:
D/MzInputService( 2683): hideVoicePopupWindow:
I/ActivityManager( 2530): START u0 {act=android.search.action.GLOBAL_SEARCH flg=0x10000000 cmp=com.meizu.weathersearch/.SearchActivity (has extras)} from pid 11040
D/WindowManager( 2530): same orientatin win=Window{42a065b0 u0 Volume control}
D/MzInputService( 2683): cancelVoiceListening:
D/MzInputService( 2683): hideVoicePopupWindow:
D/dalvikvm(11040): GC_FOR_ALLOC freed 3528K, 27% free 15989K/21732K, paused 18ms, total 18ms
D/MzInputService( 2683): cancelVoiceListening:
D/MzInputService( 2683): hideVoicePopupWindow:
D/MzInputService( 2683): cancelVoiceListening:
D/MzInputService( 2683): hideVoicePopupWindow:
D/MzInputService( 2683): cancelVoiceListening:
D/MzInputService( 2683): hideVoicePopupWindow:
D/MzInputService( 2683): cancelVoiceListening:
D/MzInputService( 2683): hideVoicePopupWindow:
D/dalvikvm(11040): GC_FOR_ALLOC freed 3282K, 26% free 16285K/21732K, paused 18ms, total 18ms
D/MzInputService( 2683): cancelVoiceListening:
D/MzInputService( 2683): hideVoicePopupWindow:
D/MzInputService( 2683): cancelVoiceListening:
D/MzInputService( 2683): hideVoicePopupWindow:
D/MzInputService( 2683): cancelVoiceListening:
D/MzInputService( 2683): hideVoicePopupWindow:
I/ActivityManager( 2530): START u0 {act=android.search.action.GLOBAL_SEARCH flg=0x10000000 cmp=com.meizu.weathersearch/.SearchActivity (has extras)} from pid 11040
V/UsageStats( 2530): notePauseComponent -- com.android.launcher
I/ActivityManager( 2530): START u0 {act=android.intent.action.MAIN cat=[android.intent.category.LAUNCHER] flg=0x10200000 cmp=com.netease.qa.orangedemo/.MainActivity} from pid 27826
V/PhoneStatusBarView( 9330): Intent.ACTION_MEIZU_HOME_SHOWN --- shown = false, mLockScreen = false
I/ActivityManager( 2530): START u0 {flg=0x4018000 cmp=com.meizu.notepaper/.NotePaperActivity (has extras)} from pid -1
I/ActivityManager( 2530): START u0 {act=android.intent.action.EDIT dat=content://com.meizu.notepaper.NotePaper/notes/-5 flg=0x10010000 cmp=com.meizu.notepaper/.NoteEditActivity (has extras)} from pid -1
D/WindowManager( 2530): same orientatin win=Window{42429b38 u0 Starting com.netease.qa.orangedemo}
D/dalvikvm(27867): Late-enabling CheckJNI
I/ActivityManager( 2530): Start proc com.netease.qa.orangedemo for activity com.netease.qa.orangedemo/.MainActivity: pid=27867 uid=10074 gids={50074, 3003, 1015, 1023, 1028}
I/ActivityManager( 2530): START u0 {act=android.intent.action.MAIN cat=[android.intent.category.LAUNCHER] flg=0x10200000 cmp=com.netease.qa.orangedemo/.MainActivity} from pid 27826
I/dalvikvm(27867): Turning on JNI app bug workarounds for target SDK version 8...
W/Environment(27867): rawEmulatedStorageTarget is not empty
D/dalvikvm(27867): Debugger has detached; object registry had 1 entries
D/dalvikvm(11040): GC_FOR_ALLOC freed 3292K, 26% free 16286K/21732K, paused 31ms, total 31ms
E/Trace   (27867): error opening trace file: No such file or directory (2)
D/Activity(27867): mIntent: Intent { act=android.intent.action.MAIN cat=[android.intent.category.LAUNCHER] flg=0x10200000 cmp=com.netease.qa.orangedemo/.MainActivity } mActivityInfo.applicationInfo.uid: 10074 mActivityInfo.packageName: com.netease.qa.orangedemo permission: 0
D/PhoneStatusBar( 9330): MSG_DELAY_UPDATE_RECENT, rotation 0,   mManuRemoveTask = false
D/dalvikvm(27867): GC_CONCURRENT freed 186K, 12% free 2813K/3192K, paused 3ms+2ms, total 19ms
D/WindowManager( 2530):  new Focuscom.netease.qa.orangedemo/com.netease.qa.orangedemo.MainActivity
D/WindowManager( 2530): same orientatin win=Window{4195b518 u0 com.netease.qa.orangedemo/com.netease.qa.orangedemo.MainActivity}
V/PhoneStatusBar( 9330): setLightsOn(true)
D/libEGL  (27867): loaded /vendor/lib/egl/libEGL_POWERVR_SGX544_115.so
D/libEGL  (27867): loaded /vendor/lib/egl/libGLESv1_CM_POWERVR_SGX544_115.so
D/libEGL  (27867): loaded /vendor/lib/egl/libGLESv2_POWERVR_SGX544_115.so
I/        (27867): !@IMGSRV: DATE: 2013.05.22(18:30:23) | BUILDER: harpoon | [33mREVISION: 0db5d3529e1242f
D/OpenGLRenderer(27867): Enabling debug mode 0
D/WindowManager( 2530):  new FocusAtchDlg:com.netease.qa.orangedemo/com.netease.qa.orangedemo.MainActivity
I/ActivityManager( 2530): START u0 {act=android.intent.action.MAIN cat=[android.intent.category.HOME] flg=0x10200000 cmp=com.android.launcher/com.android.launcher2.Launcher (has extras)} from pid 2530
D/WindowManager( 2530): same orientatin win=Window{422f9f10 u0 AtchDlg:com.netease.qa.orangedemo/com.netease.qa.orangedemo.MainActivity}
D/dalvikvm(27867): GC_FOR_ALLOC freed 148K, 11% free 2986K/3328K, paused 16ms, total 16ms
D/dalvikvm(27867): GC_FOR_ALLOC freed 3K, 10% free 3255K/3604K, paused 10ms, total 10ms
I/dalvikvm-heap(27867): Grow heap (frag case) to 3.779MB for 435216-byte allocation
D/dalvikvm(27867): GC_FOR_ALLOC freed 0K, 9% free 3680K/4032K, paused 11ms, total 11ms
D/dalvikvm(27867): GC_CONCURRENT freed 45K, 10% free 3743K/4116K, paused 1ms+1ms, total 13ms
D/WindowManager( 2530):  new Focuscom.netease.qa.orangedemo/com.netease.qa.orangedemo.MainActivity
D/WindowManager( 2530): same orientatin win=Window{42a808b0 u0 com.netease.qa.orangedemo/com.netease.qa.orangedemo.MainActivity}
V/PhoneStatusBarView( 9330): Same background ff0d0d0d...no need to set again...return...
I/ActivityManager( 2530): START u0 {cmp=com.netease.qa.orangedemo/.ViewActivity} from pid 27867
I/ActivityManager( 2530): Displayed com.netease.qa.orangedemo/.MainActivity: +736ms
D/dalvikvm(27867): GC_CONCURRENT freed 445K, 16% free 3685K/4372K, paused 1ms+1ms, total 12ms
D/Activity(27867): mIntent: Intent { cmp=com.netease.qa.orangedemo/.ViewActivity } mActivityInfo.applicationInfo.uid: 10074 mActivityInfo.packageName: com.netease.qa.orangedemo permission: 0
D/WindowManager( 2530):  new Focuscom.netease.qa.orangedemo/com.netease.qa.orangedemo.ViewActivity
V/PhoneStatusBar( 9330): setLightsOn(true)
D/WindowManager( 2530): same orientatin win=Window{415d0580 u0 com.netease.qa.orangedemo/com.netease.qa.orangedemo.ViewActivity}
I/InputDispatcher( 2530): Dropped event because of pending overdue app switch.
W/InputManager( 2530): Input event injection from pid 27826 failed.
D/dalvikvm(27867): GC_FOR_ALLOC freed 166K, 13% free 3829K/4372K, paused 11ms, total 11ms
D/MzInputService( 2683): cancelVoiceListening:
D/MzInputService( 2683): hideVoicePopupWindow:
I/ActivityManager( 2530): START u0 {act=android.intent.action.MAIN cat=[android.intent.category.HOME] flg=0x10200000 cmp=com.android.launcher/com.android.launcher2.Launcher (has extras)} from pid 2530
I/ActivityManager( 2530): Displayed com.netease.qa.orangedemo/.ViewActivity: +196ms
D/WindowManager( 2530): same orientatin win=Window{42a97b88 u0 Toast}
D/MzInputService( 2683): cancelVoiceListening:
D/MzInputService( 2683): hideVoicePopupWindow:
D/MzInputService( 2683): cancelVoiceListening:
D/MzInputService( 2683): hideVoicePopupWindow:
D/MzInputService( 2683): cancelVoiceListening:
D/MzInputService( 2683): hideVoicePopupWindow:
D/MzInputService( 2683): cancelVoiceListening:
D/MzInputService( 2683): hideVoicePopupWindow:
D/MzInputService( 2683): cancelVoiceListening:
D/MzInputService( 2683): hideVoicePopupWindow:
D/MzInputService( 2683): cancelVoiceListening:
D/MzInputService( 2683): hideVoicePopupWindow:
D/MzInputService( 2683): cancelVoiceListening:
D/MzInputService( 2683): hideVoicePopupWindow:
V/PhoneStatusBarView( 9330): Same background ff0d0d0d...no need to set again...return...
D/WindowManager( 2530):  new Focuscom.netease.qa.orangedemo/com.netease.qa.orangedemo.MainActivity
V/PhoneStatusBar( 9330): setLightsOn(true)
I/InputDispatcher( 2530): Dropped event because of pending overdue app switch.
W/InputManager( 2530): Input event injection from pid 27826 failed.
D/WindowManager( 2530):  new Focuscom.netease.qa.orangedemo/com.netease.qa.orangedemo.MainActivity
D/MzInputService( 2683): cancelVoiceListening:
D/MzInputService( 2683): hideVoicePopupWindow:
I/AndroidRuntime(27867): VM exiting with result code 0, cleanup skipped.
I/WindowState( 2530): WIN DEATH: Window{4195b518 u0 com.netease.qa.orangedemo/com.netease.qa.orangedemo.MainActivity}
W/InputDispatcher( 2530): channel '4195b518 com.netease.qa.orangedemo/com.netease.qa.orangedemo.MainActivity (server)' ~ Consumer closed input channel or an error occurred.  events=0x9
E/InputDispatcher( 2530): channel '4195b518 com.netease.qa.orangedemo/com.netease.qa.orangedemo.MainActivity (server)' ~ Channel is unrecoverably broken and will be disposed!
W/InputDispatcher( 2530): Attempted to unregister already unregistered input channel '4195b518 com.netease.qa.orangedemo/com.netease.qa.orangedemo.MainActivity (server)'
I/ActivityManager( 2530): Process com.netease.qa.orangedemo (pid 27867) has died.
I/WindowState( 2530): WIN DEATH: Window{42a97b88 u0 Toast}
I/WindowState( 2530): WIN DEATH: Window{42a808b0 u0 com.netease.qa.orangedemo/com.netease.qa.orangedemo.MainActivity}
I/InputDispatcher( 2530): Dropping event because there is no focused window or focused application.
I/InputDispatcher( 2530): Dropping event because there is no focused window or focused application.
I/WindowState( 2530): WIN DEATH: Window{415d0580 u0 com.netease.qa.orangedemo/com.netease.qa.orangedemo.ViewActivity}
W/ActivityManager( 2530): Force removing ActivityRecord{41843460 u0 com.netease.qa.orangedemo/.MainActivity}: app died, no saved state
W/InputManager( 2530): Input event injection from pid 27826 failed.
I/InputDispatcher( 2530): Dropping event because there is no focused window or focused application.
I/InputDispatcher( 2530): Dropping event because there is no focused window or focused application.
I/InputDispatcher( 2530): Dropping event because there is no focused window or focused application.
W/InputManager( 2530): Input event injection from pid 27826 failed.
W/InputManager( 2530): Input event injection from pid 27826 failed.
W/InputManager( 2530): Input event injection from pid 27826 failed.
W/InputManager( 2530): Input event injection from pid 27826 failed.
I/InputDispatcher( 2530): Dropping event because there is no touched window.
W/InputManager( 2530): Input event injection from pid 27826 failed.
W/InputManager( 2530): Input event injection from pid 27826 failed.
W/InputManager( 2530): Input event injection from pid 27826 failed.
W/InputManager( 2530): Input event injection from pid 27826 failed.
W/InputManager( 2530): Input event injection from pid 27826 failed.
W/InputManager( 2530): Input event injection from pid 27826 failed.
W/InputManager( 2530): Input event injection from pid 27826 failed.
W/InputManager( 2530): Input event injection from pid 27826 failed.
I/InputDispatcher( 2530): Dropping event because there is no focused window or focused application.
I/InputDispatcher( 2530): Dropping event because there is no focused window or focused application.
I/InputDispatcher( 2530): Dropping event because there is no focused window or focused application.
I/InputDispatcher( 2530): Dropping event because there is no focused window or focused application.
W/InputManager( 2530): Input event injection from pid 27826 failed.
W/InputManager( 2530): Input event injection from pid 27826 failed.
W/InputManager( 2530): Input event injection from pid 27826 failed.
W/InputManager( 2530): Input event injection from pid 27826 failed.
I/InputDispatcher( 2530): Dropping event because there is no focused window or focused application.
I/InputDispatcher( 2530): Dropping event because there is no focused window or focused application.
I/InputDispatcher( 2530): Dropping event because there is no focused window or focused application.
I/InputDispatcher( 2530): Dropping event because there is no focused window or focused application.
W/InputManager( 2530): Input event injection from pid 27826 failed.
W/InputManager( 2530): Input event injection from pid 27826 failed.
W/InputManager( 2530): Input event injection from pid 27826 failed.
W/InputManager( 2530): Input event injection from pid 27826 failed.
I/InputDispatcher( 2530): Dropping event because there is no touched window.
I/InputDispatcher( 2530): Dropping event because there is no focused window or focused application.
I/InputDispatcher( 2530): Dropping event because there is no focused window or focused application.
I/InputDispatcher( 2530): Dropping event because there is no focused window or focused application.
I/InputDispatcher( 2530): Dropping event because there is no focused window or focused application.
W/InputManager( 2530): Input event injection from pid 27826 failed.
W/InputManager( 2530): Input event injection from pid 27826 failed.
W/InputManager( 2530): Input event injection from pid 27826 failed.
W/InputManager( 2530): Input event injection from pid 27826 failed.
W/InputManager( 2530): Input event injection from pid 27826 failed.
W/InputManager( 2530): Input event injection from pid 27826 failed.
I/InputDispatcher( 2530): Dropping event because there is no focused window or focused application.
I/InputDispatcher( 2530): Dropping event because there is no focused window or focused application.
I/InputDispatcher( 2530): Dropping event because there is no focused window or focused application.
I/InputDispatcher( 2530): Dropping event because there is no focused window or focused application.
I/InputDispatcher( 2530): Dropping event because there is no focused window or focused application.
W/InputManager( 2530): Input event injection from pid 27826 failed.
W/InputManager( 2530): Input event injection from pid 27826 failed.
W/InputManager( 2530): Input event injection from pid 27826 failed.
W/InputManager( 2530): Input event injection from pid 27826 failed.
I/InputDispatcher( 2530): Dropping event because there is no focused window or focused application.
I/InputDispatcher( 2530): Dropping event because there is no focused window or focused application.
I/InputDispatcher( 2530): Dropping event because there is no focused window or focused application.
I/InputDispatcher( 2530): Dropping event because there is no focused window or focused application.
W/InputManager( 2530): Input event injection from pid 27826 failed.
W/InputManager( 2530): Input event injection from pid 27826 failed.
W/InputManager( 2530): Input event injection from pid 27826 failed.
W/InputManager( 2530): Input event injection from pid 27826 failed.
W/InputManager( 2530): Input event injection from pid 27826 failed.
I/InputDispatcher( 2530): Dropping event because there is no focused window or focused application.
I/InputDispatcher( 2530): Dropping event because there is no focused window or focused application.
I/InputDispatcher( 2530): Dropping event because there is no focused window or focused application.
I/InputDispatcher( 2530): Dropping event because there is no focused window or focused application.
W/InputManager( 2530): Input event injection from pid 27826 failed.
W/InputManager( 2530): Input event injection from pid 27826 failed.
W/InputManager( 2530): Input event injection from pid 27826 failed.
W/InputManager( 2530): Input event injection from pid 27826 failed.
I/InputDispatcher( 2530): Dropping event because there is no focused window or focused application.
I/InputDispatcher( 2530): Dropping event because there is no focused window or focused application.
I/InputDispatcher( 2530): Dropping event because there is no focused window or focused application.
I/InputDispatcher( 2530): Dropping event because there is no focused window or focused application.
I/InputDispatcher( 2530): Dropping event because there is no focused window or focused application.
W/InputManager( 2530): Input event injection from pid 27826 failed.
W/InputManager( 2530): Input event injection from pid 27826 failed.
W/InputManager( 2530): Input event injection from pid 27826 failed.
W/InputManager( 2530): Input event injection from pid 27826 failed.
I/InputDispatcher( 2530): Dropping event because there is no focused window or focused application.
I/InputDispatcher( 2530): Dropping event because there is no focused window or focused application.
I/InputDispatcher( 2530): Dropping event because there is no focused window or focused application.
W/InputManager( 2530): Input event injection from pid 27826 failed.
W/InputManager( 2530): Input event injection from pid 27826 failed.
W/InputManager( 2530): Input event injection from pid 27826 failed.
W/InputManager( 2530): Input event injection from pid 27826 failed.
I/InputDispatcher( 2530): Dropping event because there is no focused window or focused application.
I/InputDispatcher( 2530): Dropping event because there is no focused window or focused application.
I/InputDispatcher( 2530): Dropping event because there is no focused window or focused application.
W/InputManager( 2530): Input event injection from pid 27826 failed.
W/InputManager( 2530): Input event injection from pid 27826 failed.
W/InputManager( 2530): Input event injection from pid 27826 failed.
I/InputDispatcher( 2530): Dropping event because there is no focused window or focused application.
I/InputDispatcher( 2530): Dropping event because there is no focused window or focused application.
W/InputManager( 2530): Input event injection from pid 27826 failed.
I/InputDispatcher( 2530): Dropping event because there is no focused window or focused application.
I/InputDispatcher( 2530): Dropping event because there is no focused window or focused application.
I/InputDispatcher( 2530): Dropping event because there is no focused window or focused application.
W/InputManager( 2530): Input event injection from pid 27826 failed.
W/InputManager( 2530): Input event injection from pid 27826 failed.
W/InputManager( 2530): Input event injection from pid 27826 failed.
W/InputManager( 2530): Input event injection from pid 27826 failed.
I/InputDispatcher( 2530): Dropping event because there is no focused window or focused application.
I/InputDispatcher( 2530): Dropping event because there is no focused window or focused application.
W/InputManager( 2530): Input event injection from pid 27826 failed.
W/InputManager( 2530): Input event injection from pid 27826 failed.
I/InputDispatcher( 2530): Dropping event because there is no focused window or focused application.
V/UsageStats( 2530): noteResumeComponent -- com.android.launcher
I/InputDispatcher( 2530): Dropping event because there is no focused window or focused application.
I/InputDispatcher( 2530): Dropping event because there is no focused window or focused application.
W/InputManager( 2530): Input event injection from pid 27826 failed.
W/InputManager( 2530): Input event injection from pid 27826 failed.
W/InputManager( 2530): Input event injection from pid 27826 failed.
I/InputDispatcher( 2530): Dropping event because there is no focused window or focused application.
I/InputDispatcher( 2530): Dropping event because there is no focused window or focused application.
W/InputDispatcher( 2530): Asynchronous input event injection failed.
I/InputDispatcher( 2530): Dropping event because there is no focused window or focused application.
I/InputDispatcher( 2530): Dropping event because there is no focused window or focused application.
W/InputManager( 2530): Input event injection from pid 27826 failed.
W/InputManager( 2530): Input event injection from pid 27826 failed.
W/InputManager( 2530): Input event injection from pid 27826 failed.
V/PhoneStatusBarView( 9330): Intent.ACTION_MEIZU_HOME_SHOWN --- shown = true, mLockScreen = false
D/PhoneStatusBar( 9330): MSG_DELAY_UPDATE_RECENT, rotation 0,   mManuRemoveTask = false
D/WindowManager( 2530):  new Focuscom.android.launcher/com.android.launcher2.Launcher
W/InputMethodManagerService( 2530): Got RemoteException sending setActive(false) notification to pid 27867 uid 10074
D/MzInputService( 2683): cancelVoiceListening:
D/MzInputService( 2683): hideVoicePopupWindow:
D/dalvikvm(11040): GC_FOR_ALLOC freed 3465K, 27% free 15692K/21468K, paused 22ms, total 23ms
D/MzInputService( 2683): cancelVoiceListening:
D/MzInputService( 2683): hideVoicePopupWindow:
V/UsageStats( 2530): notePauseComponent -- com.android.launcher
I/ActivityManager( 2530): START u0 {act=android.intent.action.MAIN cat=[android.intent.category.LAUNCHER] flg=0x10200000 cmp=com.netease.qa.orangedemo/.MainActivity} from pid 27826
V/PhoneStatusBarView( 9330): Intent.ACTION_MEIZU_HOME_SHOWN --- shown = false, mLockScreen = false
D/WindowManager( 2530): same orientatin win=Window{429aeb60 u0 Starting com.netease.qa.orangedemo}
I/ActivityManager( 2530): START u0 {act=android.intent.action.MAIN cat=[android.intent.category.LAUNCHER] flg=0x10200000 cmp=com.infinit.wostore.ui/.ZBeginActivity bnds=[351,377][583,637]} from pid 11040
D/dalvikvm(27893): Late-enabling CheckJNI
I/ActivityManager( 2530): Start proc com.netease.qa.orangedemo for activity com.netease.qa.orangedemo/.MainActivity: pid=27893 uid=10074 gids={50074, 3003, 1015, 1023, 1028}
I/dalvikvm(27893): Turning on JNI app bug workarounds for target SDK version 8...
W/Environment(27893): rawEmulatedStorageTarget is not empty
E/Trace   (27893): error opening trace file: No such file or directory (2)
W/InputMethodManagerService( 2530): Starting input on non-focused client com.android.internal.view.IInputMethodClient$Stub$Proxy@416e5748 (uid=10024 pid=11040)
D/Activity(27893): mIntent: Intent { act=android.intent.action.MAIN cat=[android.intent.category.LAUNCHER] flg=0x10200000 cmp=com.netease.qa.orangedemo/.MainActivity } mActivityInfo.applicationInfo.uid: 10074 mActivityInfo.packageName: com.netease.qa.orangedemo permission: 0
D/PhoneStatusBar( 9330): MSG_DELAY_UPDATE_RECENT, rotation 0,   mManuRemoveTask = false
