I/ActivityManager( 2530): START u0 {act=android.intent.action.MAIN cat=[android.intent.category.LAUNCHER] flg=0x10200000 cmp=com.netease.qa.orangedemo/.MainActivity} from pid 27826
I/PlaybackService(26899): onStartCommand
D/PlaybackService(26899): action: com.android.music.musicservicecommand
D/PlaybackService(26899): command: stop
D/PreferencesHelper(26899): reloadPlayingListQueue play list size is 0
D/PlaybackService(26899): initQueue. External database has 0 pieces of music.
D/PreferencesHelper(26899): saveQueue play list size is 0
D/MediaButtonIntentReceiver(26899): intentAction:android.intent.action.MEDIA_BUTTON
D/MediaButtonIntentReceiver(26899): keycode 86
D/MediaButtonIntentReceiver(26899): action 1
I/ActivityManager( 2530): START u0 {act=android.intent.action.MAIN cat=[android.intent.category.LAUNCHER] flg=0x10200000 cmp=com.netease.qa.orangedemo/.MainActivity} from pid 27826
I/ActivityManager( 2530): START u0 {act=android.intent.action.MAIN cat=[android.intent.category.HOME] flg=0x10200000 cmp=com.android.launcher/com.android.launcher2.Launcher (has extras)} from pid 2530
I/ActivityManager( 2530): START u0 {act=android.intent.action.MAIN cat=[android.intent.category.LAUNCHER] flg=0x10200000 cmp=com.netease.qa.orangedemo/.MainActivity} from pid 27826
I/LedTest ( 2530): mLedNotification = null, mIcCall = false, mScreenOn = true
I/LedTest ( 2530): mLedNotification == null..cancel breath light...
I/LedTest ( 2530): screen is on..cancel breath light...
V/LightsService( 2530): setLightButtonSlope time cost 13
V/PhoneStatusBarView( 9330): alphaBeforeDropDown = 0.6
V/PhoneStatusBarView( 9330): DropDown! set mStatusBarContents & mMarqueeTickerView alpha to 0.6
D/WindowManager( 2530): same orientatin win=Window{418bbb50 u0 StatusBar}
I/ActivityManager( 2530): START u0 {act=android.intent.action.MAIN cat=[android.intent.category.LAUNCHER] flg=0x10200000 cmp=com.netease.qa.orangedemo/.MainActivity} from pid 27826
V/PhoneStatusBarView( 9330): not DropDown...set mStatusBarContents & mMarqueeTickerView alpha back to 0.6
I/LedTest ( 2530): mLedNotification = null, mIcCall = false, mScreenOn = true
I/LedTest ( 2530): mLedNotification == null..cancel breath light...
I/LedTest ( 2530): screen is on..cancel breath light...
V/LightsService( 2530): setLightButtonSlope time cost 4
D/WindowManager( 2530): same orientatin win=Window{418bbb50 u0 StatusBar}
D/WindowManager( 2530): same orientatin win=Window{41a0d9c8 u0 Volume control}
I/ActivityManager( 2530): START u0 {act=android.intent.action.MAIN cat=[android.intent.category.HOME] flg=0x10200000 cmp=com.android.launcher/com.android.launcher2.Launcher (has extras)} from pid 2530
D/WindowManager( 2530): same orientatin win=Window{428b8f30 u0 Toast}
V/PhoneStatusBarView( 9330): Same background ff0d0d0d...no need to set again...return...
D/WindowManager( 2530):  new Focuscom.netease.qa.orangedemo/com.netease.qa.orangedemo.MainActivity
V/PhoneStatusBar( 9330): setLightsOn(true)
I/InputDispatcher( 2530): Dropped event because of pending overdue app switch.
D/MzInputService( 2683): cancelVoiceListening:
D/MzInputService( 2683): hideVoicePopupWindow:
W/InputManager( 2530): Input event injection from pid 27826 failed.
I/ActivityManager( 2530): START u0 {cmp=com.netease.qa.orangedemo/.EditTextActivity} from pid 27893
V/PhoneStatusBarView( 9330): Same background ff0d0d0d...no need to set again...return...
I/ActivityManager( 2530): START u0 {cmp=com.netease.qa.orangedemo/.ViewActivity} from pid 27893
W/ActivityManager( 2530): Activity start request from 10074 stopped
I/ActivityManager( 2530): START u0 {cmp=com.netease.qa.orangedemo/.EditTextActivity} from pid 27893
W/ActivityManager( 2530): Activity start request from 10074 stopped
D/Activity(27893): mIntent: Intent { cmp=com.netease.qa.orangedemo/.EditTextActivity } mActivityInfo.applicationInfo.uid: 10074 mActivityInfo.packageName: com.netease.qa.orangedemo permission: 0
W/ViewRootImpl(27893): Dropping event due to no window focus: KeyEvent { action=ACTION_DOWN, keyCode=KEYCODE_DPAD_RIGHT, scanCode=0, metaState=0, flags=0x400, repeatCount=0, eventTime=142273421, downTime=142273421, deviceId=-1, source=0x101 }
D/WindowManager( 2530):  new Focuscom.netease.qa.orangedemo/com.netease.qa.orangedemo.EditTextActivity
D/WindowManager( 2530): same orientatin win=Window{418e6890 u0 com.netease.qa.orangedemo/com.netease.qa.orangedemo.EditTextActivity}
V/PhoneStatusBar( 9330): setLightsOn(true)
D/MzInputService( 2683): cancelVoiceListening:
D/MzInputService( 2683): hideVoicePopupWindow:
I/ActivityManager( 2530): Displayed com.netease.qa.orangedemo/.EditTextActivity: +196ms
W/ViewRootImpl(27893): Dropping event due to no window focus: KeyEvent { action=ACTION_DOWN, keyCode=KEYCODE_DPAD_RIGHT, scanCode=0, metaState=0, flags=0x400, repeatCount=0, eventTime=142273421, downTime=142273421, deviceId=-1, source=0x101 }
W/ViewRootImpl(27893): Dropping event due to no window focus: KeyEvent { action=ACTION_DOWN, keyCode=KEYCODE_DPAD_RIGHT, scanCode=0, metaState=0, flags=0x400, repeatCount=0, eventTime=142273421, downTime=142273421, deviceId=-1, source=0x101 }
E/MzInputJNI.HW( 2683): mzConfig("dict_sudoku", "false")
E/MzInputJNI.HW( 2683): mzConfig("dict_sudoku", "false")
D/WindowManager( 2530): same orientatin win=Window{418e6890 u0 com.netease.qa.orangedemo/com.netease.qa.orangedemo.EditTextActivity}
D/dalvikvm(27826): GC_CONCURRENT freed 387K, 92% free 672K/8192K, paused 2ms+2ms, total 11ms
D/WindowManager( 2530): same orientatin win=Window{42683ca0 u0 PopupWindow:41494e30}
W/InputEventReceiver( 2683): Attempted to finish an input event but the input event receiver has already been disposed.
W/InputEventReceiver( 2683): Attempted to finish an input event but the input event receiver has already been disposed.
W/InputEventReceiver( 2683): Attempted to finish an input event but the input event receiver has already been disposed.
W/InputEventReceiver( 2683): Attempted to finish an input event but the input event receiver has already been disposed.
W/ApplicationContext( 2530): Calling a method in the system process without a qualified user: android.app.ContextImpl.startActivity:1000 com.android.internal.policy.impl.PhoneWindowManager.interceptKeyBeforeDispatching:2481 com.android.server.wm.InputMonitor.interceptKeyBeforeDispatching:382 
W/ApplicationContext( 2530): Calling a method in the system process without a qualified user: android.app.ContextImpl.startActivity:1012 android.app.ContextImpl.startActivity:1001 com.android.internal.policy.impl.PhoneWindowManager.interceptKeyBeforeDispatching:2481 
I/ActivityManager( 2530): START u0 {act=android.intent.action.MAIN cat=[android.intent.category.LAUNCHER] flg=0x10000000 cmp=com.android.calculator2/.Calculator sel={act=android.intent.action.MAIN cat=[android.intent.category.APP_CALCULATOR]}} from pid 2530
D/WindowManager( 2530): same orientatin win=Window{417a96d8 u0 PopupWindow:4145a7e8}
W/InputEventReceiver( 2683): Attempted to finish an input event but the input event receiver has already been disposed.
D/WindowManager( 2530): same orientatin win=Window{42a590f0 u0 PopupWindow:41494e30}
I/ActivityManager( 2530): START u0 {act=android.intent.action.MAIN cat=[android.intent.category.HOME] flg=0x10200000 cmp=com.android.launcher/com.android.launcher2.Launcher (has extras)} from pid 2530
D/WindowManager( 2530): same orientatin win=Window{41997118 u0 Volume control}
W/InputManager( 2530): Input event injection from pid 27826 failed.
W/InputManager( 2530): Input event injection from pid 27826 failed.
W/InputManager( 2530): Input event injection from pid 27826 failed.
W/InputManager( 2530): Input event injection from pid 27826 failed.
W/InputManager( 2530): Input event injection from pid 27826 failed.
W/InputManager( 2530): Input event injection from pid 27826 failed.
W/InputManager( 2530): Input event injection from pid 27826 failed.
W/InputManager( 2530): Input event injection from pid 27826 failed.
W/InputEventReceiver( 2683): Attempted to finish an input event but the input event receiver has already been disposed.
D/WindowManager( 2530): same orientatin win=Window{41807cd0 u0 PopupWindow:4145a7e8}
W/InputEventReceiver( 2683): Attempted to finish an input event but the input event receiver has already been disposed.
D/dalvikvm( 2530): GC_EXPLICIT freed 2150K, 36% free 19769K/30560K, paused 6ms+19ms, total 125ms
D/WindowManager( 2530): same orientatin win=Window{416ecf18 u0 PopupWindow:4145a7e8}
W/InputEventReceiver( 2683): Attempted to finish an input event but the input event receiver has already been disposed.
I/ActivityManager( 2530): START u0 {act=android.intent.action.MAIN cat=[android.intent.category.LAUNCHER] flg=0x10200000 cmp=com.netease.qa.orangedemo/.MainActivity} from pid 27826
V/PhoneStatusBarView( 9330): Same background ff0d0d0d...no need to set again...return...
D/WindowManager( 2530): same orientatin win=Window{417c0ab0 u0 PopupWindow:41494e30}
D/Activity(27893): mIntent: Intent { cmp=com.netease.qa.orangedemo/.EditTextActivity } mActivityInfo.applicationInfo.uid: 10074 mActivityInfo.packageName: com.netease.qa.orangedemo permission: 0
D/WindowManager( 2530):  new Focuscom.netease.qa.orangedemo/com.netease.qa.orangedemo.EditTextActivity
V/PhoneStatusBar( 9330): setLightsOn(true)
D/WindowManager( 2530): same orientatin win=Window{418895d0 u0 com.netease.qa.orangedemo/com.netease.qa.orangedemo.EditTextActivity}
D/MzInputService( 2683): cancelVoiceListening:
D/MzInputService( 2683): hideVoicePopupWindow:
I/ActivityManager( 2530): Displayed com.netease.qa.orangedemo/.EditTextActivity: +108ms
D/WindowManager( 2530): same orientatin win=Window{418895d0 u0 com.netease.qa.orangedemo/com.netease.qa.orangedemo.EditTextActivity}
W/IInputConnectionWrapper(27893): setComposingText on inactive InputConnection
D/MzInputService( 2683): cancelVoiceListening:
D/MzInputService( 2683): hideVoicePopupWindow:
D/MzSyncService(26998): Receive data change action: com.meizu.mzsync.MzInput
I/System.out(26998): AsyncExecImpl : add task, s = 1
D/WindowManager( 2530): same orientatin win=Window{418895d0 u0 com.netease.qa.orangedemo/com.netease.qa.orangedemo.EditTextActivity}
D/SettingSyncRecordManager(26998): setStateChange while state is need restore, skip.
I/System.out(26998): AsyncExecImpl : rem task, s = 0
W/IInputConnectionWrapper(27893): setComposingText on inactive InputConnection
E/MzInputJNI.HW( 2683): mzConfig("dict_sudoku", "false")
E/MzInputJNI.HW( 2683): mzConfig("dict_sudoku", "false")
D/WindowManager( 2530): same orientatin win=Window{418895d0 u0 com.netease.qa.orangedemo/com.netease.qa.orangedemo.EditTextActivity}
D/WindowManager( 2530): same orientatin win=Window{418a73b0 u0 PopupWindow:4145a7e8}
D/WindowManager( 2530): same orientatin win=Window{418aa060 u0 PopupWindow:41494e30}
D/dalvikvm(27893): GC_CONCURRENT freed 614K, 32% free 5647K/8304K, paused 3ms+5ms, total 24ms
W/InputEventReceiver( 2683): Attempted to finish an input event but the input event receiver has already been disposed.
W/InputEventReceiver( 2683): Attempted to finish an input event but the input event receiver has already been disposed.
W/InputEventReceiver( 2683): Attempted to finish an input event but the input event receiver has already been disposed.
D/dalvikvm(27826): GC_CONCURRENT freed 386K, 92% free 673K/8192K, paused 0ms+1ms, total 8ms
D/WindowManager( 2530): same orientatin win=Window{4190c860 u0 PopupWindow:416ad378}
W/InputEventReceiver(27893): Attempted to finish an input event but the input event receiver has already been disposed.
D/WindowManager( 2530): same orientatin win=Window{4193c748 u0 Volume control}
D/WindowManager( 2530): same orientatin win=Window{41956d40 u0 PopupWindow:4145a7e8}
D/WindowManager( 2530): same orientatin win=Window{4195f468 u0 Toast}
D/WindowManager( 2530): same orientatin win=Window{419717b8 u0 PopupWindow:4145a6f0}
W/InputEventReceiver( 2683): Attempted to finish an input event but the input event receiver has already been disposed.
D/WindowManager( 2530): same orientatin win=Window{419731d8 u0 PopupWindow:4145a7e8}
W/InputEventReceiver( 2683): Attempted to finish an input event but the input event receiver has already been disposed.
D/WindowManager( 2530): same orientatin win=Window{419ae660 u0 PopupWindow:4145a6f0}
W/InputEventReceiver( 2683): Attempted to finish an input event but the input event receiver has already been disposed.
I/ActivityManager( 2530): START u0 {act=android.intent.action.MAIN cat=[android.intent.category.HOME] flg=0x10200000 cmp=com.android.launcher/com.android.launcher2.Launcher (has extras)} from pid 2530
D/WindowManager( 2530): same orientatin win=Window{419c5e48 u0 PopupWindow:4145a6f0}
D/MzInputService( 2683): cancelVoiceListening:
D/MzInputService( 2683): hideVoicePopupWindow:
D/WindowManager( 2530): same orientatin win=Window{418895d0 u0 com.netease.qa.orangedemo/com.netease.qa.orangedemo.EditTextActivity}
D/WindowManager( 2530): same orientatin win=Window{418895d0 u0 com.netease.qa.orangedemo/com.netease.qa.orangedemo.EditTextActivity}
D/MzInputService( 2683): cancelVoiceListening:
D/MzInputService( 2683): hideVoicePopupWindow:
D/WindowManager( 2530): same orientatin win=Window{418895d0 u0 com.netease.qa.orangedemo/com.netease.qa.orangedemo.EditTextActivity}
W/InputEventReceiver( 2683): Attempted to finish an input event but the input event receiver has already been disposed.
D/WindowManager( 2530): same orientatin win=Window{418895d0 u0 com.netease.qa.orangedemo/com.netease.qa.orangedemo.EditTextActivity}
D/WindowManager( 2530): same orientatin win=Window{419cb128 u0 Volume control}
D/MediaButtonIntentReceiver(26899): intentAction:android.intent.action.MEDIA_BUTTON
D/MediaButtonIntentReceiver(26899): keycode 89
D/MediaButtonIntentReceiver(26899): action 0
D/MediaButtonIntentReceiver(26899): intentAction:android.intent.action.MEDIA_BUTTON
D/MediaButtonIntentReceiver(26899): keycode 89
D/MediaButtonIntentReceiver(26899): action 1
D/dalvikvm(26899): GC_CONCURRENT freed 418K, 16% free 3495K/4148K, paused 5ms+2ms, total 40ms
D/WindowManager( 2530): same orientatin win=Window{419e24a0 u0 PopupWindow:4145a6f0}
I/ActivityManager( 2530): START u0 {act=android.intent.action.MAIN cat=[android.intent.category.LAUNCHER] flg=0x10200000 cmp=com.netease.qa.orangedemo/.MainActivity} from pid 27826
W/InputEventReceiver( 2683): Attempted to finish an input event but the input event receiver has already been disposed.
D/dalvikvm(27826): GC_CONCURRENT freed 386K, 92% free 671K/8192K, paused 1ms+1ms, total 9ms
D/eup     (27907): rqdp{  current unseen proc:}com.tencent.qqmusic:QQPlayerService
D/WindowManager( 2530): same orientatin win=Window{41a8b868 u0 PopupWindow:416ad378}
W/InputEventReceiver(27893): Attempted to finish an input event but the input event receiver has already been disposed.
D/WindowManager( 2530): same orientatin win=Window{4227c850 u0 PopupWindow:4145a6f0}
D/MediaButtonIntentReceiver(26899): intentAction:android.intent.action.MEDIA_BUTTON
D/MediaButtonIntentReceiver(26899): keycode 89
D/MediaButtonIntentReceiver(26899): action 0
W/InputEventReceiver( 2683): Attempted to finish an input event but the input event receiver has already been disposed.
D/MediaButtonIntentReceiver(26899): intentAction:android.intent.action.MEDIA_BUTTON
D/MediaButtonIntentReceiver(26899): keycode 89
D/MediaButtonIntentReceiver(26899): action 1
D/WindowManager( 2530): same orientatin win=Window{422df068 u0 PopupWindow:416ad378}
D/WindowManager( 2530): same orientatin win=Window{422d61c8 u0 PopupWindow:4145a7e8}
W/InputEventReceiver(27893): Attempted to finish an input event but the input event receiver has already been disposed.
W/InputEventReceiver(27893): Attempted to finish an input event but the input event receiver has already been disposed.
D/WindowManager( 2530): same orientatin win=Window{423910a8 u0 PopupWindow:4145a6f0}
W/InputEventReceiver( 2683): Attempted to finish an input event but the input event receiver has already been disposed.
D/WindowManager( 2530): same orientatin win=Window{42399a50 u0 PopupWindow:4145a7e8}
D/WindowManager( 2530): same orientatin win=Window{42423738 u0 PopupWindow:4145a6f0}
W/InputDispatcher( 2530): Asynchronous input event injection failed.
I/InputDispatcher( 2530): Dropped event because the current application is not responding and the user has started interacting with a different application.
W/InputEventReceiver( 2683): Attempted to finish an input event but the input event receiver has already been disposed.
D/MzInputService( 2683): cancelVoiceListening:
D/MzInputService( 2683): hideVoicePopupWindow:
D/WindowManager( 2530): same orientatin win=Window{418895d0 u0 com.netease.qa.orangedemo/com.netease.qa.orangedemo.EditTextActivity}
D/WindowManager( 2530): same orientatin win=Window{42426700 u0 PopupWindow:4145a6f0}
D/MediaButtonIntentReceiver(26899): intentAction:android.intent.action.MEDIA_BUTTON
D/MediaButtonIntentReceiver(26899): keycode 88
D/MediaButtonIntentReceiver(26899): action 0
D/MediaButtonIntentReceiver(26899): start service, instantly=true
I/PlaybackService(26899): onStartCommand
D/PlaybackService(26899): action: com.android.music.musicservicecommand
D/PlaybackService(26899): command: previous
W/InputEventReceiver( 2683): Attempted to finish an input event but the input event receiver has already been disposed.
D/PlaybackService(26899): initQueue. External database has 0 pieces of music.
D/PreferencesHelper(26899): saveQueue play list size is 0
D/WindowManager( 2530): same orientatin win=Window{418895d0 u0 com.netease.qa.orangedemo/com.netease.qa.orangedemo.EditTextActivity}
D/PlaybackService(26899): list empty, update play info
D/PlaybackService(26899): updatePlayState mPlayState: -1
D/PlaybackService(26899): notifyChange isPlaying: false
D/PreferencesHelper(26899): saveQueue play list size is 0
D/PlaybackService(26899): notifyChange mTitle:null
D/MediaButtonIntentReceiver(26899): intentAction:android.intent.action.MEDIA_BUTTON
D/MediaButtonIntentReceiver(26899): keycode 88
D/MediaButtonIntentReceiver(26899): action 1
V/MusicFXControlPanelReceiver(26921): onReceive
V/MusicFXControlPanelReceiver(26921): Action: com.android.music.playstatechanged
V/MusicFXControlPanelReceiver(26921): Package name: com.meizu.media.music
V/MusicFXControlPanelReceiver(26921): Audio session: 0
V/AudioManager(26921): set Equalizer band value
V/AudioService( 2530): set Equalizer band value
E/AudioFlinger( 2121): set Equalizer failed ! 0 band value 10
D/WindowManager( 2530): same orientatin win=Window{42439638 u0 PopupWindow:4145a6f0}
W/InputEventReceiver( 2683): Attempted to finish an input event but the input event receiver has already been disposed.
D/WindowManager( 2530): same orientatin win=Window{425b8b58 u0 PopupWindow:4145a6f0}
D/MzInputService( 2683): cancelVoiceListening:
D/MzInputService( 2683): hideVoicePopupWindow:
D/WindowManager( 2530): same orientatin win=Window{418895d0 u0 com.netease.qa.orangedemo/com.netease.qa.orangedemo.EditTextActivity}
D/WindowManager( 2530): same orientatin win=Window{418895d0 u0 com.netease.qa.orangedemo/com.netease.qa.orangedemo.EditTextActivity}
D/WindowManager( 2530): same orientatin win=Window{426be6d8 u0 Toast}
D/NetworkUpgradeReceiver( 2530): currentPower: 100 level: 100 scale: 100
D/WindowManager( 2530): same orientatin win=Window{426e3990 u0 PopupWindow:4145a6f0}
D/dalvikvm(11909): GC_CONCURRENT freed 384K, 93% free 629K/7976K, paused 2ms+1ms, total 9ms
W/InputEventReceiver( 2683): Attempted to finish an input event but the input event receiver has already been disposed.
D/MzInputService( 2683): cancelVoiceListening:
D/MzInputService( 2683): hideVoicePopupWindow:
D/WindowManager( 2530): same orientatin win=Window{418895d0 u0 com.netease.qa.orangedemo/com.netease.qa.orangedemo.EditTextActivity}
I/ActivityManager( 2530): START u0 {act=android.intent.action.MAIN cat=[android.intent.category.LAUNCHER] flg=0x10200000 cmp=com.netease.qa.orangedemo/.MainActivity} from pid 27826
D/WindowManager( 2530): same orientatin win=Window{418895d0 u0 com.netease.qa.orangedemo/com.netease.qa.orangedemo.EditTextActivity}
D/dalvikvm(27826): GC_CONCURRENT freed 384K, 92% free 671K/8192K, paused 1ms+2ms, total 11ms
D/MzInputService( 2683): cancelVoiceListening:
D/MzInputService( 2683): hideVoicePopupWindow:
D/WindowManager( 2530): same orientatin win=Window{418895d0 u0 com.netease.qa.orangedemo/com.netease.qa.orangedemo.EditTextActivity}
D/WindowManager( 2530): same orientatin win=Window{418895d0 u0 com.netease.qa.orangedemo/com.netease.qa.orangedemo.EditTextActivity}
D/WindowManager( 2530): same orientatin win=Window{4286ed60 u0 PopupWindow:4145a6f0}
W/InputEventReceiver( 2683): Attempted to finish an input event but the input event receiver has already been disposed.
D/dalvikvm(27893): GC_CONCURRENT freed 486K, 27% free 6078K/8300K, paused 3ms+4ms, total 24ms
D/WindowManager( 2530): same orientatin win=Window{42872878 u0 PopupWindow:416ad378}
D/WindowManager( 2530): same orientatin win=Window{4288a458 u0 PopupWindow:4135ef40}
D/WindowManager( 2530): same orientatin win=Window{4289d560 u0 PopupWindow:4135f2d0}
D/dalvikvm( 2683): GC_CONCURRENT freed 1952K, 19% free 9571K/11720K, paused 3ms+9ms, total 46ms
D/WindowManager( 2530): same orientatin win=Window{4290ae28 u0 PopupWindow:4145a6f0}
W/InputEventReceiver( 2683): Attempted to finish an input event but the input event receiver has already been disposed.
D/WindowManager( 2530): same orientatin win=Window{4290dd80 u0 Volume control}
D/WindowManager( 2530): same orientatin win=Window{4291e310 u0 PopupWindow:4145a6f0}
D/MzInputService( 2683): cancelVoiceListening:
D/MzInputService( 2683): hideVoicePopupWindow:
D/WindowManager( 2530): same orientatin win=Window{418895d0 u0 com.netease.qa.orangedemo/com.netease.qa.orangedemo.EditTextActivity}
W/InputEventReceiver( 2683): Attempted to finish an input event but the input event receiver has already been disposed.
D/WindowManager( 2530): same orientatin win=Window{418895d0 u0 com.netease.qa.orangedemo/com.netease.qa.orangedemo.EditTextActivity}
I/ActivityManager( 2530): START u0 {act=android.intent.action.MAIN cat=[android.intent.category.LAUNCHER] flg=0x10200000 cmp=com.netease.qa.orangedemo/.MainActivity} from pid 27826
I/ActivityManager( 2530): START u0 {act=android.intent.action.MAIN cat=[android.intent.category.LAUNCHER] flg=0x10200000 cmp=com.netease.qa.orangedemo/.MainActivity} from pid 27826
D/dalvikvm(27826): GC_CONCURRENT freed 385K, 92% free 671K/8192K, paused 1ms+1ms, total 9ms
I/ActivityManager( 2530): START u0 {act=android.intent.action.MAIN cat=[android.intent.category.HOME] flg=0x10200000 cmp=com.android.launcher/com.android.launcher2.Launcher (has extras)} from pid 2530
D/WindowManager( 2530): same orientatin win=Window{42923a28 u0 PopupWindow:4145a6f0}
W/InputEventReceiver( 2683): Attempted to finish an input event but the input event receiver has already been disposed.
D/WindowManager( 2530): same orientatin win=Window{42b96f38 u0 PopupWindow:4145a6f0}
W/InputEventReceiver( 2683): Attempted to finish an input event but the input event receiver has already been disposed.
D/WindowManager( 2530): same orientatin win=Window{411c28c0 u0 PopupWindow:4145a6f0}
W/InputEventReceiver( 2683): Attempted to finish an input event but the input event receiver has already been disposed.
I/InputDispatcher( 2530): Dropped event because of pending overdue app switch.
W/InputManager( 2530): Input event injection from pid 27826 failed.
D/WindowManager( 2530): same orientatin win=Window{426e1c38 u0 Toast}
D/WindowManager( 2530): same orientatin win=Window{4188be20 u0 Volume control}
D/MzInputService( 2683): cancelVoiceListening:
D/MzInputService( 2683): hideVoicePopupWindow:
D/WindowManager( 2530): same orientatin win=Window{418895d0 u0 com.netease.qa.orangedemo/com.netease.qa.orangedemo.EditTextActivity}
D/WindowManager( 2530): same orientatin win=Window{418895d0 u0 com.netease.qa.orangedemo/com.netease.qa.orangedemo.EditTextActivity}
D/WindowManager( 2530): same orientatin win=Window{42366d70 u0 PopupWindow:4145a6f0}
W/InputEventReceiver( 2683): Attempted to finish an input event but the input event receiver has already been disposed.
D/WindowManager( 2530): same orientatin win=Window{4286bd40 u0 PopupWindow:4145a7e8}
W/InputEventReceiver( 2683): Attempted to finish an input event but the input event receiver has already been disposed.
D/WindowManager( 2530): same orientatin win=Window{429a98f8 u0 PopupWindow:4145a6f0}
W/InputEventReceiver( 2683): Attempted to finish an input event but the input event receiver has already been disposed.
D/WindowManager( 2530): same orientatin win=Window{41a89158 u0 PopupWindow:4145a6f0}
D/WindowManager( 2530): same orientatin win=Window{41a903d8 u0 Volume control}
W/InputEventReceiver( 2683): Attempted to finish an input event but the input event receiver has already been disposed.
D/WindowManager( 2530): same orientatin win=Window{419dbca0 u0 PopupWindow:4145a6f0}
W/InputEventReceiver( 2683): Attempted to finish an input event but the input event receiver has already been disposed.
D/WindowManager( 2530): same orientatin win=Window{429adf60 u0 PopupWindow:4145a6f0}
W/InputDispatcher( 2530): Asynchronous input event injection failed.
I/InputDispatcher( 2530): Dropped event because the current application is not responding and the user has started interacting with a different application.
W/InputDispatcher( 2530): Asynchronous input event injection failed.
I/InputDispatcher( 2530): Dropped event because the current application is not responding and the user has started interacting with a different application.
W/InputEventReceiver( 2683): Attempted to finish an input event but the input event receiver has already been disposed.
D/WindowManager( 2530): same orientatin win=Window{425b1f10 u0 PopupWindow:4145a6f0}
W/InputEventReceiver( 2683): Attempted to finish an input event but the input event receiver has already been disposed.
D/WindowManager( 2530): same orientatin win=Window{4174fb08 u0 Volume control}
D/dalvikvm(27826): GC_CONCURRENT freed 385K, 92% free 675K/8192K, paused 0ms+1ms, total 9ms
I/ActivityManager( 2530): START u0 {act=android.intent.action.MAIN cat=[android.intent.category.LAUNCHER] flg=0x10200000 cmp=com.netease.qa.orangedemo/.MainActivity} from pid 27826
D/WindowManager( 2530): same orientatin win=Window{422aba60 u0 PopupWindow:4145a6f0}
W/InputEventReceiver( 2683): Attempted to finish an input event but the input event receiver has already been disposed.
D/dalvikvm( 2530): GC_EXPLICIT freed 1831K, 35% free 19884K/30560K, paused 6ms+18ms, total 154ms
D/WindowManager( 2530): same orientatin win=Window{411cc6b8 u0 PopupWindow:4145a6f0}
D/MzInputService( 2683): cancelVoiceListening:
D/MzInputService( 2683): hideVoicePopupWindow:
D/WindowManager( 2530): same orientatin win=Window{418895d0 u0 com.netease.qa.orangedemo/com.netease.qa.orangedemo.EditTextActivity}
D/WindowManager( 2530): same orientatin win=Window{4140f508 u0 Volume control}
D/WindowManager( 2530): same orientatin win=Window{418895d0 u0 com.netease.qa.orangedemo/com.netease.qa.orangedemo.EditTextActivity}
D/WindowManager( 2530): same orientatin win=Window{415a6ff8 u0 PopupWindow:4145a6f0}
D/WindowManager( 2530): same orientatin win=Window{415a77f8 u0 Toast}
W/InputEventReceiver( 2683): Attempted to finish an input event but the input event receiver has already been disposed.
D/WindowManager( 2530): same orientatin win=Window{415b9748 u0 Volume control}
D/dalvikvm(26899): GC_CONCURRENT freed 369K, 15% free 3515K/4136K, paused 7ms+2ms, total 36ms
D/WindowManager( 2530): same orientatin win=Window{4166b938 u0 PopupWindow:4145a6f0}
D/WindowManager( 2530): same orientatin win=Window{417a7400 u0 PopupWindow:4145a6f0}
W/InputEventReceiver( 2683): Attempted to finish an input event but the input event receiver has already been disposed.
D/MzInputService( 2683): cancelVoiceListening:
D/MzInputService( 2683): hideVoicePopupWindow:
D/WindowManager( 2530): same orientatin win=Window{418895d0 u0 com.netease.qa.orangedemo/com.netease.qa.orangedemo.EditTextActivity}
D/WindowManager( 2530): same orientatin win=Window{418895d0 u0 com.netease.qa.orangedemo/com.netease.qa.orangedemo.EditTextActivity}
D/WindowManager( 2530): same orientatin win=Window{417c8900 u0 PopupWindow:4145a6f0}
W/InputEventReceiver( 2683): Attempted to finish an input event but the input event receiver has already been disposed.
D/WindowManager( 2530): same orientatin win=Window{417e2608 u0 PopupWindow:4145a6f0}
W/ApplicationContext( 2530): Calling a method in the system process without a qualified user: android.app.ContextImpl.startActivity:1000 com.android.internal.policy.impl.PhoneWindowManager.interceptKeyBeforeDispatching:2481 com.android.server.wm.InputMonitor.interceptKeyBeforeDispatching:382 
W/ApplicationContext( 2530): Calling a method in the system process without a qualified user: android.app.ContextImpl.startActivity:1012 android.app.ContextImpl.startActivity:1001 com.android.internal.policy.impl.PhoneWindowManager.interceptKeyBeforeDispatching:2481 
I/ActivityManager( 2530): START u0 {act=android.intent.action.MAIN cat=[android.intent.category.LAUNCHER] flg=0x10000000 cmp=com.android.email/.activity.EmailActivity sel={act=android.intent.action.MAIN cat=[android.intent.category.APP_EMAIL]}} from pid 2530
D/WindowManager( 2530): same orientatin win=Window{417ec228 u0 PopupWindow:4145a7e8}
D/MzInputService( 2683): cancelVoiceListening:
D/MzInputService( 2683): hideVoicePopupWindow:
D/WindowManager( 2530): same orientatin win=Window{418895d0 u0 com.netease.qa.orangedemo/com.netease.qa.orangedemo.EditTextActivity}
D/dalvikvm(27826): GC_CONCURRENT freed 388K, 92% free 673K/8192K, paused 2ms+2ms, total 10ms
W/InputEventReceiver( 2683): Attempted to finish an input event but the input event receiver has already been disposed.
D/eup     (27793): rqdp{  current unseen proc:}com.tencent.qqmusic
D/WindowManager( 2530): same orientatin win=Window{418895d0 u0 com.netease.qa.orangedemo/com.netease.qa.orangedemo.EditTextActivity}
D/dalvikvm(11909): GC_CONCURRENT freed 383K, 93% free 631K/7976K, paused 2ms+1ms, total 8ms
D/WindowManager( 2530): same orientatin win=Window{417ffbf8 u0 PopupWindow:4145a6f0}
W/InputEventReceiver( 2683): Attempted to finish an input event but the input event receiver has already been disposed.
D/MediaButtonIntentReceiver(26899): intentAction:android.intent.action.MEDIA_BUTTON
D/MediaButtonIntentReceiver(26899): keycode 127
D/MediaButtonIntentReceiver(26899): action 0
D/MediaButtonIntentReceiver(26899): start service, instantly=true
I/PlaybackService(26899): onStartCommand
D/PlaybackService(26899): action: com.android.music.musicservicecommand
D/PlaybackService(26899): command: pause
D/MediaButtonIntentReceiver(26899): intentAction:android.intent.action.MEDIA_BUTTON
D/MediaButtonIntentReceiver(26899): keycode 127
D/MediaButtonIntentReceiver(26899): action 1
D/MzInputService( 2683): cancelVoiceListening:
D/MzInputService( 2683): hideVoicePopupWindow:
D/WindowManager( 2530): same orientatin win=Window{418895d0 u0 com.netease.qa.orangedemo/com.netease.qa.orangedemo.EditTextActivity}
D/WindowManager( 2530): same orientatin win=Window{41805360 u0 PopupWindow:416ad378}
D/WindowManager( 2530): same orientatin win=Window{41815538 u0 PopupWindow:4135ef40}
D/WindowManager( 2530): same orientatin win=Window{4182c538 u0 PopupWindow:4135f2d0}
I/ActivityManager( 2530): START u0 {act=android.intent.action.MAIN cat=[android.intent.category.LAUNCHER] flg=0x10200000 cmp=com.netease.qa.orangedemo/.MainActivity} from pid 27826
D/WindowManager( 2530): same orientatin win=Window{418895d0 u0 com.netease.qa.orangedemo/com.netease.qa.orangedemo.EditTextActivity}
I/ActivityManager( 2530): START u0 {act=android.intent.action.MAIN cat=[android.intent.category.LAUNCHER] flg=0x10200000 cmp=com.netease.qa.orangedemo/.MainActivity} from pid 27826
D/WindowManager( 2530): same orientatin win=Window{418428e0 u0 Toast}
D/WindowManager( 2530): same orientatin win=Window{4185e818 u0 PopupWindow:4145a6f0}
W/InputEventReceiver( 2683): Attempted to finish an input event but the input event receiver has already been disposed.
I/dalvikvm(27893): Jit: resizing JitTable from 4096 to 8192
D/dalvikvm(27826): GC_CONCURRENT freed 383K, 92% free 674K/8192K, paused 1ms+1ms, total 10ms
D/WindowManager( 2530): same orientatin win=Window{41865e90 u0 PopupWindow:4145a6f0}
D/MzInputService( 2683): cancelVoiceListening:
D/MzInputService( 2683): hideVoicePopupWindow:
I/ActivityManager( 2530): START u0 {act=android.intent.action.MAIN cat=[android.intent.category.LAUNCHER] flg=0x10200000 cmp=com.netease.qa.orangedemo/.MainActivity} from pid 27826
W/InputEventReceiver( 2683): Attempted to finish an input event but the input event receiver has already been disposed.
D/WindowManager( 2530): same orientatin win=Window{418895d0 u0 com.netease.qa.orangedemo/com.netease.qa.orangedemo.EditTextActivity}
D/WindowManager( 2530): same orientatin win=Window{418895d0 u0 com.netease.qa.orangedemo/com.netease.qa.orangedemo.EditTextActivity}
D/WindowManager( 2530): same orientatin win=Window{41870cd8 u0 Volume control}
I/ActivityManager( 2530): START u0 {act=android.intent.action.MAIN cat=[android.intent.category.LAUNCHER] flg=0x10200000 cmp=com.netease.qa.orangedemo/.MainActivity} from pid 27826
D/WindowManager( 2530): same orientatin win=Window{418895d0 u0 com.netease.qa.orangedemo/com.netease.qa.orangedemo.EditTextActivity}
D/WindowManager( 2530): same orientatin win=Window{41882f30 u0 PopupWindow:4145a6f0}
W/ApplicationContext( 2530): Calling a method in the system process without a qualified user: android.app.ContextImpl.startActivity:1000 com.android.internal.policy.impl.PhoneWindowManager.interceptKeyBeforeDispatching:2481 com.android.server.wm.InputMonitor.interceptKeyBeforeDispatching:382 
W/ApplicationContext( 2530): Calling a method in the system process without a qualified user: android.app.ContextImpl.startActivity:1012 android.app.ContextImpl.startActivity:1001 com.android.internal.policy.impl.PhoneWindowManager.interceptKeyBeforeDispatching:2481 
I/ActivityManager( 2530): START u0 {act=android.intent.action.MAIN cat=[android.intent.category.LAUNCHER] flg=0x10000000 sel={act=android.intent.action.MAIN cat=[android.intent.category.APP_MUSIC]}} from pid 2530
W/WindowManager( 2530): Dropping application launch key because the activity to which it is registered was not found: keyCode=209, category=android.intent.category.APP_MUSIC
W/WindowManager( 2530): android.content.ActivityNotFoundException: No Activity found to handle Intent { act=android.intent.action.MAIN cat=[android.intent.category.LAUNCHER] flg=0x10000000 sel={act=android.intent.action.MAIN cat=[android.intent.category.APP_MUSIC]} }
W/WindowManager( 2530): 	at android.app.Instrumentation.checkStartActivityResult(Instrumentation.java:1690)
W/WindowManager( 2530): 	at android.app.Instrumentation.execStartActivity(Instrumentation.java:1436)
W/WindowManager( 2530): 	at android.app.ContextImpl.startActivity(ContextImpl.java:1019)
W/WindowManager( 2530): 	at android.app.ContextImpl.startActivity(ContextImpl.java:1001)
W/WindowManager( 2530): 	at com.android.internal.policy.impl.PhoneWindowManager.interceptKeyBeforeDispatching(PhoneWindowManager.java:2481)
W/WindowManager( 2530): 	at com.android.server.wm.InputMonitor.interceptKeyBeforeDispatching(InputMonitor.java:382)
W/WindowManager( 2530): 	at com.android.server.input.InputManagerService.interceptKeyBeforeDispatching(InputManagerService.java:1334)
W/WindowManager( 2530): 	at dalvik.system.NativeStart.run(Native Method)
D/WindowManager( 2530): same orientatin win=Window{418891b8 u0 PopupWindow:4145a6f0}
D/WindowManager( 2530): same orientatin win=Window{41891bb0 u0 Volume control}
D/WindowManager( 2530): same orientatin win=Window{418b6378 u0 PopupWindow:4145a7e8}
W/InputEventReceiver( 2683): Attempted to finish an input event but the input event receiver has already been disposed.
D/MzInputService( 2683): cancelVoiceListening:
D/MzInputService( 2683): hideVoicePopupWindow:
D/WindowManager( 2530): same orientatin win=Window{418895d0 u0 com.netease.qa.orangedemo/com.netease.qa.orangedemo.EditTextActivity}
D/WindowManager( 2530): same orientatin win=Window{418a1678 u0 PopupWindow:4145a7e8}
I/ActivityManager( 2530): START u0 {act=android.intent.action.MAIN cat=[android.intent.category.LAUNCHER] flg=0x10200000 cmp=com.netease.qa.orangedemo/.MainActivity} from pid 27826
W/InputEventReceiver( 2683): Attempted to finish an input event but the input event receiver has already been disposed.
D/WindowManager( 2530): same orientatin win=Window{418895d0 u0 com.netease.qa.orangedemo/com.netease.qa.orangedemo.EditTextActivity}
D/WindowManager( 2530): same orientatin win=Window{418191f0 u0 PopupWindow:4145a6f0}
W/InputEventReceiver( 2683): Attempted to finish an input event but the input event receiver has already been disposed.
D/dalvikvm(27826): GC_CONCURRENT freed 389K, 92% free 673K/8192K, paused 2ms+2ms, total 11ms
D/WindowManager( 2530): same orientatin win=Window{428e35e8 u0 PopupWindow:4145a6f0}
I/ActivityManager( 2530): START u0 {act=android.intent.action.MAIN cat=[android.intent.category.LAUNCHER] flg=0x10200000 cmp=com.netease.qa.orangedemo/.MainActivity} from pid 27826
D/MediaButtonIntentReceiver(26899): intentAction:android.intent.action.MEDIA_BUTTON
D/MediaButtonIntentReceiver(26899): keycode 79
D/MediaButtonIntentReceiver(26899): action 0
D/MediaButtonIntentReceiver(26899): start service, instantly=false
D/MediaButtonIntentReceiver(26899): intentAction:android.intent.action.MEDIA_BUTTON
D/MediaButtonIntentReceiver(26899): keycode 79
D/MediaButtonIntentReceiver(26899): action 1
D/WindowManager( 2530): same orientatin win=Window{41918440 u0 PopupWindow:4145a6f0}
D/MzInputService( 2683): cancelVoiceListening:
D/MzInputService( 2683): hideVoicePopupWindow:
D/WindowManager( 2530): same orientatin win=Window{418895d0 u0 com.netease.qa.orangedemo/com.netease.qa.orangedemo.EditTextActivity}
D/WindowManager( 2530): same orientatin win=Window{418895d0 u0 com.netease.qa.orangedemo/com.netease.qa.orangedemo.EditTextActivity}
D/MediaButtonIntentReceiver(26899): excuteCommand 
D/MediaButtonIntentReceiver(26899): send intent Intent { act=com.android.music.musicservicecommand cmp=com.meizu.media.music/.player.PlaybackService (has extras) }
I/PlaybackService(26899): onStartCommand
D/PlaybackService(26899): action: com.android.music.musicservicecommand
D/PlaybackService(26899): command: togglepause
D/PlaybackService(26899): play music of 0/0
D/PlaybackService(26899): initQueue. External database has 0 pieces of music.
D/PreferencesHelper(26899): saveQueue play list size is 0
W/PlaybackService(26899): Can't play music. Play list size is 0
D/WindowManager( 2530): same orientatin win=Window{423b4ea8 u0 Toast}
D/WindowManager( 2530): same orientatin win=Window{4180fb38 u0 Volume control}
D/WindowManager( 2530): same orientatin win=Window{423ae830 u0 PopupWindow:4145a6f0}
D/dalvikvm(27893): GC_CONCURRENT freed 1095K, 28% free 6016K/8300K, paused 2ms+4ms, total 23ms
D/WindowManager( 2530): same orientatin win=Window{415ce4f8 u0 PopupWindow:4145a6f0}
I/ActivityManager( 2530): START u0 {act=android.intent.action.MAIN cat=[android.intent.category.HOME] flg=0x10200000 cmp=com.android.launcher/com.android.launcher2.Launcher (has extras)} from pid 2530
W/InputEventReceiver( 2683): Attempted to finish an input event but the input event receiver has already been disposed.
D/WindowManager( 2530): same orientatin win=Window{418bbfb8 u0 Volume control}
D/WindowManager( 2530): same orientatin win=Window{41802548 u0 PopupWindow:416ad378}
W/InputEventReceiver(27893): Attempted to finish an input event but the input event receiver has already been disposed.
D/dalvikvm(11909): GC_CONCURRENT freed 386K, 93% free 629K/7976K, paused 1ms+1ms, total 8ms
D/dalvikvm(27826): GC_CONCURRENT freed 387K, 92% free 671K/8192K, paused 1ms+1ms, total 9ms
W/ApplicationContext( 2530): Calling a method in the system process without a qualified user: android.app.ContextImpl.startActivity:1000 com.android.internal.policy.impl.PhoneWindowManager.interceptKeyBeforeDispatching:2481 com.android.server.wm.InputMonitor.interceptKeyBeforeDispatching:382 
W/ApplicationContext( 2530): Calling a method in the system process without a qualified user: android.app.ContextImpl.startActivity:1012 android.app.ContextImpl.startActivity:1001 com.android.internal.policy.impl.PhoneWindowManager.interceptKeyBeforeDispatching:2481 
I/ActivityManager( 2530): START u0 {act=android.intent.action.MAIN cat=[android.intent.category.LAUNCHER] flg=0x10000000 cmp=com.android.browser/.BrowserActivity sel={act=android.intent.action.MAIN cat=[android.intent.category.APP_BROWSER]}} from pid 2530
D/WindowManager( 2530): same orientatin win=Window{419c3ec0 u0 PopupWindow:4145a6f0}
W/InputEventReceiver( 2683): Attempted to finish an input event but the input event receiver has already been disposed.
I/ActivityManager( 2530): START u0 {act=android.intent.action.MAIN cat=[android.intent.category.LAUNCHER] flg=0x10200000 cmp=com.netease.qa.orangedemo/.MainActivity} from pid 27826
D/WindowManager( 2530): same orientatin win=Window{422ed7e0 u0 PopupWindow:4145a7e8}
W/ApplicationContext( 2530): Calling a method in the system process without a qualified user: android.app.ContextImpl.startActivity:1000 com.android.internal.policy.impl.PhoneWindowManager.interceptKeyBeforeDispatching:2481 com.android.server.wm.InputMonitor.interceptKeyBeforeDispatching:382 
W/ApplicationContext( 2530): Calling a method in the system process without a qualified user: android.app.ContextImpl.startActivity:1012 android.app.ContextImpl.startActivity:1001 com.android.internal.policy.impl.PhoneWindowManager.interceptKeyBeforeDispatching:2481 
I/ActivityManager( 2530): START u0 {act=android.intent.action.MAIN cat=[android.intent.category.LAUNCHER] flg=0x10000000 cmp=com.android.calculator2/.Calculator sel={act=android.intent.action.MAIN cat=[android.intent.category.APP_CALCULATOR]}} from pid 2530
W/InputEventReceiver( 2683): Attempted to finish an input event but the input event receiver has already been disposed.
D/WindowManager( 2530): same orientatin win=Window{422f9230 u0 Volume control}
D/dalvikvm(26899): GC_CONCURRENT freed 409K, 16% free 3493K/4132K, paused 1ms+2ms, total 23ms
D/WindowManager( 2530): same orientatin win=Window{428857d0 u0 PopupWindow:416ad378}
W/ApplicationContext( 2530): Calling a method in the system process without a qualified user: android.app.ContextImpl.startActivity:1000 com.android.internal.policy.impl.PhoneWindowManager.interceptKeyBeforeDispatching:2481 com.android.server.wm.InputMonitor.interceptKeyBeforeDispatching:382 
W/ApplicationContext( 2530): Calling a method in the system process without a qualified user: android.app.ContextImpl.startActivity:1012 android.app.ContextImpl.startActivity:1001 com.android.internal.policy.impl.PhoneWindowManager.interceptKeyBeforeDispatching:2481 
I/ActivityManager( 2530): START u0 {act=android.intent.action.MAIN cat=[android.intent.category.LAUNCHER] flg=0x10000000 cmp=com.android.browser/.BrowserActivity sel={act=android.intent.action.MAIN cat=[android.intent.category.APP_BROWSER]}} from pid 2530
W/InputEventReceiver(27893): Attempted to finish an input event but the input event receiver has already been disposed.
D/WindowManager( 2530): same orientatin win=Window{41a486a0 u0 PopupWindow:4145a6f0}
W/InputEventReceiver( 2683): Attempted to finish an input event but the input event receiver has already been disposed.
D/WindowManager( 2530): same orientatin win=Window{41612230 u0 PopupWindow:4145a6f0}
W/InputEventReceiver( 2683): Attempted to finish an input event but the input event receiver has already been disposed.
D/WindowManager( 2530): same orientatin win=Window{4240b440 u0 PopupWindow:4145a6f0}
W/InputEventReceiver( 2683): Attempted to finish an input event but the input event receiver has already been disposed.
D/WindowManager( 2530): same orientatin win=Window{41829588 u0 PopupWindow:416ad378}
I/ActivityManager( 2530): START u0 {act=android.intent.action.MAIN cat=[android.intent.category.HOME] flg=0x10200000 cmp=com.android.launcher/com.android.launcher2.Launcher (has extras)} from pid 2530
W/InputEventReceiver(27893): Attempted to finish an input event but the input event receiver has already been disposed.
D/WindowManager( 2530): same orientatin win=Window{4195ffb0 u0 PopupWindow:4145a6f0}
D/MzInputService( 2683): cancelVoiceListening:
D/MzInputService( 2683): hideVoicePopupWindow:
D/WindowManager( 2530): same orientatin win=Window{418895d0 u0 com.netease.qa.orangedemo/com.netease.qa.orangedemo.EditTextActivity}
D/WindowManager( 2530): same orientatin win=Window{418895d0 u0 com.netease.qa.orangedemo/com.netease.qa.orangedemo.EditTextActivity}
D/WindowManager( 2530): same orientatin win=Window{41a205d0 u0 Toast}
D/WindowManager( 2530): same orientatin win=Window{41956288 u0 PopupWindow:416ad378}
D/WindowManager( 2530): same orientatin win=Window{42924308 u0 PopupWindow:4145a7e8}
W/InputEventReceiver( 2683): Attempted to finish an input event but the input event receiver has already been disposed.
D/dalvikvm(27826): GC_CONCURRENT freed 384K, 92% free 673K/8192K, paused 2ms+1ms, total 12ms
D/WindowManager( 2530): same orientatin win=Window{417d7080 u0 PopupWindow:4145a6f0}
W/InputEventReceiver( 2683): Attempted to finish an input event but the input event receiver has already been disposed.
W/InputEventReceiver( 2683): Attempted to finish an input event but the input event receiver has already been disposed.
D/WindowManager( 2530): same orientatin win=Window{41a82400 u0 PopupWindow:4145a6f0}
W/InputEventReceiver( 2683): Attempted to finish an input event but the input event receiver has already been disposed.
D/WindowManager( 2530): same orientatin win=Window{419758e0 u0 PopupWindow:4145a6f0}
W/InputEventReceiver( 2683): Attempted to finish an input event but the input event receiver has already been disposed.
I/ActivityManager( 2530): START u0 {act=android.intent.action.MAIN cat=[android.intent.category.LAUNCHER] flg=0x10200000 cmp=com.netease.qa.orangedemo/.MainActivity} from pid 27826
D/dalvikvm( 2530): GC_EXPLICIT freed 2249K, 35% free 19892K/30560K, paused 6ms+24ms, total 158ms
D/WindowManager( 2530): same orientatin win=Window{41a50290 u0 PopupWindow:4145a6f0}
I/ActivityManager( 2530): START u0 {act=android.intent.action.MAIN cat=[android.intent.category.LAUNCHER] flg=0x10200000 cmp=com.netease.qa.orangedemo/.MainActivity} from pid 27826
V/AlarmManager( 2530): ------->send broadcast count = 1, result = 8, lastNoneElapsedTime = 1425970512182, (1425970585775, 1425969992598), (1425970585775, 1425969992598)
V/AlarmManager( 2530): ===sending mTimeTick alarm, nowRTC = 2015-03-10_14:55:00, nowELAPSED = 518006198, when = 518006198, delay = 0
D/AlarmManager( 2530): <-------send broadcast span time = 5
I/AlarmManager( 2530): triggerElapsed = 518066198, lastTimeTickTime = 518006198, delay(ms) = 4, currentTime = 2015-03-10_14:55:00, mTimeTickCount = 5398
I/StatusBar ClockUpdate?( 9330): onReceive() -- action = android.intent.action.TIME_TICK
I/StatusBar ClockUpdate?( 9330): onReceive() -- action = android.intent.action.TIME_TICK
D/dalvikvm( 2683): GC_CONCURRENT freed 2189K, 20% free 9586K/11964K, paused 2ms+11ms, total 50ms
D/WindowManager( 2530): same orientatin win=Window{411a2348 u0 PopupWindow:4145a7e8}
W/InputEventReceiver( 2683): Attempted to finish an input event but the input event receiver has already been disposed.
I/ActivityManager( 2530): START u0 {act=android.intent.action.MAIN cat=[android.intent.category.LAUNCHER] flg=0x10200000 cmp=com.netease.qa.orangedemo/.MainActivity} from pid 27826
D/WindowManager( 2530): same orientatin win=Window{415c1678 u0 PopupWindow:4145a6f0}
W/InputEventReceiver( 2683): Attempted to finish an input event but the input event receiver has already been disposed.
D/WindowManager( 2530): same orientatin win=Window{417c0ab0 u0 PopupWindow:4145a6f0}
D/MzInputService( 2683): cancelVoiceListening:
D/MzInputService( 2683): hideVoicePopupWindow:
W/InputEventReceiver( 2683): Attempted to finish an input event but the input event receiver has already been disposed.
D/WindowManager( 2530): same orientatin win=Window{418895d0 u0 com.netease.qa.orangedemo/com.netease.qa.orangedemo.EditTextActivity}
D/WindowManager( 2530): same orientatin win=Window{418895d0 u0 com.netease.qa.orangedemo/com.netease.qa.orangedemo.EditTextActivity}
D/MediaButtonIntentReceiver(26899): intentAction:android.intent.action.MEDIA_BUTTON
D/MediaButtonIntentReceiver(26899): keycode 86
D/MediaButtonIntentReceiver(26899): action 0
D/MediaButtonIntentReceiver(26899): start service, instantly=true
I/PlaybackService(26899): onStartCommand
D/PlaybackService(26899): action: com.android.music.musicservicecommand
D/PlaybackService(26899): command: stop
D/PreferencesHelper(26899): reloadPlayingListQueue play list size is 0
D/PlaybackService(26899): initQueue. External database has 0 pieces of music.
D/PreferencesHelper(26899): saveQueue play list size is 0
D/MediaButtonIntentReceiver(26899): intentAction:android.intent.action.MEDIA_BUTTON
D/MediaButtonIntentReceiver(26899): keycode 86
D/MediaButtonIntentReceiver(26899): action 1
D/WindowManager( 2530): same orientatin win=Window{417fb790 u0 PopupWindow:4145a6f0}
I/ActivityManager( 2530): START u0 {act=android.intent.action.MAIN cat=[android.intent.category.HOME] flg=0x10200000 cmp=com.android.launcher/com.android.launcher2.Launcher (has extras)} from pid 2530
W/InputEventReceiver( 2683): Attempted to finish an input event but the input event receiver has already been disposed.
D/WindowManager( 2530): same orientatin win=Window{418a73b0 u0 PopupWindow:4145a6f0}
W/InputEventReceiver( 2683): Attempted to finish an input event but the input event receiver has already been disposed.
